Archive member included to satisfy reference by file (symbol)

c:/st/stm32cubeide_1.4.0/stm32cubeide/plugins/com.st.stm32cube.ide.mcu.externaltools.gnu-tools-for-stm32.9-2020-q2-update.win32_1.5.0.202011040924/tools/bin/../lib/gcc/arm-none-eabi/9.3.1/../../../../arm-none-eabi/lib/thumb/v7-m/nofp\libc_nano.a(lib_a-errno.o)
                              Core/Src/syscalls.o (__errno)
c:/st/stm32cubeide_1.4.0/stm32cubeide/plugins/com.st.stm32cube.ide.mcu.externaltools.gnu-tools-for-stm32.9-2020-q2-update.win32_1.5.0.202011040924/tools/bin/../lib/gcc/arm-none-eabi/9.3.1/../../../../arm-none-eabi/lib/thumb/v7-m/nofp\libc_nano.a(lib_a-exit.o)
                              c:/st/stm32cubeide_1.4.0/stm32cubeide/plugins/com.st.stm32cube.ide.mcu.externaltools.gnu-tools-for-stm32.9-2020-q2-update.win32_1.5.0.202011040924/tools/bin/../lib/gcc/arm-none-eabi/9.3.1/../../../../arm-none-eabi/lib/thumb/v7-m/nofp/crt0.o (exit)
c:/st/stm32cubeide_1.4.0/stm32cubeide/plugins/com.st.stm32cube.ide.mcu.externaltools.gnu-tools-for-stm32.9-2020-q2-update.win32_1.5.0.202011040924/tools/bin/../lib/gcc/arm-none-eabi/9.3.1/../../../../arm-none-eabi/lib/thumb/v7-m/nofp\libc_nano.a(lib_a-impure.o)
                              c:/st/stm32cubeide_1.4.0/stm32cubeide/plugins/com.st.stm32cube.ide.mcu.externaltools.gnu-tools-for-stm32.9-2020-q2-update.win32_1.5.0.202011040924/tools/bin/../lib/gcc/arm-none-eabi/9.3.1/../../../../arm-none-eabi/lib/thumb/v7-m/nofp\libc_nano.a(lib_a-exit.o) (_global_impure_ptr)
c:/st/stm32cubeide_1.4.0/stm32cubeide/plugins/com.st.stm32cube.ide.mcu.externaltools.gnu-tools-for-stm32.9-2020-q2-update.win32_1.5.0.202011040924/tools/bin/../lib/gcc/arm-none-eabi/9.3.1/../../../../arm-none-eabi/lib/thumb/v7-m/nofp\libc_nano.a(lib_a-init.o)
                              c:/st/stm32cubeide_1.4.0/stm32cubeide/plugins/com.st.stm32cube.ide.mcu.externaltools.gnu-tools-for-stm32.9-2020-q2-update.win32_1.5.0.202011040924/tools/bin/../lib/gcc/arm-none-eabi/9.3.1/../../../../arm-none-eabi/lib/thumb/v7-m/nofp/crt0.o (__libc_init_array)
c:/st/stm32cubeide_1.4.0/stm32cubeide/plugins/com.st.stm32cube.ide.mcu.externaltools.gnu-tools-for-stm32.9-2020-q2-update.win32_1.5.0.202011040924/tools/bin/../lib/gcc/arm-none-eabi/9.3.1/../../../../arm-none-eabi/lib/thumb/v7-m/nofp\libc_nano.a(lib_a-memset.o)
                              c:/st/stm32cubeide_1.4.0/stm32cubeide/plugins/com.st.stm32cube.ide.mcu.externaltools.gnu-tools-for-stm32.9-2020-q2-update.win32_1.5.0.202011040924/tools/bin/../lib/gcc/arm-none-eabi/9.3.1/../../../../arm-none-eabi/lib/thumb/v7-m/nofp/crt0.o (memset)
c:/st/stm32cubeide_1.4.0/stm32cubeide/plugins/com.st.stm32cube.ide.mcu.externaltools.gnu-tools-for-stm32.9-2020-q2-update.win32_1.5.0.202011040924/tools/bin/../lib/gcc/arm-none-eabi/9.3.1/../../../../arm-none-eabi/lib/thumb/v7-m/nofp\libc_nano.a(lib_a-sprintf.o)
                              Core/Src/main.o (sprintf)
c:/st/stm32cubeide_1.4.0/stm32cubeide/plugins/com.st.stm32cube.ide.mcu.externaltools.gnu-tools-for-stm32.9-2020-q2-update.win32_1.5.0.202011040924/tools/bin/../lib/gcc/arm-none-eabi/9.3.1/../../../../arm-none-eabi/lib/thumb/v7-m/nofp\libc_nano.a(lib_a-strlen.o)
                              Core/Src/main.o (strlen)
c:/st/stm32cubeide_1.4.0/stm32cubeide/plugins/com.st.stm32cube.ide.mcu.externaltools.gnu-tools-for-stm32.9-2020-q2-update.win32_1.5.0.202011040924/tools/bin/../lib/gcc/arm-none-eabi/9.3.1/../../../../arm-none-eabi/lib/thumb/v7-m/nofp\libc_nano.a(lib_a-nano-svfprintf.o)
                              c:/st/stm32cubeide_1.4.0/stm32cubeide/plugins/com.st.stm32cube.ide.mcu.externaltools.gnu-tools-for-stm32.9-2020-q2-update.win32_1.5.0.202011040924/tools/bin/../lib/gcc/arm-none-eabi/9.3.1/../../../../arm-none-eabi/lib/thumb/v7-m/nofp\libc_nano.a(lib_a-sprintf.o) (_svfprintf_r)
c:/st/stm32cubeide_1.4.0/stm32cubeide/plugins/com.st.stm32cube.ide.mcu.externaltools.gnu-tools-for-stm32.9-2020-q2-update.win32_1.5.0.202011040924/tools/bin/../lib/gcc/arm-none-eabi/9.3.1/../../../../arm-none-eabi/lib/thumb/v7-m/nofp\libc_nano.a(lib_a-nano-vfprintf_i.o)
                              c:/st/stm32cubeide_1.4.0/stm32cubeide/plugins/com.st.stm32cube.ide.mcu.externaltools.gnu-tools-for-stm32.9-2020-q2-update.win32_1.5.0.202011040924/tools/bin/../lib/gcc/arm-none-eabi/9.3.1/../../../../arm-none-eabi/lib/thumb/v7-m/nofp\libc_nano.a(lib_a-nano-svfprintf.o) (_printf_i)
c:/st/stm32cubeide_1.4.0/stm32cubeide/plugins/com.st.stm32cube.ide.mcu.externaltools.gnu-tools-for-stm32.9-2020-q2-update.win32_1.5.0.202011040924/tools/bin/../lib/gcc/arm-none-eabi/9.3.1/../../../../arm-none-eabi/lib/thumb/v7-m/nofp\libc_nano.a(lib_a-memchr-stub.o)
                              c:/st/stm32cubeide_1.4.0/stm32cubeide/plugins/com.st.stm32cube.ide.mcu.externaltools.gnu-tools-for-stm32.9-2020-q2-update.win32_1.5.0.202011040924/tools/bin/../lib/gcc/arm-none-eabi/9.3.1/../../../../arm-none-eabi/lib/thumb/v7-m/nofp\libc_nano.a(lib_a-nano-svfprintf.o) (memchr)
[...]
Memory Configuration

Name             Origin             Length             Attributes
RAM              0x0000000020000000 0x0000000000005000 xrw
FLASH            0x0000000008000000 0x0000000000010000 xr
*default*        0x0000000000000000 0xffffffffffffffff

Linker script and memory map

LOAD c:/st/stm32cubeide_1.4.0/stm32cubeide/plugins/com.st.stm32cube.ide.mcu.externaltools.gnu-tools-for-stm32.9-2020-q2-update.win32_1.5.0.202011040924/tools/bin/../lib/gcc/arm-none-eabi/9.3.1/thumb/v7-m/nofp/crti.o
LOAD c:/st/stm32cubeide_1.4.0/stm32cubeide/plugins/com.st.stm32cube.ide.mcu.externaltools.gnu-tools-for-stm32.9-2020-q2-update.win32_1.5.0.202011040924/tools/bin/../lib/gcc/arm-none-eabi/9.3.1/thumb/v7-m/nofp/crtbegin.o
LOAD c:/st/stm32cubeide_1.4.0/stm32cubeide/plugins/com.st.stm32cube.ide.mcu.externaltools.gnu-tools-for-stm32.9-2020-q2-update.win32_1.5.0.202011040924/tools/bin/../lib/gcc/arm-none-eabi/9.3.1/../../../../arm-none-eabi/lib/thumb/v7-m/nofp/crt0.o
LOAD Core/Src/gpio.o
LOAD Core/Src/main.o
LOAD Core/Src/max7219.o
LOAD Core/Src/rtc.o
LOAD Core/Src/spi.o
LOAD Core/Src/stm32f1xx_hal_msp.o
LOAD Core/Src/stm32f1xx_it.o
LOAD Core/Src/syscalls.o
LOAD Core/Src/sysmem.o
LOAD Core/Src/system_stm32f1xx.o
LOAD Core/Src/tim.o
LOAD Core/Src/usart.o
LOAD Core/Startup/startup_stm32f103c8tx.o
LOAD Drivers/STM32F1xx_HAL_Driver/Src/stm32f1xx_hal.o
LOAD Drivers/STM32F1xx_HAL_Driver/Src/stm32f1xx_hal_cortex.o
LOAD Drivers/STM32F1xx_HAL_Driver/Src/stm32f1xx_hal_dma.o
LOAD Drivers/STM32F1xx_HAL_Driver/Src/stm32f1xx_hal_exti.o
LOAD Drivers/STM32F1xx_HAL_Driver/Src/stm32f1xx_hal_flash.o
LOAD Drivers/STM32F1xx_HAL_Driver/Src/stm32f1xx_hal_flash_ex.o
LOAD Drivers/STM32F1xx_HAL_Driver/Src/stm32f1xx_hal_gpio.o
LOAD Drivers/STM32F1xx_HAL_Driver/Src/stm32f1xx_hal_gpio_ex.o
LOAD Drivers/STM32F1xx_HAL_Driver/Src/stm32f1xx_hal_pwr.o
LOAD Drivers/STM32F1xx_HAL_Driver/Src/stm32f1xx_hal_rcc.o
LOAD Drivers/STM32F1xx_HAL_Driver/Src/stm32f1xx_hal_rcc_ex.o
LOAD Drivers/STM32F1xx_HAL_Driver/Src/stm32f1xx_hal_rtc.o
LOAD Drivers/STM32F1xx_HAL_Driver/Src/stm32f1xx_hal_rtc_ex.o
LOAD Drivers/STM32F1xx_HAL_Driver/Src/stm32f1xx_hal_spi.o
LOAD Drivers/STM32F1xx_HAL_Driver/Src/stm32f1xx_hal_tim.o
LOAD Drivers/STM32F1xx_HAL_Driver/Src/stm32f1xx_hal_tim_ex.o
LOAD Drivers/STM32F1xx_HAL_Driver/Src/stm32f1xx_hal_uart.o
START GROUP
LOAD c:/st/stm32cubeide_1.4.0/stm32cubeide/plugins/com.st.stm32cube.ide.mcu.externaltools.gnu-tools-for-stm32.9-2020-q2-update.win32_1.5.0.202011040924/tools/bin/../lib/gcc/arm-none-eabi/9.3.1/../../../../arm-none-eabi/lib/thumb/v7-m/nofp\libc_nano.a
LOAD c:/st/stm32cubeide_1.4.0/stm32cubeide/plugins/com.st.stm32cube.ide.mcu.externaltools.gnu-tools-for-stm32.9-2020-q2-update.win32_1.5.0.202011040924/tools/bin/../lib/gcc/arm-none-eabi/9.3.1/../../../../arm-none-eabi/lib/thumb/v7-m/nofp\libm.a
END GROUP
START GROUP
LOAD c:/st/stm32cubeide_1.4.0/stm32cubeide/plugins/com.st.stm32cube.ide.mcu.externaltools.gnu-tools-for-stm32.9-2020-q2-update.win32_1.5.0.202011040924/tools/bin/../lib/gcc/arm-none-eabi/9.3.1/thumb/v7-m/nofp\libgcc.a
LOAD c:/st/stm32cubeide_1.4.0/stm32cubeide/plugins/com.st.stm32cube.ide.mcu.externaltools.gnu-tools-for-stm32.9-2020-q2-update.win32_1.5.0.202011040924/tools/bin/../lib/gcc/arm-none-eabi/9.3.1/../../../../arm-none-eabi/lib/thumb/v7-m/nofp\libc_nano.a
END GROUP
START GROUP
LOAD c:/st/stm32cubeide_1.4.0/stm32cubeide/plugins/com.st.stm32cube.ide.mcu.externaltools.gnu-tools-for-stm32.9-2020-q2-update.win32_1.5.0.202011040924/tools/bin/../lib/gcc/arm-none-eabi/9.3.1/thumb/v7-m/nofp\libgcc.a
LOAD c:/st/stm32cubeide_1.4.0/stm32cubeide/plugins/com.st.stm32cube.ide.mcu.externaltools.gnu-tools-for-stm32.9-2020-q2-update.win32_1.5.0.202011040924/tools/bin/../lib/gcc/arm-none-eabi/9.3.1/../../../../arm-none-eabi/lib/thumb/v7-m/nofp\libc_nano.a
LOAD c:/st/stm32cubeide_1.4.0/stm32cubeide/plugins/com.st.stm32cube.ide.mcu.externaltools.gnu-tools-for-stm32.9-2020-q2-update.win32_1.5.0.202011040924/tools/bin/../lib/gcc/arm-none-eabi/9.3.1/../../../../arm-none-eabi/lib/thumb/v7-m/nofp\libnosys.a
END GROUP
START GROUP
LOAD c:/st/stm32cubeide_1.4.0/stm32cubeide/plugins/com.st.stm32cube.ide.mcu.externaltools.gnu-tools-for-stm32.9-2020-q2-update.win32_1.5.0.202011040924/tools/bin/../lib/gcc/arm-none-eabi/9.3.1/thumb/v7-m/nofp\libgcc.a
LOAD c:/st/stm32cubeide_1.4.0/stm32cubeide/plugins/com.st.stm32cube.ide.mcu.externaltools.gnu-tools-for-stm32.9-2020-q2-update.win32_1.5.0.202011040924/tools/bin/../lib/gcc/arm-none-eabi/9.3.1/../../../../arm-none-eabi/lib/thumb/v7-m/nofp\libc_nano.a
LOAD c:/st/stm32cubeide_1.4.0/stm32cubeide/plugins/com.st.stm32cube.ide.mcu.externaltools.gnu-tools-for-stm32.9-2020-q2-update.win32_1.5.0.202011040924/tools/bin/../lib/gcc/arm-none-eabi/9.3.1/../../../../arm-none-eabi/lib/thumb/v7-m/nofp\libnosys.a
END GROUP
LOAD c:/st/stm32cubeide_1.4.0/stm32cubeide/plugins/com.st.stm32cube.ide.mcu.externaltools.gnu-tools-for-stm32.9-2020-q2-update.win32_1.5.0.202011040924/tools/bin/../lib/gcc/arm-none-eabi/9.3.1/thumb/v7-m/nofp/crtend.o
LOAD c:/st/stm32cubeide_1.4.0/stm32cubeide/plugins/com.st.stm32cube.ide.mcu.externaltools.gnu-tools-for-stm32.9-2020-q2-update.win32_1.5.0.202011040924/tools/bin/../lib/gcc/arm-none-eabi/9.3.1/thumb/v7-m/nofp/crtn.o
                0x0000000020005000                _estack = (ORIGIN (RAM) + LENGTH (RAM))
                0x0000000000000200                _Min_Heap_Size = 0x200
                0x0000000000000400                _Min_Stack_Size = 0x400

.isr_vector     0x0000000008000000      0x10c
                0x0000000008000000                . = ALIGN (0x4)
 *(.isr_vector)
 .isr_vector    0x0000000008000000      0x10c Core/Startup/startup_stm32f103c8tx.o
                0x0000000008000000                g_pfnVectors
                0x000000000800010c                . = ALIGN (0x4)

.text           0x000000000800010c     0x6534
                0x000000000800010c                . = ALIGN (0x4)
 *(.text)
 .text          0x000000000800010c       0x40 c:/st/stm32cubeide_1.4.0/stm32cubeide/plugins/com.st.stm32cube.ide.mcu.externaltools.gnu-tools-for-stm32.9-2020-q2-update.win32_1.5.0.202011040924/tools/bin/../lib/gcc/arm-none-eabi/9.3.1/thumb/v7-m/nofp/crtbegin.o
 .text          0x000000000800014c       0x10 c:/st/stm32cubeide_1.4.0/stm32cubeide/plugins/com.st.stm32cube.ide.mcu.externaltools.gnu-tools-for-stm32.9-2020-q2-update.win32_1.5.0.202011040924/tools/bin/../lib/gcc/arm-none-eabi/9.3.1/../../../../arm-none-eabi/lib/thumb/v7-m/nofp\libc_nano.a(lib_a-strlen.o)
                0x000000000800014c                strlen
 *(.text*)
 .text.MX_GPIO_Init
                0x000000000800015c      0x1a0 Core/Src/gpio.o
                0x000000000800015c                MX_GPIO_Init
 .text.main     0x00000000080002fc      0x128 Core/Src/main.o
                0x00000000080002fc                main
 .text.SystemClock_Config
                0x0000000008000424       0xba Core/Src/main.o
                0x0000000008000424                SystemClock_Config
 *fill*         0x00000000080004de        0x2 
 .text.read_settings_from_eeprom
                0x00000000080004e0      0x264 Core/Src/main.o
                0x00000000080004e0                read_settings_from_eeprom
 .text.reset_all_output
                0x0000000008000744       0x54 Core/Src/main.o
                0x0000000008000744                reset_all_output
 .text.set_output_to
                0x0000000008000798       0x88 Core/Src/main.o
                0x0000000008000798                set_output_to
 .text.segment_display_int
                0x0000000008000820       0x46 Core/Src/main.o
                0x0000000008000820                segment_display_int
 .text.segment_display_function_settings
                0x0000000008000866       0x4c Core/Src/main.o
                0x0000000008000866                segment_display_function_settings
 *fill*         0x00000000080008b2        0x2 
 .text.segment_display_standby
                0x00000000080008b4      0x1a4 Core/Src/main.o
                0x00000000080008b4                segment_display_standby
 .text.iot_send_inserted_credit
                0x0000000008000a58       0x74 Core/Src/main.o
                0x0000000008000a58                iot_send_inserted_credit
 .text.iot_send_mode
                0x0000000008000acc       0x74 Core/Src/main.o
                0x0000000008000acc                iot_send_mode
 .text.iot_send_status
                0x0000000008000b40       0x60 Core/Src/main.o
                0x0000000008000b40                iot_send_status
 .text.HAL_TIM_PeriodElapsedCallback
                0x0000000008000ba0      0x3f8 Core/Src/main.o
                0x0000000008000ba0                HAL_TIM_PeriodElapsedCallback
 .text.disable_all_exti_it
                0x0000000008000f98       0x20 Core/Src/main.o
                0x0000000008000f98                disable_all_exti_it
 .text.enable_all_exti_it
                0x0000000008000fb8       0x38 Core/Src/main.o
                0x0000000008000fb8                enable_all_exti_it
 .text.HAL_GPIO_EXTI_Callback
                0x0000000008000ff0      0x410 Core/Src/main.o
                0x0000000008000ff0                HAL_GPIO_EXTI_Callback
 .text.eeprom_write
                0x0000000008001400       0x98 Core/Src/main.o
                0x0000000008001400                eeprom_write
 .text.set_add_duration_of_function
                0x0000000008001498      0x130 Core/Src/main.o
                0x0000000008001498                set_add_duration_of_function
 .text.set_substract_duration_of_function
                0x00000000080015c8      0x130 Core/Src/main.o
                0x00000000080015c8                set_substract_duration_of_function
 .text.add_coin_credit
                0x00000000080016f8      0x118 Core/Src/main.o
                0x00000000080016f8                add_coin_credit
 .text.add_bank_note_credit
                0x0000000008001810      0x148 Core/Src/main.o
                0x0000000008001810                add_bank_note_credit
 .text.logic_runner
                0x0000000008001958      0x168 Core/Src/main.o
                0x0000000008001958                logic_runner
 .text.serial_display_credit
                0x0000000008001ac0       0x44 Core/Src/main.o
                0x0000000008001ac0                serial_display_credit
 .text.stop_and_clear_tim1
                0x0000000008001b04       0x24 Core/Src/main.o
                0x0000000008001b04                stop_and_clear_tim1
 .text.HAL_TIM_IC_CaptureCallback
                0x0000000008001b28      0x348 Core/Src/main.o
                0x0000000008001b28                HAL_TIM_IC_CaptureCallback
 .text.Error_Handler
                0x0000000008001e70        0xc Core/Src/main.o
                0x0000000008001e70                Error_Handler
 .text.max7219_Init
                0x0000000008001e7c       0x32 Core/Src/max7219.o
                0x0000000008001e7c                max7219_Init
 .text.max7219_SetIntensivity
                0x0000000008001eae       0x24 Core/Src/max7219.o
                0x0000000008001eae                max7219_SetIntensivity
 .text.max7219_DisableDisplayTest
                0x0000000008001ed2       0x10 Core/Src/max7219.o
                0x0000000008001ed2                max7219_DisableDisplayTest
 *fill*         0x0000000008001ee2        0x2 
 .text.max7219_Clean
                0x0000000008001ee4       0x48 Core/Src/max7219.o
                0x0000000008001ee4                max7219_Clean
 .text.max7219_SendData
                0x0000000008001f2c       0x54 Core/Src/max7219.o
                0x0000000008001f2c                max7219_SendData
 .text.max7219_Turn_On
                0x0000000008001f80       0x14 Core/Src/max7219.o
                0x0000000008001f80                max7219_Turn_On
 .text.max7219_Turn_Off
                0x0000000008001f94       0x14 Core/Src/max7219.o
                0x0000000008001f94                max7219_Turn_Off
 .text.max7219_Decode_On
                0x0000000008001fa8       0x20 Core/Src/max7219.o
                0x0000000008001fa8                max7219_Decode_On
 .text.max7219_PrintDigit
                0x0000000008001fc8       0xb4 Core/Src/max7219.o
                0x0000000008001fc8                max7219_PrintDigit
 .text.max7219_PrintItos
                0x000000000800207c       0xf4 Core/Src/max7219.o
                0x000000000800207c                max7219_PrintItos
 .text.getSymbol
                0x0000000008002170       0x20 Core/Src/max7219.o
 .text.MX_RTC_Init
                0x0000000008002190       0x94 Core/Src/rtc.o
                0x0000000008002190                MX_RTC_Init
 .text.HAL_RTC_MspInit
                0x0000000008002224       0x48 Core/Src/rtc.o
                0x0000000008002224                HAL_RTC_MspInit
 .text.MX_SPI2_Init
                0x000000000800226c       0x6c Core/Src/spi.o
                0x000000000800226c                MX_SPI2_Init
 .text.HAL_SPI_MspInit
                0x00000000080022d8       0x80 Core/Src/spi.o
                0x00000000080022d8                HAL_SPI_MspInit
 .text.HAL_MspInit
                0x0000000008002358       0xac Core/Src/stm32f1xx_hal_msp.o
                0x0000000008002358                HAL_MspInit
 .text.NMI_Handler
                0x0000000008002404        0xc Core/Src/stm32f1xx_it.o
                0x0000000008002404                NMI_Handler
 .text.HardFault_Handler
                0x0000000008002410        0x6 Core/Src/stm32f1xx_it.o
                0x0000000008002410                HardFault_Handler
 .text.MemManage_Handler
                0x0000000008002416        0x6 Core/Src/stm32f1xx_it.o
                0x0000000008002416                MemManage_Handler
 .text.BusFault_Handler
                0x000000000800241c        0x6 Core/Src/stm32f1xx_it.o
                0x000000000800241c                BusFault_Handler
 .text.UsageFault_Handler
                0x0000000008002422        0x6 Core/Src/stm32f1xx_it.o
                0x0000000008002422                UsageFault_Handler
 .text.SVC_Handler
                0x0000000008002428        0xc Core/Src/stm32f1xx_it.o
                0x0000000008002428                SVC_Handler
 .text.DebugMon_Handler
                0x0000000008002434        0xc Core/Src/stm32f1xx_it.o
                0x0000000008002434                DebugMon_Handler
 .text.PendSV_Handler
                0x0000000008002440        0xc Core/Src/stm32f1xx_it.o
                0x0000000008002440                PendSV_Handler
 .text.SysTick_Handler
                0x000000000800244c        0xc Core/Src/stm32f1xx_it.o
                0x000000000800244c                SysTick_Handler
 .text.EXTI2_IRQHandler
                0x0000000008002458        0xe Core/Src/stm32f1xx_it.o
                0x0000000008002458                EXTI2_IRQHandler
 .text.EXTI3_IRQHandler
                0x0000000008002466        0xe Core/Src/stm32f1xx_it.o
                0x0000000008002466                EXTI3_IRQHandler
 .text.EXTI4_IRQHandler
                0x0000000008002474        0xe Core/Src/stm32f1xx_it.o
                0x0000000008002474                EXTI4_IRQHandler
 .text.EXTI9_5_IRQHandler
                0x0000000008002482       0x1a Core/Src/stm32f1xx_it.o
                0x0000000008002482                EXTI9_5_IRQHandler
 .text.TIM1_UP_IRQHandler
                0x000000000800249c       0x14 Core/Src/stm32f1xx_it.o
                0x000000000800249c                TIM1_UP_IRQHandler
 .text.TIM2_IRQHandler
                0x00000000080024b0       0x14 Core/Src/stm32f1xx_it.o
                0x00000000080024b0                TIM2_IRQHandler
 .text.TIM3_IRQHandler
                0x00000000080024c4       0x14 Core/Src/stm32f1xx_it.o
                0x00000000080024c4                TIM3_IRQHandler
 .text.TIM4_IRQHandler
                0x00000000080024d8       0x14 Core/Src/stm32f1xx_it.o
                0x00000000080024d8                TIM4_IRQHandler
 .text._sbrk    0x00000000080024ec       0x6c Core/Src/sysmem.o
                0x00000000080024ec                _sbrk
 .text.SystemInit
                0x0000000008002558        0xc Core/Src/system_stm32f1xx.o
                0x0000000008002558                SystemInit
 .text.MX_TIM1_Init
                0x0000000008002564       0xa4 Core/Src/tim.o
                0x0000000008002564                MX_TIM1_Init
 .text.MX_TIM2_Init
                0x0000000008002608       0x98 Core/Src/tim.o
                0x0000000008002608                MX_TIM2_Init
 .text.MX_TIM3_Init
                0x00000000080026a0       0xf8 Core/Src/tim.o
                0x00000000080026a0                MX_TIM3_Init
 .text.MX_TIM4_Init
                0x0000000008002798       0x9c Core/Src/tim.o
                0x0000000008002798                MX_TIM4_Init
 .text.HAL_TIM_Base_MspInit
                0x0000000008002834      0x158 Core/Src/tim.o
                0x0000000008002834                HAL_TIM_Base_MspInit
 .text.MX_USART1_UART_Init
                0x000000000800298c       0x54 Core/Src/usart.o
                0x000000000800298c                MX_USART1_UART_Init
 .text.MX_USART3_UART_Init
                0x00000000080029e0       0x54 Core/Src/usart.o
                0x00000000080029e0                MX_USART3_UART_Init
 .text.HAL_UART_MspInit
                0x0000000008002a34      0x110 Core/Src/usart.o
                0x0000000008002a34                HAL_UART_MspInit
 .text.Reset_Handler
                0x0000000008002b44       0x48 Core/Startup/startup_stm32f103c8tx.o
                0x0000000008002b44                Reset_Handler
 .text.Default_Handler
                0x0000000008002b8c        0x2 Core/Startup/startup_stm32f103c8tx.o
                0x0000000008002b8c                RTC_Alarm_IRQHandler
                0x0000000008002b8c                TIM1_CC_IRQHandler
                0x0000000008002b8c                PVD_IRQHandler
                0x0000000008002b8c                EXTI0_IRQHandler
                0x0000000008002b8c                I2C2_EV_IRQHandler
                0x0000000008002b8c                ADC1_2_IRQHandler
                0x0000000008002b8c                SPI1_IRQHandler
                0x0000000008002b8c                TAMPER_IRQHandler
                0x0000000008002b8c                DMA1_Channel4_IRQHandler
                0x0000000008002b8c                USART3_IRQHandler
                0x0000000008002b8c                RTC_IRQHandler
                0x0000000008002b8c                DMA1_Channel7_IRQHandler
                0x0000000008002b8c                CAN1_RX1_IRQHandler
                0x0000000008002b8c                I2C1_EV_IRQHandler
                0x0000000008002b8c                DMA1_Channel6_IRQHandler
                0x0000000008002b8c                RCC_IRQHandler
                0x0000000008002b8c                TIM1_TRG_COM_IRQHandler
                0x0000000008002b8c                DMA1_Channel1_IRQHandler
                0x0000000008002b8c                Default_Handler
                0x0000000008002b8c                EXTI15_10_IRQHandler
                0x0000000008002b8c                SPI2_IRQHandler
                0x0000000008002b8c                DMA1_Channel5_IRQHandler
                0x0000000008002b8c                USB_LP_CAN1_RX0_IRQHandler
                0x0000000008002b8c                USB_HP_CAN1_TX_IRQHandler
                0x0000000008002b8c                DMA1_Channel3_IRQHandler
                0x0000000008002b8c                WWDG_IRQHandler
                0x0000000008002b8c                TIM1_BRK_IRQHandler
                0x0000000008002b8c                EXTI1_IRQHandler
                0x0000000008002b8c                USART2_IRQHandler
                0x0000000008002b8c                I2C2_ER_IRQHandler
                0x0000000008002b8c                DMA1_Channel2_IRQHandler
                0x0000000008002b8c                CAN1_SCE_IRQHandler
                0x0000000008002b8c                FLASH_IRQHandler
                0x0000000008002b8c                USART1_IRQHandler
                0x0000000008002b8c                I2C1_ER_IRQHandler
                0x0000000008002b8c                USBWakeUp_IRQHandler
 *fill*         0x0000000008002b8e        0x2 
 .text.HAL_Init
                0x0000000008002b90       0x2c Drivers/STM32F1xx_HAL_Driver/Src/stm32f1xx_hal.o
                0x0000000008002b90                HAL_Init
 .text.HAL_InitTick
                0x0000000008002bbc       0x60 Drivers/STM32F1xx_HAL_Driver/Src/stm32f1xx_hal.o
                0x0000000008002bbc                HAL_InitTick
 .text.HAL_IncTick
                0x0000000008002c1c       0x24 Drivers/STM32F1xx_HAL_Driver/Src/stm32f1xx_hal.o
                0x0000000008002c1c                HAL_IncTick
 .text.HAL_GetTick
                0x0000000008002c40       0x14 Drivers/STM32F1xx_HAL_Driver/Src/stm32f1xx_hal.o
                0x0000000008002c40                HAL_GetTick
 .text.HAL_Delay
                0x0000000008002c54       0x48 Drivers/STM32F1xx_HAL_Driver/Src/stm32f1xx_hal.o
                0x0000000008002c54                HAL_Delay
 .text.HAL_GetREVID
                0x0000000008002c9c       0x18 Drivers/STM32F1xx_HAL_Driver/Src/stm32f1xx_hal.o
                0x0000000008002c9c                HAL_GetREVID
 .text.HAL_GetDEVID
                0x0000000008002cb4       0x18 Drivers/STM32F1xx_HAL_Driver/Src/stm32f1xx_hal.o
                0x0000000008002cb4                HAL_GetDEVID
 .text.__NVIC_SetPriorityGrouping
                0x0000000008002ccc       0x48 Drivers/STM32F1xx_HAL_Driver/Src/stm32f1xx_hal_cortex.o
 .text.__NVIC_GetPriorityGrouping
                0x0000000008002d14       0x1c Drivers/STM32F1xx_HAL_Driver/Src/stm32f1xx_hal_cortex.o
 .text.__NVIC_EnableIRQ
                0x0000000008002d30       0x38 Drivers/STM32F1xx_HAL_Driver/Src/stm32f1xx_hal_cortex.o
 .text.__NVIC_DisableIRQ
                0x0000000008002d68       0x48 Drivers/STM32F1xx_HAL_Driver/Src/stm32f1xx_hal_cortex.o
 .text.__NVIC_ClearPendingIRQ
                0x0000000008002db0       0x3c Drivers/STM32F1xx_HAL_Driver/Src/stm32f1xx_hal_cortex.o
 .text.__NVIC_SetPriority
                0x0000000008002dec       0x54 Drivers/STM32F1xx_HAL_Driver/Src/stm32f1xx_hal_cortex.o
 .text.NVIC_EncodePriority
                0x0000000008002e40       0x64 Drivers/STM32F1xx_HAL_Driver/Src/stm32f1xx_hal_cortex.o
 .text.SysTick_Config
                0x0000000008002ea4       0x44 Drivers/STM32F1xx_HAL_Driver/Src/stm32f1xx_hal_cortex.o
 .text.HAL_NVIC_SetPriorityGrouping
                0x0000000008002ee8       0x16 Drivers/STM32F1xx_HAL_Driver/Src/stm32f1xx_hal_cortex.o
                0x0000000008002ee8                HAL_NVIC_SetPriorityGrouping
 .text.HAL_NVIC_SetPriority
                0x0000000008002efe       0x38 Drivers/STM32F1xx_HAL_Driver/Src/stm32f1xx_hal_cortex.o
                0x0000000008002efe                HAL_NVIC_SetPriority
 .text.HAL_NVIC_EnableIRQ
                0x0000000008002f36       0x1c Drivers/STM32F1xx_HAL_Driver/Src/stm32f1xx_hal_cortex.o
                0x0000000008002f36                HAL_NVIC_EnableIRQ
 .text.HAL_NVIC_DisableIRQ
                0x0000000008002f52       0x1c Drivers/STM32F1xx_HAL_Driver/Src/stm32f1xx_hal_cortex.o
                0x0000000008002f52                HAL_NVIC_DisableIRQ
 .text.HAL_SYSTICK_Config
                0x0000000008002f6e       0x18 Drivers/STM32F1xx_HAL_Driver/Src/stm32f1xx_hal_cortex.o
                0x0000000008002f6e                HAL_SYSTICK_Config
 .text.HAL_NVIC_ClearPendingIRQ
                0x0000000008002f86       0x1c Drivers/STM32F1xx_HAL_Driver/Src/stm32f1xx_hal_cortex.o
                0x0000000008002f86                HAL_NVIC_ClearPendingIRQ
 *fill*         0x0000000008002fa2        0x2 
 .text.HAL_GPIO_Init
                0x0000000008002fa4      0x308 Drivers/STM32F1xx_HAL_Driver/Src/stm32f1xx_hal_gpio.o
                0x0000000008002fa4                HAL_GPIO_Init
 .text.HAL_GPIO_ReadPin
                0x00000000080032ac       0x2e Drivers/STM32F1xx_HAL_Driver/Src/stm32f1xx_hal_gpio.o
                0x00000000080032ac                HAL_GPIO_ReadPin
 .text.HAL_GPIO_WritePin
                0x00000000080032da       0x30 Drivers/STM32F1xx_HAL_Driver/Src/stm32f1xx_hal_gpio.o
                0x00000000080032da                HAL_GPIO_WritePin
 *fill*         0x000000000800330a        0x2 
 .text.HAL_GPIO_EXTI_IRQHandler
                0x000000000800330c       0x30 Drivers/STM32F1xx_HAL_Driver/Src/stm32f1xx_hal_gpio.o
                0x000000000800330c                HAL_GPIO_EXTI_IRQHandler
 .text.HAL_PWR_EnableBkUpAccess
                0x000000000800333c       0x18 Drivers/STM32F1xx_HAL_Driver/Src/stm32f1xx_hal_pwr.o
                0x000000000800333c                HAL_PWR_EnableBkUpAccess
 .text.HAL_RCC_OscConfig
                0x0000000008003354      0x500 Drivers/STM32F1xx_HAL_Driver/Src/stm32f1xx_hal_rcc.o
                0x0000000008003354                HAL_RCC_OscConfig
 .text.HAL_RCC_ClockConfig
                0x0000000008003854      0x1d4 Drivers/STM32F1xx_HAL_Driver/Src/stm32f1xx_hal_rcc.o
                0x0000000008003854                HAL_RCC_ClockConfig
 .text.HAL_RCC_GetSysClockFreq
                0x0000000008003a28       0xc0 Drivers/STM32F1xx_HAL_Driver/Src/stm32f1xx_hal_rcc.o
                0x0000000008003a28                HAL_RCC_GetSysClockFreq
 .text.HAL_RCC_GetHCLKFreq
                0x0000000008003ae8       0x14 Drivers/STM32F1xx_HAL_Driver/Src/stm32f1xx_hal_rcc.o
                0x0000000008003ae8                HAL_RCC_GetHCLKFreq
 .text.HAL_RCC_GetPCLK1Freq
                0x0000000008003afc       0x28 Drivers/STM32F1xx_HAL_Driver/Src/stm32f1xx_hal_rcc.o
                0x0000000008003afc                HAL_RCC_GetPCLK1Freq
 .text.HAL_RCC_GetPCLK2Freq
                0x0000000008003b24       0x28 Drivers/STM32F1xx_HAL_Driver/Src/stm32f1xx_hal_rcc.o
                0x0000000008003b24                HAL_RCC_GetPCLK2Freq
 .text.RCC_Delay
                0x0000000008003b4c       0x3c Drivers/STM32F1xx_HAL_Driver/Src/stm32f1xx_hal_rcc.o
 .text.HAL_RCCEx_PeriphCLKConfig
                0x0000000008003b88      0x16c Drivers/STM32F1xx_HAL_Driver/Src/stm32f1xx_hal_rcc_ex.o
                0x0000000008003b88                HAL_RCCEx_PeriphCLKConfig
 .text.HAL_RCCEx_GetPeriphCLKFreq
                0x0000000008003cf4      0x188 Drivers/STM32F1xx_HAL_Driver/Src/stm32f1xx_hal_rcc_ex.o
                0x0000000008003cf4                HAL_RCCEx_GetPeriphCLKFreq
 .text.HAL_RTC_Init
                0x0000000008003e7c      0x12c Drivers/STM32F1xx_HAL_Driver/Src/stm32f1xx_hal_rtc.o
                0x0000000008003e7c                HAL_RTC_Init
 .text.HAL_RTC_SetTime
                0x0000000008003fa8      0x12e Drivers/STM32F1xx_HAL_Driver/Src/stm32f1xx_hal_rtc.o
                0x0000000008003fa8                HAL_RTC_SetTime
 *fill*         0x00000000080040d6        0x2 
 .text.HAL_RTC_SetDate
                0x00000000080040d8      0x16c Drivers/STM32F1xx_HAL_Driver/Src/stm32f1xx_hal_rtc.o
                0x00000000080040d8                HAL_RTC_SetDate
 .text.HAL_RTC_WaitForSynchro
                0x0000000008004244       0x5a Drivers/STM32F1xx_HAL_Driver/Src/stm32f1xx_hal_rtc.o
                0x0000000008004244                HAL_RTC_WaitForSynchro
 .text.RTC_ReadTimeCounter
                0x000000000800429e       0x60 Drivers/STM32F1xx_HAL_Driver/Src/stm32f1xx_hal_rtc.o
 .text.RTC_WriteTimeCounter
                0x00000000080042fe       0x4e Drivers/STM32F1xx_HAL_Driver/Src/stm32f1xx_hal_rtc.o
 .text.RTC_ReadAlarmCounter
                0x000000000800434c       0x32 Drivers/STM32F1xx_HAL_Driver/Src/stm32f1xx_hal_rtc.o
 .text.RTC_WriteAlarmCounter
                0x000000000800437e       0x4e Drivers/STM32F1xx_HAL_Driver/Src/stm32f1xx_hal_rtc.o
 .text.RTC_EnterInitMode
                0x00000000080043cc       0x50 Drivers/STM32F1xx_HAL_Driver/Src/stm32f1xx_hal_rtc.o
 .text.RTC_ExitInitMode
                0x000000000800441c       0x50 Drivers/STM32F1xx_HAL_Driver/Src/stm32f1xx_hal_rtc.o
 .text.RTC_Bcd2ToByte
                0x000000000800446c       0x3a Drivers/STM32F1xx_HAL_Driver/Src/stm32f1xx_hal_rtc.o
 *fill*         0x00000000080044a6        0x2 
 .text.RTC_WeekDayNum
                0x00000000080044a8       0xf0 Drivers/STM32F1xx_HAL_Driver/Src/stm32f1xx_hal_rtc.o
 .text.HAL_RTCEx_BKUPWrite
                0x0000000008004598       0x34 Drivers/STM32F1xx_HAL_Driver/Src/stm32f1xx_hal_rtc_ex.o
                0x0000000008004598                HAL_RTCEx_BKUPWrite
 .text.HAL_RTCEx_BKUPRead
                0x00000000080045cc       0x38 Drivers/STM32F1xx_HAL_Driver/Src/stm32f1xx_hal_rtc_ex.o
                0x00000000080045cc                HAL_RTCEx_BKUPRead
 .text.HAL_SPI_Init
                0x0000000008004604      0x108 Drivers/STM32F1xx_HAL_Driver/Src/stm32f1xx_hal_spi.o
                0x0000000008004604                HAL_SPI_Init
 .text.HAL_SPI_Transmit
                0x000000000800470c      0x278 Drivers/STM32F1xx_HAL_Driver/Src/stm32f1xx_hal_spi.o
                0x000000000800470c                HAL_SPI_Transmit
 .text.SPI_WaitFlagStateUntilTimeout
                0x0000000008004984      0x110 Drivers/STM32F1xx_HAL_Driver/Src/stm32f1xx_hal_spi.o
 .text.SPI_EndRxTxTransaction
                0x0000000008004a94       0x3c Drivers/STM32F1xx_HAL_Driver/Src/stm32f1xx_hal_spi.o
 .text.HAL_TIM_Base_Init
                0x0000000008004ad0       0x9e Drivers/STM32F1xx_HAL_Driver/Src/stm32f1xx_hal_tim.o
                0x0000000008004ad0                HAL_TIM_Base_Init
 *fill*         0x0000000008004b6e        0x2 
 .text.HAL_TIM_Base_Start_IT
                0x0000000008004b70       0xa4 Drivers/STM32F1xx_HAL_Driver/Src/stm32f1xx_hal_tim.o
                0x0000000008004b70                HAL_TIM_Base_Start_IT
 .text.HAL_TIM_Base_Stop_IT
                0x0000000008004c14       0x5c Drivers/STM32F1xx_HAL_Driver/Src/stm32f1xx_hal_tim.o
                0x0000000008004c14                HAL_TIM_Base_Stop_IT
 .text.HAL_TIM_IC_Init
                0x0000000008004c70       0x9e Drivers/STM32F1xx_HAL_Driver/Src/stm32f1xx_hal_tim.o
                0x0000000008004c70                HAL_TIM_IC_Init
 .text.HAL_TIM_IC_MspInit
                0x0000000008004d0e       0x12 Drivers/STM32F1xx_HAL_Driver/Src/stm32f1xx_hal_tim.o
                0x0000000008004d0e                HAL_TIM_IC_MspInit
 .text.HAL_TIM_IC_Start_IT
                0x0000000008004d20      0x20c Drivers/STM32F1xx_HAL_Driver/Src/stm32f1xx_hal_tim.o
                0x0000000008004d20                HAL_TIM_IC_Start_IT
 .text.HAL_TIM_IRQHandler
                0x0000000008004f2c      0x210 Drivers/STM32F1xx_HAL_Driver/Src/stm32f1xx_hal_tim.o
                0x0000000008004f2c                HAL_TIM_IRQHandler
 .text.HAL_TIM_IC_ConfigChannel
                0x000000000800513c      0x128 Drivers/STM32F1xx_HAL_Driver/Src/stm32f1xx_hal_tim.o
                0x000000000800513c                HAL_TIM_IC_ConfigChannel
 .text.HAL_TIM_ConfigClockSource
                0x0000000008005264      0x188 Drivers/STM32F1xx_HAL_Driver/Src/stm32f1xx_hal_tim.o
                0x0000000008005264                HAL_TIM_ConfigClockSource
 .text.HAL_TIM_ReadCapturedValue
                0x00000000080053ec       0x88 Drivers/STM32F1xx_HAL_Driver/Src/stm32f1xx_hal_tim.o
                0x00000000080053ec                HAL_TIM_ReadCapturedValue
 .text.HAL_TIM_OC_DelayElapsedCallback
                0x0000000008005474       0x12 Drivers/STM32F1xx_HAL_Driver/Src/stm32f1xx_hal_tim.o
                0x0000000008005474                HAL_TIM_OC_DelayElapsedCallback
 .text.HAL_TIM_PWM_PulseFinishedCallback
                0x0000000008005486       0x12 Drivers/STM32F1xx_HAL_Driver/Src/stm32f1xx_hal_tim.o
                0x0000000008005486                HAL_TIM_PWM_PulseFinishedCallback
 .text.HAL_TIM_TriggerCallback
                0x0000000008005498       0x12 Drivers/STM32F1xx_HAL_Driver/Src/stm32f1xx_hal_tim.o
                0x0000000008005498                HAL_TIM_TriggerCallback
 *fill*         0x00000000080054aa        0x2 
 .text.TIM_Base_SetConfig
                0x00000000080054ac       0xc4 Drivers/STM32F1xx_HAL_Driver/Src/stm32f1xx_hal_tim.o
                0x00000000080054ac                TIM_Base_SetConfig
 .text.TIM_TI1_SetConfig
                0x0000000008005570       0xb4 Drivers/STM32F1xx_HAL_Driver/Src/stm32f1xx_hal_tim.o
                0x0000000008005570                TIM_TI1_SetConfig
 .text.TIM_TI1_ConfigInputStage
                0x0000000008005624       0x5c Drivers/STM32F1xx_HAL_Driver/Src/stm32f1xx_hal_tim.o
 .text.TIM_TI2_SetConfig
                0x0000000008005680       0x78 Drivers/STM32F1xx_HAL_Driver/Src/stm32f1xx_hal_tim.o
 .text.TIM_TI2_ConfigInputStage
                0x00000000080056f8       0x5e Drivers/STM32F1xx_HAL_Driver/Src/stm32f1xx_hal_tim.o
 .text.TIM_TI3_SetConfig
                0x0000000008005756       0x76 Drivers/STM32F1xx_HAL_Driver/Src/stm32f1xx_hal_tim.o
 .text.TIM_TI4_SetConfig
                0x00000000080057cc       0x78 Drivers/STM32F1xx_HAL_Driver/Src/stm32f1xx_hal_tim.o
 .text.TIM_ITRx_SetConfig
                0x0000000008005844       0x34 Drivers/STM32F1xx_HAL_Driver/Src/stm32f1xx_hal_tim.o
 .text.TIM_ETR_SetConfig
                0x0000000008005878       0x3e Drivers/STM32F1xx_HAL_Driver/Src/stm32f1xx_hal_tim.o
                0x0000000008005878                TIM_ETR_SetConfig
 .text.TIM_CCxChannelCmd
                0x00000000080058b6       0x48 Drivers/STM32F1xx_HAL_Driver/Src/stm32f1xx_hal_tim.o
                0x00000000080058b6                TIM_CCxChannelCmd
 *fill*         0x00000000080058fe        0x2 
 .text.HAL_TIMEx_MasterConfigSynchronization
                0x0000000008005900       0xbc Drivers/STM32F1xx_HAL_Driver/Src/stm32f1xx_hal_tim_ex.o
                0x0000000008005900                HAL_TIMEx_MasterConfigSynchronization
 .text.HAL_TIMEx_CommutCallback
                0x00000000080059bc       0x12 Drivers/STM32F1xx_HAL_Driver/Src/stm32f1xx_hal_tim_ex.o
                0x00000000080059bc                HAL_TIMEx_CommutCallback
 .text.HAL_TIMEx_BreakCallback
                0x00000000080059ce       0x12 Drivers/STM32F1xx_HAL_Driver/Src/stm32f1xx_hal_tim_ex.o
                0x00000000080059ce                HAL_TIMEx_BreakCallback
 .text.HAL_UART_Init
                0x00000000080059e0       0x9a Drivers/STM32F1xx_HAL_Driver/Src/stm32f1xx_hal_uart.o
                0x00000000080059e0                HAL_UART_Init
 .text.HAL_UART_Transmit
                0x0000000008005a7a      0x124 Drivers/STM32F1xx_HAL_Driver/Src/stm32f1xx_hal_uart.o
                0x0000000008005a7a                HAL_UART_Transmit
 .text.UART_WaitOnFlagUntilTimeout
                0x0000000008005b9e       0x94 Drivers/STM32F1xx_HAL_Driver/Src/stm32f1xx_hal_uart.o
 *fill*         0x0000000008005c32        0x2 
 .text.UART_SetConfig
                0x0000000008005c34      0x11c Drivers/STM32F1xx_HAL_Driver/Src/stm32f1xx_hal_uart.o
 .text.__errno  0x0000000008005d50        0xc c:/st/stm32cubeide_1.4.0/stm32cubeide/plugins/com.st.stm32cube.ide.mcu.externaltools.gnu-tools-for-stm32.9-2020-q2-update.win32_1.5.0.202011040924/tools/bin/../lib/gcc/arm-none-eabi/9.3.1/../../../../arm-none-eabi/lib/thumb/v7-m/nofp\libc_nano.a(lib_a-errno.o)
                0x0000000008005d50                __errno
 .text.__libc_init_array
                0x0000000008005d5c       0x48 c:/st/stm32cubeide_1.4.0/stm32cubeide/plugins/com.st.stm32cube.ide.mcu.externaltools.gnu-tools-for-stm32.9-2020-q2-update.win32_1.5.0.202011040924/tools/bin/../lib/gcc/arm-none-eabi/9.3.1/../../../../arm-none-eabi/lib/thumb/v7-m/nofp\libc_nano.a(lib_a-init.o)
                0x0000000008005d5c                __libc_init_array
 .text.memset   0x0000000008005da4       0x10 c:/st/stm32cubeide_1.4.0/stm32cubeide/plugins/com.st.stm32cube.ide.mcu.externaltools.gnu-tools-for-stm32.9-2020-q2-update.win32_1.5.0.202011040924/tools/bin/../lib/gcc/arm-none-eabi/9.3.1/../../../../arm-none-eabi/lib/thumb/v7-m/nofp\libc_nano.a(lib_a-memset.o)
                0x0000000008005da4                memset
 .text.sprintf  0x0000000008005db4       0x40 c:/st/stm32cubeide_1.4.0/stm32cubeide/plugins/com.st.stm32cube.ide.mcu.externaltools.gnu-tools-for-stm32.9-2020-q2-update.win32_1.5.0.202011040924/tools/bin/../lib/gcc/arm-none-eabi/9.3.1/../../../../arm-none-eabi/lib/thumb/v7-m/nofp\libc_nano.a(lib_a-sprintf.o)
                0x0000000008005db4                siprintf
                0x0000000008005db4                sprintf
 .text.__ssputs_r
                0x0000000008005df4       0xb6 c:/st/stm32cubeide_1.4.0/stm32cubeide/plugins/com.st.stm32cube.ide.mcu.externaltools.gnu-tools-for-stm32.9-2020-q2-update.win32_1.5.0.202011040924/tools/bin/../lib/gcc/arm-none-eabi/9.3.1/../../../../arm-none-eabi/lib/thumb/v7-m/nofp\libc_nano.a(lib_a-nano-svfprintf.o)
                0x0000000008005df4                __ssputs_r
 *fill*         0x0000000008005eaa        0x2 
 .text._svfprintf_r
                0x0000000008005eac      0x200 c:/st/stm32cubeide_1.4.0/stm32cubeide/plugins/com.st.stm32cube.ide.mcu.externaltools.gnu-tools-for-stm32.9-2020-q2-update.win32_1.5.0.202011040924/tools/bin/../lib/gcc/arm-none-eabi/9.3.1/../../../../arm-none-eabi/lib/thumb/v7-m/nofp\libc_nano.a(lib_a-nano-svfprintf.o)
                0x0000000008005eac                _svfiprintf_r
                0x0000000008005eac                _svfprintf_r
 .text._printf_common
                0x00000000080060ac       0xde c:/st/stm32cubeide_1.4.0/stm32cubeide/plugins/com.st.stm32cube.ide.mcu.externaltools.gnu-tools-for-stm32.9-2020-q2-update.win32_1.5.0.202011040924/tools/bin/../lib/gcc/arm-none-eabi/9.3.1/../../../../arm-none-eabi/lib/thumb/v7-m/nofp\libc_nano.a(lib_a-nano-vfprintf_i.o)
                0x00000000080060ac                _printf_common
 *fill*         0x000000000800618a        0x2 
 .text._printf_i
                0x000000000800618c      0x24c c:/st/stm32cubeide_1.4.0/stm32cubeide/plugins/com.st.stm32cube.ide.mcu.externaltools.gnu-tools-for-stm32.9-2020-q2-update.win32_1.5.0.202011040924/tools/bin/../lib/gcc/arm-none-eabi/9.3.1/../../../../arm-none-eabi/lib/thumb/v7-m/nofp\libc_nano.a(lib_a-nano-vfprintf_i.o)
                0x000000000800618c                _printf_i
 .text.memchr   0x00000000080063d8       0x1c c:/st/stm32cubeide_1.4.0/stm32cubeide/plugins/com.st.stm32cube.ide.mcu.externaltools.gnu-tools-for-stm32.9-2020-q2-update.win32_1.5.0.202011040924/tools/bin/../lib/gcc/arm-none-eabi/9.3.1/../../../../arm-none-eabi/lib/thumb/v7-m/nofp\libc_nano.a(lib_a-memchr-stub.o)
                0x00000000080063d8                memchr
 .text.memcpy   0x00000000080063f4       0x1c c:/st/stm32cubeide_1.4.0/stm32cubeide/plugins/com.st.stm32cube.ide.mcu.externaltools.gnu-tools-for-stm32.9-2020-q2-update.win32_1.5.0.202011040924/tools/bin/../lib/gcc/arm-none-eabi/9.3.1/../../../../arm-none-eabi/lib/thumb/v7-m/nofp\libc_nano.a(lib_a-memcpy-stub.o)
                0x00000000080063f4                memcpy
 .text.memmove  0x0000000008006410       0x34 c:/st/stm32cubeide_1.4.0/stm32cubeide/plugins/com.st.stm32cube.ide.mcu.externaltools.gnu-tools-for-stm32.9-2020-q2-update.win32_1.5.0.202011040924/tools/bin/../lib/gcc/arm-none-eabi/9.3.1/../../../../arm-none-eabi/lib/thumb/v7-m/nofp\libc_nano.a(lib_a-memmove.o)
                0x0000000008006410                memmove
 .text._free_r  0x0000000008006444       0x98 c:/st/stm32cubeide_1.4.0/stm32cubeide/plugins/com.st.stm32cube.ide.mcu.externaltools.gnu-tools-for-stm32.9-2020-q2-update.win32_1.5.0.202011040924/tools/bin/../lib/gcc/arm-none-eabi/9.3.1/../../../../arm-none-eabi/lib/thumb/v7-m/nofp\libc_nano.a(lib_a-nano-freer.o)
                0x0000000008006444                _free_r
 .text._malloc_r
                0x00000000080064dc       0xb4 c:/st/stm32cubeide_1.4.0/stm32cubeide/plugins/com.st.stm32cube.ide.mcu.externaltools.gnu-tools-for-stm32.9-2020-q2-update.win32_1.5.0.202011040924/tools/bin/../lib/gcc/arm-none-eabi/9.3.1/../../../../arm-none-eabi/lib/thumb/v7-m/nofp\libc_nano.a(lib_a-nano-mallocr.o)
                0x00000000080064dc                _malloc_r
 .text._realloc_r
                0x0000000008006590       0x4c c:/st/stm32cubeide_1.4.0/stm32cubeide/plugins/com.st.stm32cube.ide.mcu.externaltools.gnu-tools-for-stm32.9-2020-q2-update.win32_1.5.0.202011040924/tools/bin/../lib/gcc/arm-none-eabi/9.3.1/../../../../arm-none-eabi/lib/thumb/v7-m/nofp\libc_nano.a(lib_a-nano-reallocr.o)
                0x0000000008006590                _realloc_r
 .text._sbrk_r  0x00000000080065dc       0x20 c:/st/stm32cubeide_1.4.0/stm32cubeide/plugins/com.st.stm32cube.ide.mcu.externaltools.gnu-tools-for-stm32.9-2020-q2-update.win32_1.5.0.202011040924/tools/bin/../lib/gcc/arm-none-eabi/9.3.1/../../../../arm-none-eabi/lib/thumb/v7-m/nofp\libc_nano.a(lib_a-sbrkr.o)
                0x00000000080065dc                _sbrk_r
 .text.__malloc_lock
                0x00000000080065fc        0xc c:/st/stm32cubeide_1.4.0/stm32cubeide/plugins/com.st.stm32cube.ide.mcu.externaltools.gnu-tools-for-stm32.9-2020-q2-update.win32_1.5.0.202011040924/tools/bin/../lib/gcc/arm-none-eabi/9.3.1/../../../../arm-none-eabi/lib/thumb/v7-m/nofp\libc_nano.a(lib_a-mlock.o)
                0x00000000080065fc                __malloc_lock
 .text.__malloc_unlock
                0x0000000008006608        0xc c:/st/stm32cubeide_1.4.0/stm32cubeide/plugins/com.st.stm32cube.ide.mcu.externaltools.gnu-tools-for-stm32.9-2020-q2-update.win32_1.5.0.202011040924/tools/bin/../lib/gcc/arm-none-eabi/9.3.1/../../../../arm-none-eabi/lib/thumb/v7-m/nofp\libc_nano.a(lib_a-mlock.o)
                0x0000000008006608                __malloc_unlock
 .text._malloc_usable_size_r
                0x0000000008006614       0x10 c:/st/stm32cubeide_1.4.0/stm32cubeide/plugins/com.st.stm32cube.ide.mcu.externaltools.gnu-tools-for-stm32.9-2020-q2-update.win32_1.5.0.202011040924/tools/bin/../lib/gcc/arm-none-eabi/9.3.1/../../../../arm-none-eabi/lib/thumb/v7-m/nofp\libc_nano.a(lib_a-nano-msizer.o)
                0x0000000008006614                _malloc_usable_size_r
 .text.__retarget_lock_acquire_recursive
                0x0000000008006624        0x2 c:/st/stm32cubeide_1.4.0/stm32cubeide/plugins/com.st.stm32cube.ide.mcu.externaltools.gnu-tools-for-stm32.9-2020-q2-update.win32_1.5.0.202011040924/tools/bin/../lib/gcc/arm-none-eabi/9.3.1/../../../../arm-none-eabi/lib/thumb/v7-m/nofp\libc_nano.a(lib_a-lock.o)
                0x0000000008006624                __retarget_lock_acquire_recursive
 .text.__retarget_lock_release_recursive
                0x0000000008006626        0x2 c:/st/stm32cubeide_1.4.0/stm32cubeide/plugins/com.st.stm32cube.ide.mcu.externaltools.gnu-tools-for-stm32.9-2020-q2-update.win32_1.5.0.202011040924/tools/bin/../lib/gcc/arm-none-eabi/9.3.1/../../../../arm-none-eabi/lib/thumb/v7-m/nofp\libc_nano.a(lib_a-lock.o)
                0x0000000008006626                __retarget_lock_release_recursive
 *(.glue_7)
 .glue_7        0x0000000008006628        0x0 linker stubs
 *(.glue_7t)
 .glue_7t       0x0000000008006628        0x0 linker stubs
 *(.eh_frame)
 .eh_frame      0x0000000008006628        0x0 c:/st/stm32cubeide_1.4.0/stm32cubeide/plugins/com.st.stm32cube.ide.mcu.externaltools.gnu-tools-for-stm32.9-2020-q2-update.win32_1.5.0.202011040924/tools/bin/../lib/gcc/arm-none-eabi/9.3.1/thumb/v7-m/nofp/crtbegin.o
 *(.init)
 .init          0x0000000008006628        0x4 c:/st/stm32cubeide_1.4.0/stm32cubeide/plugins/com.st.stm32cube.ide.mcu.externaltools.gnu-tools-for-stm32.9-2020-q2-update.win32_1.5.0.202011040924/tools/bin/../lib/gcc/arm-none-eabi/9.3.1/thumb/v7-m/nofp/crti.o
                0x0000000008006628                _init
 .init          0x000000000800662c        0x8 c:/st/stm32cubeide_1.4.0/stm32cubeide/plugins/com.st.stm32cube.ide.mcu.externaltools.gnu-tools-for-stm32.9-2020-q2-update.win32_1.5.0.202011040924/tools/bin/../lib/gcc/arm-none-eabi/9.3.1/thumb/v7-m/nofp/crtn.o
 *(.fini)
 .fini          0x0000000008006634        0x4 c:/st/stm32cubeide_1.4.0/stm32cubeide/plugins/com.st.stm32cube.ide.mcu.externaltools.gnu-tools-for-stm32.9-2020-q2-update.win32_1.5.0.202011040924/tools/bin/../lib/gcc/arm-none-eabi/9.3.1/thumb/v7-m/nofp/crti.o
                0x0000000008006634                _fini
 .fini          0x0000000008006638        0x8 c:/st/stm32cubeide_1.4.0/stm32cubeide/plugins/com.st.stm32cube.ide.mcu.externaltools.gnu-tools-for-stm32.9-2020-q2-update.win32_1.5.0.202011040924/tools/bin/../lib/gcc/arm-none-eabi/9.3.1/thumb/v7-m/nofp/crtn.o
                0x0000000008006640                . = ALIGN (0x4)
                0x0000000008006640                _etext = .

.vfp11_veneer   0x0000000008006640        0x0
 .vfp11_veneer  0x0000000008006640        0x0 linker stubs

.v4_bx          0x0000000008006640        0x0
 .v4_bx         0x0000000008006640        0x0 linker stubs

.iplt           0x0000000008006640        0x0
 .iplt          0x0000000008006640        0x0 c:/st/stm32cubeide_1.4.0/stm32cubeide/plugins/com.st.stm32cube.ide.mcu.externaltools.gnu-tools-for-stm32.9-2020-q2-update.win32_1.5.0.202011040924/tools/bin/../lib/gcc/arm-none-eabi/9.3.1/thumb/v7-m/nofp/crtbegin.o

.rodata         0x0000000008006640      0x3f0
                0x0000000008006640                . = ALIGN (0x4)
 *(.rodata)
 .rodata        0x0000000008006640      0x381 Core/Src/main.o
 *fill*         0x00000000080069c1        0x3 
 .rodata        0x00000000080069c4       0x10 Drivers/STM32F1xx_HAL_Driver/Src/stm32f1xx_hal_rcc.o
 .rodata        0x00000000080069d4       0x10 Drivers/STM32F1xx_HAL_Driver/Src/stm32f1xx_hal_rcc_ex.o
 *(.rodata*)
 .rodata.AHBPrescTable
                0x00000000080069e4       0x10 Core/Src/system_stm32f1xx.o
                0x00000000080069e4                AHBPrescTable
 .rodata.APBPrescTable
                0x00000000080069f4        0x8 Core/Src/system_stm32f1xx.o
                0x00000000080069f4                APBPrescTable
 .rodata._svfprintf_r.str1.1
                0x00000000080069fc       0x11 c:/st/stm32cubeide_1.4.0/stm32cubeide/plugins/com.st.stm32cube.ide.mcu.externaltools.gnu-tools-for-stm32.9-2020-q2-update.win32_1.5.0.202011040924/tools/bin/../lib/gcc/arm-none-eabi/9.3.1/../../../../arm-none-eabi/lib/thumb/v7-m/nofp\libc_nano.a(lib_a-nano-svfprintf.o)
 .rodata._printf_i.str1.1
                0x0000000008006a0d       0x22 c:/st/stm32cubeide_1.4.0/stm32cubeide/plugins/com.st.stm32cube.ide.mcu.externaltools.gnu-tools-for-stm32.9-2020-q2-update.win32_1.5.0.202011040924/tools/bin/../lib/gcc/arm-none-eabi/9.3.1/../../../../arm-none-eabi/lib/thumb/v7-m/nofp\libc_nano.a(lib_a-nano-vfprintf_i.o)
                0x0000000008006a30                . = ALIGN (0x4)
 *fill*         0x0000000008006a2f        0x1 

.rel.dyn        0x0000000008006a30        0x0
 .rel.iplt      0x0000000008006a30        0x0 c:/st/stm32cubeide_1.4.0/stm32cubeide/plugins/com.st.stm32cube.ide.mcu.externaltools.gnu-tools-for-stm32.9-2020-q2-update.win32_1.5.0.202011040924/tools/bin/../lib/gcc/arm-none-eabi/9.3.1/thumb/v7-m/nofp/crtbegin.o

.ARM.extab      0x0000000008006a30        0x0
                0x0000000008006a30                . = ALIGN (0x4)
 *(.ARM.extab* .gnu.linkonce.armextab.*)
                0x0000000008006a30                . = ALIGN (0x4)

.ARM            0x0000000008006a30        0x0
                0x0000000008006a30                . = ALIGN (0x4)
                0x0000000008006a30                __exidx_start = .
 *(.ARM.exidx*)
                0x0000000008006a30                __exidx_end = .
                0x0000000008006a30                . = ALIGN (0x4)

.preinit_array  0x0000000008006a30        0x0
                0x0000000008006a30                . = ALIGN (0x4)
                0x0000000008006a30                PROVIDE (__preinit_array_start = .)
 *(.preinit_array*)
                0x0000000008006a30                PROVIDE (__preinit_array_end = .)
                0x0000000008006a30                . = ALIGN (0x4)

.init_array     0x0000000008006a30        0x4
                0x0000000008006a30                . = ALIGN (0x4)
                0x0000000008006a30                PROVIDE (__init_array_start = .)
 *(SORT_BY_NAME(.init_array.*))
 *(.init_array*)
 .init_array    0x0000000008006a30        0x4 c:/st/stm32cubeide_1.4.0/stm32cubeide/plugins/com.st.stm32cube.ide.mcu.externaltools.gnu-tools-for-stm32.9-2020-q2-update.win32_1.5.0.202011040924/tools/bin/../lib/gcc/arm-none-eabi/9.3.1/thumb/v7-m/nofp/crtbegin.o
                0x0000000008006a34                PROVIDE (__init_array_end = .)
                0x0000000008006a34                . = ALIGN (0x4)

.fini_array     0x0000000008006a34        0x4
                0x0000000008006a34                . = ALIGN (0x4)
                [!provide]                        PROVIDE (__fini_array_start = .)
 *(SORT_BY_NAME(.fini_array.*))
 *(.fini_array*)
 .fini_array    0x0000000008006a34        0x4 c:/st/stm32cubeide_1.4.0/stm32cubeide/plugins/com.st.stm32cube.ide.mcu.externaltools.gnu-tools-for-stm32.9-2020-q2-update.win32_1.5.0.202011040924/tools/bin/../lib/gcc/arm-none-eabi/9.3.1/thumb/v7-m/nofp/crtbegin.o
                [!provide]                        PROVIDE (__fini_array_end = .)
                0x0000000008006a38                . = ALIGN (0x4)
                0x0000000008006a38                _sidata = LOADADDR (.data)

.data           0x0000000020000000       0xa0 load address 0x0000000008006a38
                0x0000000020000000                . = ALIGN (0x4)
                0x0000000020000000                _sdata = .
 *(.data)
 *(.data*)
 .data.default_credit_duration
                0x0000000020000000        0x1 Core/Src/main.o
                0x0000000020000000                default_credit_duration
 *fill*         0x0000000020000001        0x3 
 .data.minimum_credit_to_start
                0x0000000020000004        0x4 Core/Src/main.o
                0x0000000020000004                minimum_credit_to_start
 .data.duration_per_1credit
                0x0000000020000008        0x4 Core/Src/main.o
                0x0000000020000008                duration_per_1credit
 .data.displayEnable
                0x000000002000000c        0x1 Core/Src/main.o
                0x000000002000000c                displayEnable
 .data.displayToggle
                0x000000002000000d        0x1 Core/Src/main.o
                0x000000002000000d                displayToggle
 .data.bank_acceptor_pulse_width
                0x000000002000000e        0x1 Core/Src/main.o
                0x000000002000000e                bank_acceptor_pulse_width
 .data.coin_acceptor_pulse_width
                0x000000002000000f        0x1 Core/Src/main.o
                0x000000002000000f                coin_acceptor_pulse_width
 .data.creditPulseOffset
                0x0000000020000010        0x1 Core/Src/main.o
                0x0000000020000010                creditPulseOffset
 .data.bank_credit_per_pulse
                0x0000000020000011        0x1 Core/Src/main.o
                0x0000000020000011                bank_credit_per_pulse
 .data.coin_credit_per_pulse
                0x0000000020000012        0x1 Core/Src/main.o
                0x0000000020000012                coin_credit_per_pulse
 .data.F1_DURATION
                0x0000000020000013        0x1 Core/Src/main.o
                0x0000000020000013                F1_DURATION
 .data.F2_DURATION
                0x0000000020000014        0x1 Core/Src/main.o
                0x0000000020000014                F2_DURATION
 .data.F3_DURATION
                0x0000000020000015        0x1 Core/Src/main.o
                0x0000000020000015                F3_DURATION
 .data.F4_DURATION
                0x0000000020000016        0x1 Core/Src/main.o
                0x0000000020000016                F4_DURATION
 .data.F5_DURATION
                0x0000000020000017        0x1 Core/Src/main.o
                0x0000000020000017                F5_DURATION
 .data.SYMBOLS  0x0000000020000018       0x16 Core/Src/max7219.o
 *fill*         0x000000002000002e        0x2 
 .data.SystemCoreClock
                0x0000000020000030        0x4 Core/Src/system_stm32f1xx.o
                0x0000000020000030                SystemCoreClock
 .data.uwTickPrio
                0x0000000020000034        0x4 Drivers/STM32F1xx_HAL_Driver/Src/stm32f1xx_hal.o
                0x0000000020000034                uwTickPrio
 .data.uwTickFreq
                0x0000000020000038        0x1 Drivers/STM32F1xx_HAL_Driver/Src/stm32f1xx_hal.o
                0x0000000020000038                uwTickFreq
 *fill*         0x0000000020000039        0x3 
 .data._impure_ptr
                0x000000002000003c        0x4 c:/st/stm32cubeide_1.4.0/stm32cubeide/plugins/com.st.stm32cube.ide.mcu.externaltools.gnu-tools-for-stm32.9-2020-q2-update.win32_1.5.0.202011040924/tools/bin/../lib/gcc/arm-none-eabi/9.3.1/../../../../arm-none-eabi/lib/thumb/v7-m/nofp\libc_nano.a(lib_a-impure.o)
                0x000000002000003c                _impure_ptr
 .data.impure_data
                0x0000000020000040       0x60 c:/st/stm32cubeide_1.4.0/stm32cubeide/plugins/com.st.stm32cube.ide.mcu.externaltools.gnu-tools-for-stm32.9-2020-q2-update.win32_1.5.0.202011040924/tools/bin/../lib/gcc/arm-none-eabi/9.3.1/../../../../arm-none-eabi/lib/thumb/v7-m/nofp\libc_nano.a(lib_a-impure.o)
                0x00000000200000a0                . = ALIGN (0x4)
                0x00000000200000a0                _edata = .

.igot.plt       0x00000000200000a0        0x0 load address 0x0000000008006ad8
 .igot.plt      0x00000000200000a0        0x0 c:/st/stm32cubeide_1.4.0/stm32cubeide/plugins/com.st.stm32cube.ide.mcu.externaltools.gnu-tools-for-stm32.9-2020-q2-update.win32_1.5.0.202011040924/tools/bin/../lib/gcc/arm-none-eabi/9.3.1/thumb/v7-m/nofp/crtbegin.o
                0x00000000200000a0                . = ALIGN (0x4)

.bss            0x00000000200000a0      0x2d0 load address 0x0000000008006ad8
                0x00000000200000a0                _sbss = .
                0x00000000200000a0                __bss_start__ = _sbss
 *(.bss)
 .bss           0x00000000200000a0       0x1c c:/st/stm32cubeide_1.4.0/stm32cubeide/plugins/com.st.stm32cube.ide.mcu.externaltools.gnu-tools-for-stm32.9-2020-q2-update.win32_1.5.0.202011040924/tools/bin/../lib/gcc/arm-none-eabi/9.3.1/thumb/v7-m/nofp/crtbegin.o
 *(.bss*)
 .bss.DEV_ID    0x00000000200000bc        0x4 Core/Src/main.o
                0x00000000200000bc                DEV_ID
 .bss.REV_ID    0x00000000200000c0        0x4 Core/Src/main.o
                0x00000000200000c0                REV_ID
 .bss.IC_Val1   0x00000000200000c4        0x4 Core/Src/main.o
                0x00000000200000c4                IC_Val1
 .bss.IC_Val2   0x00000000200000c8        0x4 Core/Src/main.o
                0x00000000200000c8                IC_Val2
 .bss.Difference
                0x00000000200000cc        0x4 Core/Src/main.o
                0x00000000200000cc                Difference
 .bss.Is_First_Captured
                0x00000000200000d0        0x1 Core/Src/main.o
                0x00000000200000d0                Is_First_Captured
 *fill*         0x00000000200000d1        0x3 
 .bss.coin_IC_Val1
                0x00000000200000d4        0x4 Core/Src/main.o
                0x00000000200000d4                coin_IC_Val1
 .bss.coin_IC_Val2
                0x00000000200000d8        0x4 Core/Src/main.o
                0x00000000200000d8                coin_IC_Val2
 .bss.coin_Difference
                0x00000000200000dc        0x4 Core/Src/main.o
                0x00000000200000dc                coin_Difference
 .bss.coin_Is_First_Captured
                0x00000000200000e0        0x1 Core/Src/main.o
                0x00000000200000e0                coin_Is_First_Captured
 .bss.selected_menu
                0x00000000200000e1        0x1 Core/Src/main.o
                0x00000000200000e1                selected_menu
 *fill*         0x00000000200000e2        0x2 
 .bss.credit    0x00000000200000e4        0x4 Core/Src/main.o
                0x00000000200000e4                credit
 .bss.selected_button
                0x00000000200000e8        0x1 Core/Src/main.o
                0x00000000200000e8                selected_button
 *fill*         0x00000000200000e9        0x3 
 .bss.logic_runner_round_counter
                0x00000000200000ec        0x4 Core/Src/main.o
                0x00000000200000ec                logic_runner_round_counter
 .bss.system_function_start
                0x00000000200000f0        0x1 Core/Src/main.o
                0x00000000200000f0                system_function_start
 *fill*         0x00000000200000f1        0x3 
 .bss.lastTimePress
                0x00000000200000f4        0x4 Core/Src/main.o
                0x00000000200000f4                lastTimePress
 .bss.last_credit_insert
                0x00000000200000f8        0x2 Core/Src/main.o
                0x00000000200000f8                last_credit_insert
 .bss.last_credit_insert_bank
                0x00000000200000fa        0x2 Core/Src/main.o
                0x00000000200000fa                last_credit_insert_bank
 .bss.standby_counter
                0x00000000200000fc        0x1 Core/Src/main.o
                0x00000000200000fc                standby_counter
 .bss.clearButton
                0x00000000200000fd        0x1 Core/Src/main.o
                0x00000000200000fd                clearButton
 .bss.clearButtonCounter
                0x00000000200000fe        0x1 Core/Src/main.o
                0x00000000200000fe                clearButtonCounter
 .bss.tim2_round_counter
                0x00000000200000ff        0x1 Core/Src/main.o
                0x00000000200000ff                tim2_round_counter
 .bss.iot_round_counter
                0x0000000020000100        0x1 Core/Src/main.o
                0x0000000020000100                iot_round_counter
 .bss.decodeMode
                0x0000000020000101        0x1 Core/Src/max7219.o
 *fill*         0x0000000020000102        0x2 
 .bss.__sbrk_heap_end
                0x0000000020000104        0x4 Core/Src/sysmem.o
 .bss.__malloc_free_list
                0x0000000020000108        0x4 c:/st/stm32cubeide_1.4.0/stm32cubeide/plugins/com.st.stm32cube.ide.mcu.externaltools.gnu-tools-for-stm32.9-2020-q2-update.win32_1.5.0.202011040924/tools/bin/../lib/gcc/arm-none-eabi/9.3.1/../../../../arm-none-eabi/lib/thumb/v7-m/nofp\libc_nano.a(lib_a-nano-mallocr.o)
                0x0000000020000108                __malloc_free_list
 .bss.__malloc_sbrk_start
                0x000000002000010c        0x4 c:/st/stm32cubeide_1.4.0/stm32cubeide/plugins/com.st.stm32cube.ide.mcu.externaltools.gnu-tools-for-stm32.9-2020-q2-update.win32_1.5.0.202011040924/tools/bin/../lib/gcc/arm-none-eabi/9.3.1/../../../../arm-none-eabi/lib/thumb/v7-m/nofp\libc_nano.a(lib_a-nano-mallocr.o)
                0x000000002000010c                __malloc_sbrk_start
 *(COMMON)
 COMMON         0x0000000020000110       0x3e Core/Src/main.o
                0x0000000020000110                dev_id_buffer
                0x0000000020000130                data_to_read
                0x0000000020000144                buffer
 *fill*         0x000000002000014e        0x2 
 COMMON         0x0000000020000150       0x14 Core/Src/rtc.o
                0x0000000020000150                hrtc
 COMMON         0x0000000020000164       0x58 Core/Src/spi.o
                0x0000000020000164                hspi2
 COMMON         0x00000000200001bc      0x120 Core/Src/tim.o
                0x00000000200001bc                htim4
                0x0000000020000204                htim3
                0x000000002000024c                htim1
                0x0000000020000294                htim2
 COMMON         0x00000000200002dc       0x80 Core/Src/usart.o
                0x00000000200002dc                huart3
                0x000000002000031c                huart1
 COMMON         0x000000002000035c        0x4 Drivers/STM32F1xx_HAL_Driver/Src/stm32f1xx_hal.o
                0x000000002000035c                uwTick
 COMMON         0x0000000020000360        0x4 c:/st/stm32cubeide_1.4.0/stm32cubeide/plugins/com.st.stm32cube.ide.mcu.externaltools.gnu-tools-for-stm32.9-2020-q2-update.win32_1.5.0.202011040924/tools/bin/../lib/gcc/arm-none-eabi/9.3.1/../../../../arm-none-eabi/lib/thumb/v7-m/nofp\libc_nano.a(lib_a-reent.o)
                0x0000000020000360                errno
 COMMON         0x0000000020000364        0x9 c:/st/stm32cubeide_1.4.0/stm32cubeide/plugins/com.st.stm32cube.ide.mcu.externaltools.gnu-tools-for-stm32.9-2020-q2-update.win32_1.5.0.202011040924/tools/bin/../lib/gcc/arm-none-eabi/9.3.1/../../../../arm-none-eabi/lib/thumb/v7-m/nofp\libc_nano.a(lib_a-lock.o)
                0x0000000020000364                __lock___atexit_recursive_mutex
                0x0000000020000365                __lock___arc4random_mutex
                0x0000000020000366                __lock___env_recursive_mutex
                0x0000000020000367                __lock___sinit_recursive_mutex
                0x0000000020000368                __lock___malloc_recursive_mutex
                0x0000000020000369                __lock___at_quick_exit_mutex
                0x000000002000036a                __lock___dd_hash_mutex
                0x000000002000036b                __lock___tz_mutex
                0x000000002000036c                __lock___sfp_recursive_mutex
                0x0000000020000370                . = ALIGN (0x4)
 *fill*         0x000000002000036d        0x3 
                0x0000000020000370                _ebss = .
                0x0000000020000370                __bss_end__ = _ebss

._user_heap_stack
                0x0000000020000370      0x600 load address 0x0000000008006ad8
                0x0000000020000370                . = ALIGN (0x8)
                [!provide]                        PROVIDE (end = .)
                0x0000000020000370                PROVIDE (_end = .)
                0x0000000020000570                . = (. + _Min_Heap_Size)
 *fill*         0x0000000020000370      0x200 
                0x0000000020000970                . = (. + _Min_Stack_Size)
 *fill*         0x0000000020000570      0x400 
                0x0000000020000970                . = ALIGN (0x8)

/DISCARD/
 libc.a(*)
 libm.a(*)
 libgcc.a(*)

.ARM.attributes
                0x0000000000000000       0x29
 *(.ARM.attributes)
 .ARM.attributes
                0x0000000000000000       0x1d c:/st/stm32cubeide_1.4.0/stm32cubeide/plugins/com.st.stm32cube.ide.mcu.externaltools.gnu-tools-for-stm32.9-2020-q2-update.win32_1.5.0.202011040924/tools/bin/../lib/gcc/arm-none-eabi/9.3.1/thumb/v7-m/nofp/crti.o
 .ARM.attributes
                0x000000000000001d       0x2d c:/st/stm32cubeide_1.4.0/stm32cubeide/plugins/com.st.stm32cube.ide.mcu.externaltools.gnu-tools-for-stm32.9-2020-q2-update.win32_1.5.0.202011040924/tools/bin/../lib/gcc/arm-none-eabi/9.3.1/thumb/v7-m/nofp/crtbegin.o
 .ARM.attributes
                0x000000000000004a       0x2d Core/Src/gpio.o
 .ARM.attributes
                0x0000000000000077       0x2d Core/Src/main.o
 .ARM.attributes
                0x00000000000000a4       0x2d Core/Src/max7219.o
 .ARM.attributes
                0x00000000000000d1       0x2d Core/Src/rtc.o
 .ARM.attributes
                0x00000000000000fe       0x2d Core/Src/spi.o
 .ARM.attributes
                0x000000000000012b       0x2d Core/Src/stm32f1xx_hal_msp.o
 .ARM.attributes
                0x0000000000000158       0x2d Core/Src/stm32f1xx_it.o
 .ARM.attributes
                0x0000000000000185       0x2d Core/Src/sysmem.o
 .ARM.attributes
                0x00000000000001b2       0x2d Core/Src/system_stm32f1xx.o
 .ARM.attributes
                0x00000000000001df       0x2d Core/Src/tim.o
 .ARM.attributes
                0x000000000000020c       0x2d Core/Src/usart.o
 .ARM.attributes
                0x0000000000000239       0x21 Core/Startup/startup_stm32f103c8tx.o
 .ARM.attributes
                0x000000000000025a       0x2d Drivers/STM32F1xx_HAL_Driver/Src/stm32f1xx_hal.o
 .ARM.attributes
                0x0000000000000287       0x2d Drivers/STM32F1xx_HAL_Driver/Src/stm32f1xx_hal_cortex.o
 .ARM.attributes
                0x00000000000002b4       0x2d Drivers/STM32F1xx_HAL_Driver/Src/stm32f1xx_hal_gpio.o
 .ARM.attributes
                0x00000000000002e1       0x2d Drivers/STM32F1xx_HAL_Driver/Src/stm32f1xx_hal_pwr.o
 .ARM.attributes
                0x000000000000030e       0x2d Drivers/STM32F1xx_HAL_Driver/Src/stm32f1xx_hal_rcc.o
 .ARM.attributes
                0x000000000000033b       0x2d Drivers/STM32F1xx_HAL_Driver/Src/stm32f1xx_hal_rcc_ex.o
 .ARM.attributes
                0x0000000000000368       0x2d Drivers/STM32F1xx_HAL_Driver/Src/stm32f1xx_hal_rtc.o
 .ARM.attributes
                0x0000000000000395       0x2d Drivers/STM32F1xx_HAL_Driver/Src/stm32f1xx_hal_rtc_ex.o
 .ARM.attributes
                0x00000000000003c2       0x2d Drivers/STM32F1xx_HAL_Driver/Src/stm32f1xx_hal_spi.o
 .ARM.attributes
                0x00000000000003ef       0x2d Drivers/STM32F1xx_HAL_Driver/Src/stm32f1xx_hal_tim.o
 .ARM.attributes
                0x000000000000041c       0x2d Drivers/STM32F1xx_HAL_Driver/Src/stm32f1xx_hal_tim_ex.o
 .ARM.attributes
                0x0000000000000449       0x2d Drivers/STM32F1xx_HAL_Driver/Src/stm32f1xx_hal_uart.o
 .ARM.attributes
                0x0000000000000476       0x2d c:/st/stm32cubeide_1.4.0/stm32cubeide/plugins/com.st.stm32cube.ide.mcu.externaltools.gnu-tools-for-stm32.9-2020-q2-update.win32_1.5.0.202011040924/tools/bin/../lib/gcc/arm-none-eabi/9.3.1/../../../../arm-none-eabi/lib/thumb/v7-m/nofp\libc_nano.a(lib_a-errno.o)
 .ARM.attributes
                0x00000000000004a3       0x2d c:/st/stm32cubeide_1.4.0/stm32cubeide/plugins/com.st.stm32cube.ide.mcu.externaltools.gnu-tools-for-stm32.9-2020-q2-update.win32_1.5.0.202011040924/tools/bin/../lib/gcc/arm-none-eabi/9.3.1/../../../../arm-none-eabi/lib/thumb/v7-m/nofp\libc_nano.a(lib_a-impure.o)
 .ARM.attributes
                0x00000000000004d0       0x2d c:/st/stm32cubeide_1.4.0/stm32cubeide/plugins/com.st.stm32cube.ide.mcu.externaltools.gnu-tools-for-stm32.9-2020-q2-update.win32_1.5.0.202011040924/tools/bin/../lib/gcc/arm-none-eabi/9.3.1/../../../../arm-none-eabi/lib/thumb/v7-m/nofp\libc_nano.a(lib_a-init.o)
 .ARM.attributes
                0x00000000000004fd       0x2d c:/st/stm32cubeide_1.4.0/stm32cubeide/plugins/com.st.stm32cube.ide.mcu.externaltools.gnu-tools-for-stm32.9-2020-q2-update.win32_1.5.0.202011040924/tools/bin/../lib/gcc/arm-none-eabi/9.3.1/../../../../arm-none-eabi/lib/thumb/v7-m/nofp\libc_nano.a(lib_a-memset.o)
 .ARM.attributes
                0x000000000000052a       0x2d c:/st/stm32cubeide_1.4.0/stm32cubeide/plugins/com.st.stm32cube.ide.mcu.externaltools.gnu-tools-for-stm32.9-2020-q2-update.win32_1.5.0.202011040924/tools/bin/../lib/gcc/arm-none-eabi/9.3.1/../../../../arm-none-eabi/lib/thumb/v7-m/nofp\libc_nano.a(lib_a-sprintf.o)
 .ARM.attributes
                0x0000000000000557       0x17 c:/st/stm32cubeide_1.4.0/stm32cubeide/plugins/com.st.stm32cube.ide.mcu.externaltools.gnu-tools-for-stm32.9-2020-q2-update.win32_1.5.0.202011040924/tools/bin/../lib/gcc/arm-none-eabi/9.3.1/../../../../arm-none-eabi/lib/thumb/v7-m/nofp\libc_nano.a(lib_a-strlen.o)
 .ARM.attributes
                0x000000000000056e       0x2d c:/st/stm32cubeide_1.4.0/stm32cubeide/plugins/com.st.stm32cube.ide.mcu.externaltools.gnu-tools-for-stm32.9-2020-q2-update.win32_1.5.0.202011040924/tools/bin/../lib/gcc/arm-none-eabi/9.3.1/../../../../arm-none-eabi/lib/thumb/v7-m/nofp\libc_nano.a(lib_a-nano-svfprintf.o)
 .ARM.attributes
                0x000000000000059b       0x2d c:/st/stm32cubeide_1.4.0/stm32cubeide/plugins/com.st.stm32cube.ide.mcu.externaltools.gnu-tools-for-stm32.9-2020-q2-update.win32_1.5.0.202011040924/tools/bin/../lib/gcc/arm-none-eabi/9.3.1/../../../../arm-none-eabi/lib/thumb/v7-m/nofp\libc_nano.a(lib_a-nano-vfprintf_i.o)
 .ARM.attributes
                0x00000000000005c8       0x2d c:/st/stm32cubeide_1.4.0/stm32cubeide/plugins/com.st.stm32cube.ide.mcu.externaltools.gnu-tools-for-stm32.9-2020-q2-update.win32_1.5.0.202011040924/tools/bin/../lib/gcc/arm-none-eabi/9.3.1/../../../../arm-none-eabi/lib/thumb/v7-m/nofp\libc_nano.a(lib_a-memchr-stub.o)
 .ARM.attributes
                0x00000000000005f5       0x2d c:/st/stm32cubeide_1.4.0/stm32cubeide/plugins/com.st.stm32cube.ide.mcu.externaltools.gnu-tools-for-stm32.9-2020-q2-update.win32_1.5.0.202011040924/tools/bin/../lib/gcc/arm-none-eabi/9.3.1/../../../../arm-none-eabi/lib/thumb/v7-m/nofp\libc_nano.a(lib_a-memcpy-stub.o)
 .ARM.attributes
                0x0000000000000622       0x2d c:/st/stm32cubeide_1.4.0/stm32cubeide/plugins/com.st.stm32cube.ide.mcu.externaltools.gnu-tools-for-stm32.9-2020-q2-update.win32_1.5.0.202011040924/tools/bin/../lib/gcc/arm-none-eabi/9.3.1/../../../../arm-none-eabi/lib/thumb/v7-m/nofp\libc_nano.a(lib_a-memmove.o)
 .ARM.attributes
                0x000000000000064f       0x2d c:/st/stm32cubeide_1.4.0/stm32cubeide/plugins/com.st.stm32cube.ide.mcu.externaltools.gnu-tools-for-stm32.9-2020-q2-update.win32_1.5.0.202011040924/tools/bin/../lib/gcc/arm-none-eabi/9.3.1/../../../../arm-none-eabi/lib/thumb/v7-m/nofp\libc_nano.a(lib_a-nano-freer.o)
 .ARM.attributes
                0x000000000000067c       0x2d c:/st/stm32cubeide_1.4.0/stm32cubeide/plugins/com.st.stm32cube.ide.mcu.externaltools.gnu-tools-for-stm32.9-2020-q2-update.win32_1.5.0.202011040924/tools/bin/../lib/gcc/arm-none-eabi/9.3.1/../../../../arm-none-eabi/lib/thumb/v7-m/nofp\libc_nano.a(lib_a-nano-mallocr.o)
 .ARM.attributes
                0x00000000000006a9       0x2d c:/st/stm32cubeide_1.4.0/stm32cubeide/plugins/com.st.stm32cube.ide.mcu.externaltools.gnu-tools-for-stm32.9-2020-q2-update.win32_1.5.0.202011040924/tools/bin/../lib/gcc/arm-none-eabi/9.3.1/../../../../arm-none-eabi/lib/thumb/v7-m/nofp\libc_nano.a(lib_a-nano-reallocr.o)
 .ARM.attributes
                0x00000000000006d6       0x2d c:/st/stm32cubeide_1.4.0/stm32cubeide/plugins/com.st.stm32cube.ide.mcu.externaltools.gnu-tools-for-stm32.9-2020-q2-update.win32_1.5.0.202011040924/tools/bin/../lib/gcc/arm-none-eabi/9.3.1/../../../../arm-none-eabi/lib/thumb/v7-m/nofp\libc_nano.a(lib_a-sbrkr.o)
 .ARM.attributes
                0x0000000000000703       0x2d c:/st/stm32cubeide_1.4.0/stm32cubeide/plugins/com.st.stm32cube.ide.mcu.externaltools.gnu-tools-for-stm32.9-2020-q2-update.win32_1.5.0.202011040924/tools/bin/../lib/gcc/arm-none-eabi/9.3.1/../../../../arm-none-eabi/lib/thumb/v7-m/nofp\libc_nano.a(lib_a-mlock.o)
 .ARM.attributes
                0x0000000000000730       0x2d c:/st/stm32cubeide_1.4.0/stm32cubeide/plugins/com.st.stm32cube.ide.mcu.externaltools.gnu-tools-for-stm32.9-2020-q2-update.win32_1.5.0.202011040924/tools/bin/../lib/gcc/arm-none-eabi/9.3.1/../../../../arm-none-eabi/lib/thumb/v7-m/nofp\libc_nano.a(lib_a-nano-msizer.o)
 .ARM.attributes
                0x000000000000075d       0x2d c:/st/stm32cubeide_1.4.0/stm32cubeide/plugins/com.st.stm32cube.ide.mcu.externaltools.gnu-tools-for-stm32.9-2020-q2-update.win32_1.5.0.202011040924/tools/bin/../lib/gcc/arm-none-eabi/9.3.1/../../../../arm-none-eabi/lib/thumb/v7-m/nofp\libc_nano.a(lib_a-reent.o)
 .ARM.attributes
                0x000000000000078a       0x2d c:/st/stm32cubeide_1.4.0/stm32cubeide/plugins/com.st.stm32cube.ide.mcu.externaltools.gnu-tools-for-stm32.9-2020-q2-update.win32_1.5.0.202011040924/tools/bin/../lib/gcc/arm-none-eabi/9.3.1/../../../../arm-none-eabi/lib/thumb/v7-m/nofp\libc_nano.a(lib_a-lock.o)
 .ARM.attributes
                0x00000000000007b7       0x1d c:/st/stm32cubeide_1.4.0/stm32cubeide/plugins/com.st.stm32cube.ide.mcu.externaltools.gnu-tools-for-stm32.9-2020-q2-update.win32_1.5.0.202011040924/tools/bin/../lib/gcc/arm-none-eabi/9.3.1/thumb/v7-m/nofp/crtn.o
OUTPUT(i2c_test_c8t6.elf elf32-littlearm)
LOAD linker stubs
LOAD c:/st/stm32cubeide_1.4.0/stm32cubeide/plugins/com.st.stm32cube.ide.mcu.externaltools.gnu-tools-for-stm32.9-2020-q2-update.win32_1.5.0.202011040924/tools/bin/../lib/gcc/arm-none-eabi/9.3.1/../../../../arm-none-eabi/lib/thumb/v7-m/nofp\libc.a
LOAD c:/st/stm32cubeide_1.4.0/stm32cubeide/plugins/com.st.stm32cube.ide.mcu.externaltools.gnu-tools-for-stm32.9-2020-q2-update.win32_1.5.0.202011040924/tools/bin/../lib/gcc/arm-none-eabi/9.3.1/../../../../arm-none-eabi/lib/thumb/v7-m/nofp\libm.a
LOAD c:/st/stm32cubeide_1.4.0/stm32cubeide/plugins/com.st.stm32cube.ide.mcu.externaltools.gnu-tools-for-stm32.9-2020-q2-update.win32_1.5.0.202011040924/tools/bin/../lib/gcc/arm-none-eabi/9.3.1/thumb/v7-m/nofp\libgcc.a

.debug_info     0x0000000000000000    0x11f29
 .debug_info    0x0000000000000000      0x4f3 Core/Src/gpio.o
 .debug_info    0x00000000000004f3     0x24ae Core/Src/main.o
 .debug_info    0x00000000000029a1      0xafb Core/Src/max7219.o
 .debug_info    0x000000000000349c      0x538 Core/Src/rtc.o
 .debug_info    0x00000000000039d4      0x899 Core/Src/spi.o
 .debug_info    0x000000000000426d      0x443 Core/Src/stm32f1xx_hal_msp.o
 .debug_info    0x00000000000046b0      0x872 Core/Src/stm32f1xx_it.o
 .debug_info    0x0000000000004f22      0xa25 Core/Src/sysmem.o
 .debug_info    0x0000000000005947      0x2be Core/Src/system_stm32f1xx.o
 .debug_info    0x0000000000005c05      0xd6e Core/Src/tim.o
 .debug_info    0x0000000000006973      0x899 Core/Src/usart.o
 .debug_info    0x000000000000720c       0x22 Core/Startup/startup_stm32f103c8tx.o
 .debug_info    0x000000000000722e      0x76a Drivers/STM32F1xx_HAL_Driver/Src/stm32f1xx_hal.o
 .debug_info    0x0000000000007998      0xbdc Drivers/STM32F1xx_HAL_Driver/Src/stm32f1xx_hal_cortex.o
 .debug_info    0x0000000000008574      0x701 Drivers/STM32F1xx_HAL_Driver/Src/stm32f1xx_hal_gpio.o
 .debug_info    0x0000000000008c75      0x730 Drivers/STM32F1xx_HAL_Driver/Src/stm32f1xx_hal_pwr.o
 .debug_info    0x00000000000093a5      0x88e Drivers/STM32F1xx_HAL_Driver/Src/stm32f1xx_hal_rcc.o
 .debug_info    0x0000000000009c33      0x480 Drivers/STM32F1xx_HAL_Driver/Src/stm32f1xx_hal_rcc_ex.o
 .debug_info    0x000000000000a0b3      0xdf9 Drivers/STM32F1xx_HAL_Driver/Src/stm32f1xx_hal_rtc.o
 .debug_info    0x000000000000aeac      0x7d4 Drivers/STM32F1xx_HAL_Driver/Src/stm32f1xx_hal_rtc_ex.o
 .debug_info    0x000000000000b680     0x16af Drivers/STM32F1xx_HAL_Driver/Src/stm32f1xx_hal_spi.o
 .debug_info    0x000000000000cd2f     0x2a43 Drivers/STM32F1xx_HAL_Driver/Src/stm32f1xx_hal_tim.o
 .debug_info    0x000000000000f772     0x1495 Drivers/STM32F1xx_HAL_Driver/Src/stm32f1xx_hal_tim_ex.o
 .debug_info    0x0000000000010c07     0x1322 Drivers/STM32F1xx_HAL_Driver/Src/stm32f1xx_hal_uart.o

.debug_abbrev   0x0000000000000000     0x2eb1
 .debug_abbrev  0x0000000000000000      0x157 Core/Src/gpio.o
 .debug_abbrev  0x0000000000000157      0x2f9 Core/Src/main.o
 .debug_abbrev  0x0000000000000450      0x24a Core/Src/max7219.o
 .debug_abbrev  0x000000000000069a      0x193 Core/Src/rtc.o
 .debug_abbrev  0x000000000000082d      0x1bb Core/Src/spi.o
 .debug_abbrev  0x00000000000009e8      0x126 Core/Src/stm32f1xx_hal_msp.o
 .debug_abbrev  0x0000000000000b0e      0x190 Core/Src/stm32f1xx_it.o
 .debug_abbrev  0x0000000000000c9e      0x1bf Core/Src/sysmem.o
 .debug_abbrev  0x0000000000000e5d      0x14e Core/Src/system_stm32f1xx.o
 .debug_abbrev  0x0000000000000fab      0x215 Core/Src/tim.o
 .debug_abbrev  0x00000000000011c0      0x1bb Core/Src/usart.o
 .debug_abbrev  0x000000000000137b       0x12 Core/Startup/startup_stm32f103c8tx.o
 .debug_abbrev  0x000000000000138d      0x1ed Drivers/STM32F1xx_HAL_Driver/Src/stm32f1xx_hal.o
 .debug_abbrev  0x000000000000157a      0x313 Drivers/STM32F1xx_HAL_Driver/Src/stm32f1xx_hal_cortex.o
 .debug_abbrev  0x000000000000188d      0x1e8 Drivers/STM32F1xx_HAL_Driver/Src/stm32f1xx_hal_gpio.o
 .debug_abbrev  0x0000000000001a75      0x213 Drivers/STM32F1xx_HAL_Driver/Src/stm32f1xx_hal_pwr.o
 .debug_abbrev  0x0000000000001c88      0x273 Drivers/STM32F1xx_HAL_Driver/Src/stm32f1xx_hal_rcc.o
 .debug_abbrev  0x0000000000001efb      0x193 Drivers/STM32F1xx_HAL_Driver/Src/stm32f1xx_hal_rcc_ex.o
 .debug_abbrev  0x000000000000208e      0x236 Drivers/STM32F1xx_HAL_Driver/Src/stm32f1xx_hal_rtc.o
 .debug_abbrev  0x00000000000022c4      0x24b Drivers/STM32F1xx_HAL_Driver/Src/stm32f1xx_hal_rtc_ex.o
 .debug_abbrev  0x000000000000250f      0x26e Drivers/STM32F1xx_HAL_Driver/Src/stm32f1xx_hal_spi.o
 .debug_abbrev  0x000000000000277d      0x25e Drivers/STM32F1xx_HAL_Driver/Src/stm32f1xx_hal_tim.o
 .debug_abbrev  0x00000000000029db      0x266 Drivers/STM32F1xx_HAL_Driver/Src/stm32f1xx_hal_tim_ex.o
 .debug_abbrev  0x0000000000002c41      0x270 Drivers/STM32F1xx_HAL_Driver/Src/stm32f1xx_hal_uart.o

.debug_aranges  0x0000000000000000     0x11a0
 .debug_aranges
                0x0000000000000000       0x20 Core/Src/gpio.o
 .debug_aranges
                0x0000000000000020       0xe8 Core/Src/main.o
 .debug_aranges
                0x0000000000000108       0x90 Core/Src/max7219.o
 .debug_aranges
                0x0000000000000198       0x30 Core/Src/rtc.o
 .debug_aranges
                0x00000000000001c8       0x30 Core/Src/spi.o
 .debug_aranges
                0x00000000000001f8       0x20 Core/Src/stm32f1xx_hal_msp.o
 .debug_aranges
                0x0000000000000218       0xa0 Core/Src/stm32f1xx_it.o
 .debug_aranges
                0x00000000000002b8       0x20 Core/Src/sysmem.o
 .debug_aranges
                0x00000000000002d8       0x28 Core/Src/system_stm32f1xx.o
 .debug_aranges
                0x0000000000000300       0x48 Core/Src/tim.o
 .debug_aranges
                0x0000000000000348       0x38 Core/Src/usart.o
 .debug_aranges
                0x0000000000000380       0x28 Core/Startup/startup_stm32f103c8tx.o
 .debug_aranges
                0x00000000000003a8       0xe0 Drivers/STM32F1xx_HAL_Driver/Src/stm32f1xx_hal.o
 .debug_aranges
                0x0000000000000488      0x100 Drivers/STM32F1xx_HAL_Driver/Src/stm32f1xx_hal_cortex.o
 .debug_aranges
                0x0000000000000588       0x58 Drivers/STM32F1xx_HAL_Driver/Src/stm32f1xx_hal_gpio.o
 .debug_aranges
                0x00000000000005e0       0xa8 Drivers/STM32F1xx_HAL_Driver/Src/stm32f1xx_hal_pwr.o
 .debug_aranges
                0x0000000000000688       0x90 Drivers/STM32F1xx_HAL_Driver/Src/stm32f1xx_hal_rcc.o
 .debug_aranges
                0x0000000000000718       0x30 Drivers/STM32F1xx_HAL_Driver/Src/stm32f1xx_hal_rcc_ex.o
 .debug_aranges
                0x0000000000000748       0xf8 Drivers/STM32F1xx_HAL_Driver/Src/stm32f1xx_hal_rtc.o
 .debug_aranges
                0x0000000000000840       0x88 Drivers/STM32F1xx_HAL_Driver/Src/stm32f1xx_hal_rtc_ex.o
 .debug_aranges
                0x00000000000008c8      0x1d0 Drivers/STM32F1xx_HAL_Driver/Src/stm32f1xx_hal_spi.o
 .debug_aranges
                0x0000000000000a98      0x3d0 Drivers/STM32F1xx_HAL_Driver/Src/stm32f1xx_hal_tim.o
 .debug_aranges
                0x0000000000000e68      0x168 Drivers/STM32F1xx_HAL_Driver/Src/stm32f1xx_hal_tim_ex.o
 .debug_aranges
                0x0000000000000fd0      0x1d0 Drivers/STM32F1xx_HAL_Driver/Src/stm32f1xx_hal_uart.o

.debug_ranges   0x0000000000000000     0x1028
 .debug_ranges  0x0000000000000000       0x10 Core/Src/gpio.o
 .debug_ranges  0x0000000000000010       0xd8 Core/Src/main.o
 .debug_ranges  0x00000000000000e8       0x80 Core/Src/max7219.o
 .debug_ranges  0x0000000000000168       0x20 Core/Src/rtc.o
 .debug_ranges  0x0000000000000188       0x20 Core/Src/spi.o
 .debug_ranges  0x00000000000001a8       0x10 Core/Src/stm32f1xx_hal_msp.o
 .debug_ranges  0x00000000000001b8       0x90 Core/Src/stm32f1xx_it.o
 .debug_ranges  0x0000000000000248       0x10 Core/Src/sysmem.o
 .debug_ranges  0x0000000000000258       0x18 Core/Src/system_stm32f1xx.o
 .debug_ranges  0x0000000000000270       0x38 Core/Src/tim.o
 .debug_ranges  0x00000000000002a8       0x28 Core/Src/usart.o
 .debug_ranges  0x00000000000002d0       0x20 Core/Startup/startup_stm32f103c8tx.o
 .debug_ranges  0x00000000000002f0       0xd0 Drivers/STM32F1xx_HAL_Driver/Src/stm32f1xx_hal.o
 .debug_ranges  0x00000000000003c0       0xf0 Drivers/STM32F1xx_HAL_Driver/Src/stm32f1xx_hal_cortex.o
 .debug_ranges  0x00000000000004b0       0x48 Drivers/STM32F1xx_HAL_Driver/Src/stm32f1xx_hal_gpio.o
 .debug_ranges  0x00000000000004f8       0x98 Drivers/STM32F1xx_HAL_Driver/Src/stm32f1xx_hal_pwr.o
 .debug_ranges  0x0000000000000590       0x80 Drivers/STM32F1xx_HAL_Driver/Src/stm32f1xx_hal_rcc.o
 .debug_ranges  0x0000000000000610       0x20 Drivers/STM32F1xx_HAL_Driver/Src/stm32f1xx_hal_rcc_ex.o
 .debug_ranges  0x0000000000000630       0xe8 Drivers/STM32F1xx_HAL_Driver/Src/stm32f1xx_hal_rtc.o
 .debug_ranges  0x0000000000000718       0x78 Drivers/STM32F1xx_HAL_Driver/Src/stm32f1xx_hal_rtc_ex.o
 .debug_ranges  0x0000000000000790      0x1c0 Drivers/STM32F1xx_HAL_Driver/Src/stm32f1xx_hal_spi.o
 .debug_ranges  0x0000000000000950      0x3c0 Drivers/STM32F1xx_HAL_Driver/Src/stm32f1xx_hal_tim.o
 .debug_ranges  0x0000000000000d10      0x158 Drivers/STM32F1xx_HAL_Driver/Src/stm32f1xx_hal_tim_ex.o
 .debug_ranges  0x0000000000000e68      0x1c0 Drivers/STM32F1xx_HAL_Driver/Src/stm32f1xx_hal_uart.o

.debug_macro    0x0000000000000000    0x1976c
 .debug_macro   0x0000000000000000      0x1da Core/Src/gpio.o
 .debug_macro   0x00000000000001da      0xa9c Core/Src/gpio.o
 .debug_macro   0x0000000000000c76      0x227 Core/Src/gpio.o
 .debug_macro   0x0000000000000e9d       0x2e Core/Src/gpio.o
 .debug_macro   0x0000000000000ecb       0x22 Core/Src/gpio.o
 .debug_macro   0x0000000000000eed       0x22 Core/Src/gpio.o
 .debug_macro   0x0000000000000f0f       0x8e Core/Src/gpio.o
 .debug_macro   0x0000000000000f9d       0x51 Core/Src/gpio.o
 .debug_macro   0x0000000000000fee      0x103 Core/Src/gpio.o
 .debug_macro   0x00000000000010f1       0x6a Core/Src/gpio.o
 .debug_macro   0x000000000000115b      0x1df Core/Src/gpio.o
 .debug_macro   0x000000000000133a       0x1c Core/Src/gpio.o
 .debug_macro   0x0000000000001356       0x22 Core/Src/gpio.o
 .debug_macro   0x0000000000001378       0xc3 Core/Src/gpio.o
 .debug_macro   0x000000000000143b      0xd23 Core/Src/gpio.o
 .debug_macro   0x000000000000215e     0xe097 Core/Src/gpio.o
 .debug_macro   0x00000000000101f5       0x43 Core/Src/gpio.o
 .debug_macro   0x0000000000010238     0x3468 Core/Src/gpio.o
 .debug_macro   0x00000000000136a0      0x174 Core/Src/gpio.o
 .debug_macro   0x0000000000013814       0x5c Core/Src/gpio.o
 .debug_macro   0x0000000000013870      0x5be Core/Src/gpio.o
 .debug_macro   0x0000000000013e2e      0x289 Core/Src/gpio.o
 .debug_macro   0x00000000000140b7      0x1cb Core/Src/gpio.o
 .debug_macro   0x0000000000014282      0x114 Core/Src/gpio.o
 .debug_macro   0x0000000000014396      0x1b2 Core/Src/gpio.o
 .debug_macro   0x0000000000014548       0x27 Core/Src/gpio.o
 .debug_macro   0x000000000001456f      0x136 Core/Src/gpio.o
 .debug_macro   0x00000000000146a5      0x1bc Core/Src/gpio.o
 .debug_macro   0x0000000000014861       0x34 Core/Src/gpio.o
 .debug_macro   0x0000000000014895       0x3c Core/Src/gpio.o
 .debug_macro   0x00000000000148d1       0x57 Core/Src/gpio.o
 .debug_macro   0x0000000000014928       0x88 Core/Src/gpio.o
 .debug_macro   0x00000000000149b0      0x241 Core/Src/gpio.o
 .debug_macro   0x0000000000014bf1      0x141 Core/Src/gpio.o
 .debug_macro   0x0000000000014d32      0x1ef Core/Src/gpio.o
 .debug_macro   0x0000000000014f21       0xec Core/Src/gpio.o
 .debug_macro   0x000000000001500d      0x217 Core/Src/gpio.o
 .debug_macro   0x0000000000015224      0x8d1 Core/Src/gpio.o
 .debug_macro   0x0000000000015af5      0x26b Core/Src/gpio.o
 .debug_macro   0x0000000000015d60       0x83 Core/Src/gpio.o
 .debug_macro   0x0000000000015de3       0xdc Core/Src/gpio.o
 .debug_macro   0x0000000000015ebf      0x3c6 Core/Src/main.o
 .debug_macro   0x0000000000016285       0x52 Core/Src/main.o
 .debug_macro   0x00000000000162d7       0x18 Core/Src/main.o
 .debug_macro   0x00000000000162ef       0x3c Core/Src/main.o
 .debug_macro   0x000000000001632b       0x34 Core/Src/main.o
 .debug_macro   0x000000000001635f       0x16 Core/Src/main.o
 .debug_macro   0x0000000000016375       0x35 Core/Src/main.o
 .debug_macro   0x00000000000163aa      0x333 Core/Src/main.o
 .debug_macro   0x00000000000166dd       0x10 Core/Src/main.o
 .debug_macro   0x00000000000166ed       0x16 Core/Src/main.o
 .debug_macro   0x0000000000016703       0x43 Core/Src/main.o
 .debug_macro   0x0000000000016746       0x34 Core/Src/main.o
 .debug_macro   0x000000000001677a       0x10 Core/Src/main.o
 .debug_macro   0x000000000001678a       0x58 Core/Src/main.o
 .debug_macro   0x00000000000167e2       0x71 Core/Src/main.o
 .debug_macro   0x0000000000016853       0x1c Core/Src/main.o
 .debug_macro   0x000000000001686f      0x12a Core/Src/main.o
 .debug_macro   0x0000000000016999       0x10 Core/Src/main.o
 .debug_macro   0x00000000000169a9       0x1c Core/Src/main.o
 .debug_macro   0x00000000000169c5       0x52 Core/Src/main.o
 .debug_macro   0x0000000000016a17       0x22 Core/Src/main.o
 .debug_macro   0x0000000000016a39       0x10 Core/Src/main.o
 .debug_macro   0x0000000000016a49       0x40 Core/Src/main.o
 .debug_macro   0x0000000000016a89       0xd5 Core/Src/main.o
 .debug_macro   0x0000000000016b5e       0x1c Core/Src/main.o
 .debug_macro   0x0000000000016b7a       0x3d Core/Src/main.o
 .debug_macro   0x0000000000016bb7       0x16 Core/Src/main.o
 .debug_macro   0x0000000000016bcd      0x145 Core/Src/main.o
 .debug_macro   0x0000000000016d12       0x16 Core/Src/main.o
 .debug_macro   0x0000000000016d28       0x20 Core/Src/main.o
 .debug_macro   0x0000000000016d48       0x22 Core/Src/main.o
 .debug_macro   0x0000000000016d6a      0x1a9 Core/Src/main.o
 .debug_macro   0x0000000000016f13       0x16 Core/Src/main.o
 .debug_macro   0x0000000000016f29      0x200 Core/Src/max7219.o
 .debug_macro   0x0000000000017129       0x10 Core/Src/max7219.o
 .debug_macro   0x0000000000017139      0x1da Core/Src/rtc.o
 .debug_macro   0x0000000000017313      0x1da Core/Src/spi.o
 .debug_macro   0x00000000000174ed      0x1d0 Core/Src/stm32f1xx_hal_msp.o
 .debug_macro   0x00000000000176bd      0x1da Core/Src/stm32f1xx_it.o
 .debug_macro   0x0000000000017897       0xff Core/Src/sysmem.o
 .debug_macro   0x0000000000017996      0x23b Core/Src/sysmem.o
 .debug_macro   0x0000000000017bd1      0x1c1 Core/Src/system_stm32f1xx.o
 .debug_macro   0x0000000000017d92      0x1da Core/Src/tim.o
 .debug_macro   0x0000000000017f6c      0x1da Core/Src/usart.o
 .debug_macro   0x0000000000018146      0x1e5 Drivers/STM32F1xx_HAL_Driver/Src/stm32f1xx_hal.o
 .debug_macro   0x000000000001832b      0x1c1 Drivers/STM32F1xx_HAL_Driver/Src/stm32f1xx_hal_cortex.o
 .debug_macro   0x00000000000184ec      0x22c Drivers/STM32F1xx_HAL_Driver/Src/stm32f1xx_hal_gpio.o
 .debug_macro   0x0000000000018718      0x221 Drivers/STM32F1xx_HAL_Driver/Src/stm32f1xx_hal_pwr.o
 .debug_macro   0x0000000000018939      0x1d3 Drivers/STM32F1xx_HAL_Driver/Src/stm32f1xx_hal_rcc.o
 .debug_macro   0x0000000000018b0c      0x1c1 Drivers/STM32F1xx_HAL_Driver/Src/stm32f1xx_hal_rcc_ex.o
 .debug_macro   0x0000000000018ccd      0x1d0 Drivers/STM32F1xx_HAL_Driver/Src/stm32f1xx_hal_rtc.o
 .debug_macro   0x0000000000018e9d      0x1c1 Drivers/STM32F1xx_HAL_Driver/Src/stm32f1xx_hal_rtc_ex.o
 .debug_macro   0x000000000001905e      0x1c9 Drivers/STM32F1xx_HAL_Driver/Src/stm32f1xx_hal_spi.o
 .debug_macro   0x0000000000019227      0x1c2 Drivers/STM32F1xx_HAL_Driver/Src/stm32f1xx_hal_tim.o
 .debug_macro   0x00000000000193e9      0x1c1 Drivers/STM32F1xx_HAL_Driver/Src/stm32f1xx_hal_tim_ex.o
 .debug_macro   0x00000000000195aa      0x1c2 Drivers/STM32F1xx_HAL_Driver/Src/stm32f1xx_hal_uart.o

.debug_line     0x0000000000000000    0x136df
 .debug_line    0x0000000000000000      0x719 Core/Src/gpio.o
 .debug_line    0x0000000000000719     0x1270 Core/Src/main.o
 .debug_line    0x0000000000001989      0x956 Core/Src/max7219.o
 .debug_line    0x00000000000022df      0x730 Core/Src/rtc.o
 .debug_line    0x0000000000002a0f      0x732 Core/Src/spi.o
 .debug_line    0x0000000000003141      0x6cc Core/Src/stm32f1xx_hal_msp.o
 .debug_line    0x000000000000380d      0x843 Core/Src/stm32f1xx_it.o
 .debug_line    0x0000000000004050      0x4f8 Core/Src/sysmem.o
 .debug_line    0x0000000000004548      0x743 Core/Src/system_stm32f1xx.o
 .debug_line    0x0000000000004c8b      0x8c6 Core/Src/tim.o
 .debug_line    0x0000000000005551      0x7a4 Core/Src/usart.o
 .debug_line    0x0000000000005cf5       0x84 Core/Startup/startup_stm32f103c8tx.o
 .debug_line    0x0000000000005d79      0x970 Drivers/STM32F1xx_HAL_Driver/Src/stm32f1xx_hal.o
 .debug_line    0x00000000000066e9      0xb58 Drivers/STM32F1xx_HAL_Driver/Src/stm32f1xx_hal_cortex.o
 .debug_line    0x0000000000007241      0xa07 Drivers/STM32F1xx_HAL_Driver/Src/stm32f1xx_hal_gpio.o
 .debug_line    0x0000000000007c48      0x8f2 Drivers/STM32F1xx_HAL_Driver/Src/stm32f1xx_hal_pwr.o
 .debug_line    0x000000000000853a      0xd7e Drivers/STM32F1xx_HAL_Driver/Src/stm32f1xx_hal_rcc.o
 .debug_line    0x00000000000092b8      0x8bc Drivers/STM32F1xx_HAL_Driver/Src/stm32f1xx_hal_rcc_ex.o
 .debug_line    0x0000000000009b74     0x10e2 Drivers/STM32F1xx_HAL_Driver/Src/stm32f1xx_hal_rtc.o
 .debug_line    0x000000000000ac56      0x9f9 Drivers/STM32F1xx_HAL_Driver/Src/stm32f1xx_hal_rtc_ex.o
 .debug_line    0x000000000000b64f     0x1be8 Drivers/STM32F1xx_HAL_Driver/Src/stm32f1xx_hal_spi.o
 .debug_line    0x000000000000d237     0x3318 Drivers/STM32F1xx_HAL_Driver/Src/stm32f1xx_hal_tim.o
 .debug_line    0x000000000001054f     0x1a16 Drivers/STM32F1xx_HAL_Driver/Src/stm32f1xx_hal_tim_ex.o
 .debug_line    0x0000000000011f65     0x177a Drivers/STM32F1xx_HAL_Driver/Src/stm32f1xx_hal_uart.o

.debug_str      0x0000000000000000    0x8fa91
 .debug_str     0x0000000000000000    0x860ef Core/Src/gpio.o
                                      0x864e0 (size before relaxing)
 .debug_str     0x00000000000860ef     0x5a0e Core/Src/main.o
                                      0x8c0d4 (size before relaxing)
 .debug_str     0x000000000008bafd      0x2c6 Core/Src/max7219.o
                                      0x8692d (size before relaxing)
 .debug_str     0x000000000008bdc3       0x76 Core/Src/rtc.o
                                      0x8637b (size before relaxing)
 .debug_str     0x000000000008be39       0x4b Core/Src/spi.o
                                      0x865ed (size before relaxing)
 .debug_str     0x000000000008be84       0x5a Core/Src/stm32f1xx_hal_msp.o
                                      0x86496 (size before relaxing)
 .debug_str     0x000000000008bede      0x133 Core/Src/stm32f1xx_it.o
                                      0x86747 (size before relaxing)
 .debug_str     0x000000000008c011      0x4e9 Core/Src/sysmem.o
                                       0x6258 (size before relaxing)
 .debug_str     0x000000000008c4fa       0x52 Core/Src/system_stm32f1xx.o
                                      0x85dc4 (size before relaxing)
 .debug_str     0x000000000008c54c      0x147 Core/Src/tim.o
                                      0x86b31 (size before relaxing)
 .debug_str     0x000000000008c693       0x6b Core/Src/usart.o
                                      0x865f1 (size before relaxing)
 .debug_str     0x000000000008c6fe       0x36 Core/Startup/startup_stm32f103c8tx.o
                                         0x6c (size before relaxing)
 .debug_str     0x000000000008c734      0x2fa Drivers/STM32F1xx_HAL_Driver/Src/stm32f1xx_hal.o
                                      0x86455 (size before relaxing)
 .debug_str     0x000000000008ca2e      0x300 Drivers/STM32F1xx_HAL_Driver/Src/stm32f1xx_hal_cortex.o
                                      0x8645d (size before relaxing)
 .debug_str     0x000000000008cd2e      0x304 Drivers/STM32F1xx_HAL_Driver/Src/stm32f1xx_hal_gpio.o
                                      0x86188 (size before relaxing)
 .debug_str     0x000000000008d032      0x507 Drivers/STM32F1xx_HAL_Driver/Src/stm32f1xx_hal_pwr.o
                                      0x86327 (size before relaxing)
 .debug_str     0x000000000008d539      0x243 Drivers/STM32F1xx_HAL_Driver/Src/stm32f1xx_hal_rcc.o
                                      0x861c1 (size before relaxing)
 .debug_str     0x000000000008d77c       0xb9 Drivers/STM32F1xx_HAL_Driver/Src/stm32f1xx_hal_rcc_ex.o
                                      0x85f4e (size before relaxing)
 .debug_str     0x000000000008d835      0x33f Drivers/STM32F1xx_HAL_Driver/Src/stm32f1xx_hal_rtc.o
                                      0x862d4 (size before relaxing)
 .debug_str     0x000000000008db74      0x206 Drivers/STM32F1xx_HAL_Driver/Src/stm32f1xx_hal_rtc_ex.o
                                      0x86131 (size before relaxing)
 .debug_str     0x000000000008dd7a      0x54e Drivers/STM32F1xx_HAL_Driver/Src/stm32f1xx_hal_spi.o
                                      0x866c9 (size before relaxing)
 .debug_str     0x000000000008e2c8      0xd8e Drivers/STM32F1xx_HAL_Driver/Src/stm32f1xx_hal_tim.o
                                      0x87193 (size before relaxing)
 .debug_str     0x000000000008f056      0x517 Drivers/STM32F1xx_HAL_Driver/Src/stm32f1xx_hal_tim_ex.o
                                      0x8696d (size before relaxing)
 .debug_str     0x000000000008f56d      0x524 Drivers/STM32F1xx_HAL_Driver/Src/stm32f1xx_hal_uart.o
                                      0x866c7 (size before relaxing)

.comment        0x0000000000000000       0x53
 .comment       0x0000000000000000       0x53 Core/Src/gpio.o
                                         0x54 (size before relaxing)
 .comment       0x0000000000000053       0x54 Core/Src/main.o
 .comment       0x0000000000000053       0x54 Core/Src/max7219.o
 .comment       0x0000000000000053       0x54 Core/Src/rtc.o
 .comment       0x0000000000000053       0x54 Core/Src/spi.o
 .comment       0x0000000000000053       0x54 Core/Src/stm32f1xx_hal_msp.o
 .comment       0x0000000000000053       0x54 Core/Src/stm32f1xx_it.o
 .comment       0x0000000000000053       0x54 Core/Src/sysmem.o
 .comment       0x0000000000000053       0x54 Core/Src/system_stm32f1xx.o
 .comment       0x0000000000000053       0x54 Core/Src/tim.o
 .comment       0x0000000000000053       0x54 Core/Src/usart.o
 .comment       0x0000000000000053       0x54 Drivers/STM32F1xx_HAL_Driver/Src/stm32f1xx_hal.o
 .comment       0x0000000000000053       0x54 Drivers/STM32F1xx_HAL_Driver/Src/stm32f1xx_hal_cortex.o
 .comment       0x0000000000000053       0x54 Drivers/STM32F1xx_HAL_Driver/Src/stm32f1xx_hal_gpio.o
 .comment       0x0000000000000053       0x54 Drivers/STM32F1xx_HAL_Driver/Src/stm32f1xx_hal_pwr.o