Archive member included to satisfy reference by file (symbol)

/Applications/STM32CubeIDE.app/Contents/Eclipse/plugins/com.st.stm32cube.ide.mcu.externaltools.gnu-tools-for-stm32.9-2020-q2-update.macos64_2.0.0.202105311346/tools/bin/../lib/gcc/arm-none-eabi/9.3.1/../../../../arm-none-eabi/lib/thumb/v7-m/nofp/libc_nano.a(lib_a-errno.o)
                              ./Core/Src/syscalls.o (__errno)
/Applications/STM32CubeIDE.app/Contents/Eclipse/plugins/com.st.stm32cube.ide.mcu.externaltools.gnu-tools-for-stm32.9-2020-q2-update.macos64_2.0.0.202105311346/tools/bin/../lib/gcc/arm-none-eabi/9.3.1/../../../../arm-none-eabi/lib/thumb/v7-m/nofp/libc_nano.a(lib_a-exit.o)
                              /Applications/STM32CubeIDE.app/Contents/Eclipse/plugins/com.st.stm32cube.ide.mcu.externaltools.gnu-tools-for-stm32.9-2020-q2-update.macos64_2.0.0.202105311346/tools/bin/../lib/gcc/arm-none-eabi/9.3.1/../../../../arm-none-eabi/lib/thumb/v7-m/nofp/crt0.o (exit)
/Applications/STM32CubeIDE.app/Contents/Eclipse/plugins/com.st.stm32cube.ide.mcu.externaltools.gnu-tools-for-stm32.9-2020-q2-update.macos64_2.0.0.202105311346/tools/bin/../lib/gcc/arm-none-eabi/9.3.1/../../../../arm-none-eabi/lib/thumb/v7-m/nofp/libc_nano.a(lib_a-impure.o)
                              /Applications/STM32CubeIDE.app/Contents/Eclipse/plugins/com.st.stm32cube.ide.mcu.externaltools.gnu-tools-for-stm32.9-2020-q2-update.macos64_2.0.0.202105311346/tools/bin/../lib/gcc/arm-none-eabi/9.3.1/../../../../arm-none-eabi/lib/thumb/v7-m/nofp/libc_nano.a(lib_a-exit.o) (_global_impure_ptr)
/Applications/STM32CubeIDE.app/Contents/Eclipse/plugins/com.st.stm32cube.ide.mcu.externaltools.gnu-tools-for-stm32.9-2020-q2-update.macos64_2.0.0.202105311346/tools/bin/../lib/gcc/arm-none-eabi/9.3.1/../../../../arm-none-eabi/lib/thumb/v7-m/nofp/libc_nano.a(lib_a-init.o)
                              /Applications/STM32CubeIDE.app/Contents/Eclipse/plugins/com.st.stm32cube.ide.mcu.externaltools.gnu-tools-for-stm32.9-2020-q2-update.macos64_2.0.0.202105311346/tools/bin/../lib/gcc/arm-none-eabi/9.3.1/../../../../arm-none-eabi/lib/thumb/v7-m/nofp/crt0.o (__libc_init_array)
/Applications/STM32CubeIDE.app/Contents/Eclipse/plugins/com.st.stm32cube.ide.mcu.externaltools.gnu-tools-for-stm32.9-2020-q2-update.macos64_2.0.0.202105311346/tools/bin/../lib/gcc/arm-none-eabi/9.3.1/../../../../arm-none-eabi/lib/thumb/v7-m/nofp/libc_nano.a(lib_a-memset.o)
                              /Applications/STM32CubeIDE.app/Contents/Eclipse/plugins/com.st.stm32cube.ide.mcu.externaltools.gnu-tools-for-stm32.9-2020-q2-update.macos64_2.0.0.202105311346/tools/bin/../lib/gcc/arm-none-eabi/9.3.1/../../../../arm-none-eabi/lib/thumb/v7-m/nofp/crt0.o (memset)
/Applications/STM32CubeIDE.app/Contents/Eclipse/plugins/com.st.stm32cube.ide.mcu.externaltools.gnu-tools-for-stm32.9-2020-q2-update.macos64_2.0.0.202105311346/tools/bin/../lib/gcc/arm-none-eabi/9.3.1/../../../../arm-none-eabi/lib/thumb/v7-m/nofp/libc_nano.a(lib_a-sprintf.o)
                              ./Core/Src/main.o (sprintf)
/Applications/STM32CubeIDE.app/Contents/Eclipse/plugins/com.st.stm32cube.ide.mcu.externaltools.gnu-tools-for-stm32.9-2020-q2-update.macos64_2.0.0.202105311346/tools/bin/../lib/gcc/arm-none-eabi/9.3.1/../../../../arm-none-eabi/lib/thumb/v7-m/nofp/libc_nano.a(lib_a-strlen.o)
                              ./Core/Src/main.o (strlen)
/Applications/STM32CubeIDE.app/Contents/Eclipse/plugins/com.st.stm32cube.ide.mcu.externaltools.gnu-tools-for-stm32.9-2020-q2-update.macos64_2.0.0.202105311346/tools/bin/../lib/gcc/arm-none-eabi/9.3.1/../../../../arm-none-eabi/lib/thumb/v7-m/nofp/libc_nano.a(lib_a-nano-svfprintf.o)
                              /Applications/STM32CubeIDE.app/Contents/Eclipse/plugins/com.st.stm32cube.ide.mcu.externaltools.gnu-tools-for-stm32.9-2020-q2-update.macos64_2.0.0.202105311346/tools/bin/../lib/gcc/arm-none-eabi/9.3.1/../../../../arm-none-eabi/lib/thumb/v7-m/nofp/libc_nano.a(lib_a-sprintf.o) (_svfprintf_r)
/Applications/STM32CubeIDE.app/Contents/Eclipse/plugins/com.st.stm32cube.ide.mcu.externaltools.gnu-tools-for-stm32.9-2020-q2-update.macos64_2.0.0.202105311346/tools/bin/../lib/gcc/arm-none-eabi/9.3.1/../../../../arm-none-eabi/lib/thumb/v7-m/nofp/libc_nano.a(lib_a-nano-vfprintf_i.o)
                              /Applications/STM32CubeIDE.app/Contents/Eclipse/plugins/com.st.stm32cube.ide.mcu.externaltools.gnu-tools-for-stm32.9-2020-q2-update.macos64_2.0.0.202105311346/tools/bin/../lib/gcc/arm-none-eabi/9.3.1/../../../../arm-none-eabi/lib/thumb/v7-m/nofp/libc_nano.a(lib_a-nano-svfprintf.o) (_printf_i)
/Applications/STM32CubeIDE.app/Contents/Eclipse/plugins/com.st.stm32cube.ide.mcu.externaltools.gnu-tools-for-stm32.9-2020-q2-update.macos64_2.0.0.202105311346/tools/bin/../lib/gcc/arm-none-eabi/9.3.1/../../../../arm-none-eabi/lib/thumb/v7-m/nofp/libc_nano.a(lib_a-memchr-stub.o)
[...]
Memory Configuration

Name             Origin             Length             Attributes
RAM              0x0000000020000000 0x0000000000005000 xrw
FLASH            0x0000000008000000 0x0000000000010000 xr
*default*        0x0000000000000000 0xffffffffffffffff

Linker script and memory map

LOAD /Applications/STM32CubeIDE.app/Contents/Eclipse/plugins/com.st.stm32cube.ide.mcu.externaltools.gnu-tools-for-stm32.9-2020-q2-update.macos64_2.0.0.202105311346/tools/bin/../lib/gcc/arm-none-eabi/9.3.1/thumb/v7-m/nofp/crti.o
LOAD /Applications/STM32CubeIDE.app/Contents/Eclipse/plugins/com.st.stm32cube.ide.mcu.externaltools.gnu-tools-for-stm32.9-2020-q2-update.macos64_2.0.0.202105311346/tools/bin/../lib/gcc/arm-none-eabi/9.3.1/thumb/v7-m/nofp/crtbegin.o
LOAD /Applications/STM32CubeIDE.app/Contents/Eclipse/plugins/com.st.stm32cube.ide.mcu.externaltools.gnu-tools-for-stm32.9-2020-q2-update.macos64_2.0.0.202105311346/tools/bin/../lib/gcc/arm-none-eabi/9.3.1/../../../../arm-none-eabi/lib/thumb/v7-m/nofp/crt0.o
LOAD ./Core/Src/gpio.o
LOAD ./Core/Src/iwdg.o
LOAD ./Core/Src/main.o
LOAD ./Core/Src/max7219.o
LOAD ./Core/Src/rtc.o
LOAD ./Core/Src/spi.o
LOAD ./Core/Src/stm32f1xx_hal_msp.o
LOAD ./Core/Src/stm32f1xx_it.o
LOAD ./Core/Src/syscalls.o
LOAD ./Core/Src/sysmem.o
LOAD ./Core/Src/system_stm32f1xx.o
LOAD ./Core/Src/tim.o
LOAD ./Core/Src/usart.o
LOAD ./Core/Startup/startup_stm32f103c8tx.o
LOAD ./Drivers/STM32F1xx_HAL_Driver/stm32f1xx_hal.o
LOAD ./Drivers/STM32F1xx_HAL_Driver/stm32f1xx_hal_cortex.o
LOAD ./Drivers/STM32F1xx_HAL_Driver/stm32f1xx_hal_dma.o
LOAD ./Drivers/STM32F1xx_HAL_Driver/stm32f1xx_hal_exti.o
LOAD ./Drivers/STM32F1xx_HAL_Driver/stm32f1xx_hal_flash.o
LOAD ./Drivers/STM32F1xx_HAL_Driver/stm32f1xx_hal_flash_ex.o
LOAD ./Drivers/STM32F1xx_HAL_Driver/stm32f1xx_hal_gpio.o
LOAD ./Drivers/STM32F1xx_HAL_Driver/stm32f1xx_hal_gpio_ex.o
LOAD ./Drivers/STM32F1xx_HAL_Driver/stm32f1xx_hal_iwdg.o
LOAD ./Drivers/STM32F1xx_HAL_Driver/stm32f1xx_hal_pwr.o
LOAD ./Drivers/STM32F1xx_HAL_Driver/stm32f1xx_hal_rcc.o
LOAD ./Drivers/STM32F1xx_HAL_Driver/stm32f1xx_hal_rcc_ex.o
LOAD ./Drivers/STM32F1xx_HAL_Driver/stm32f1xx_hal_rtc.o
LOAD ./Drivers/STM32F1xx_HAL_Driver/stm32f1xx_hal_rtc_ex.o
LOAD ./Drivers/STM32F1xx_HAL_Driver/stm32f1xx_hal_spi.o
LOAD ./Drivers/STM32F1xx_HAL_Driver/stm32f1xx_hal_tim.o
LOAD ./Drivers/STM32F1xx_HAL_Driver/stm32f1xx_hal_tim_ex.o
LOAD ./Drivers/STM32F1xx_HAL_Driver/stm32f1xx_hal_uart.o
START GROUP
LOAD /Applications/STM32CubeIDE.app/Contents/Eclipse/plugins/com.st.stm32cube.ide.mcu.externaltools.gnu-tools-for-stm32.9-2020-q2-update.macos64_2.0.0.202105311346/tools/bin/../lib/gcc/arm-none-eabi/9.3.1/../../../../arm-none-eabi/lib/thumb/v7-m/nofp/libc_nano.a
LOAD /Applications/STM32CubeIDE.app/Contents/Eclipse/plugins/com.st.stm32cube.ide.mcu.externaltools.gnu-tools-for-stm32.9-2020-q2-update.macos64_2.0.0.202105311346/tools/bin/../lib/gcc/arm-none-eabi/9.3.1/../../../../arm-none-eabi/lib/thumb/v7-m/nofp/libm.a
END GROUP
START GROUP
LOAD /Applications/STM32CubeIDE.app/Contents/Eclipse/plugins/com.st.stm32cube.ide.mcu.externaltools.gnu-tools-for-stm32.9-2020-q2-update.macos64_2.0.0.202105311346/tools/bin/../lib/gcc/arm-none-eabi/9.3.1/thumb/v7-m/nofp/libgcc.a
LOAD /Applications/STM32CubeIDE.app/Contents/Eclipse/plugins/com.st.stm32cube.ide.mcu.externaltools.gnu-tools-for-stm32.9-2020-q2-update.macos64_2.0.0.202105311346/tools/bin/../lib/gcc/arm-none-eabi/9.3.1/../../../../arm-none-eabi/lib/thumb/v7-m/nofp/libc_nano.a
END GROUP
START GROUP
LOAD /Applications/STM32CubeIDE.app/Contents/Eclipse/plugins/com.st.stm32cube.ide.mcu.externaltools.gnu-tools-for-stm32.9-2020-q2-update.macos64_2.0.0.202105311346/tools/bin/../lib/gcc/arm-none-eabi/9.3.1/thumb/v7-m/nofp/libgcc.a
LOAD /Applications/STM32CubeIDE.app/Contents/Eclipse/plugins/com.st.stm32cube.ide.mcu.externaltools.gnu-tools-for-stm32.9-2020-q2-update.macos64_2.0.0.202105311346/tools/bin/../lib/gcc/arm-none-eabi/9.3.1/../../../../arm-none-eabi/lib/thumb/v7-m/nofp/libc_nano.a
LOAD /Applications/STM32CubeIDE.app/Contents/Eclipse/plugins/com.st.stm32cube.ide.mcu.externaltools.gnu-tools-for-stm32.9-2020-q2-update.macos64_2.0.0.202105311346/tools/bin/../lib/gcc/arm-none-eabi/9.3.1/../../../../arm-none-eabi/lib/thumb/v7-m/nofp/libnosys.a
END GROUP
START GROUP
LOAD /Applications/STM32CubeIDE.app/Contents/Eclipse/plugins/com.st.stm32cube.ide.mcu.externaltools.gnu-tools-for-stm32.9-2020-q2-update.macos64_2.0.0.202105311346/tools/bin/../lib/gcc/arm-none-eabi/9.3.1/thumb/v7-m/nofp/libgcc.a
LOAD /Applications/STM32CubeIDE.app/Contents/Eclipse/plugins/com.st.stm32cube.ide.mcu.externaltools.gnu-tools-for-stm32.9-2020-q2-update.macos64_2.0.0.202105311346/tools/bin/../lib/gcc/arm-none-eabi/9.3.1/../../../../arm-none-eabi/lib/thumb/v7-m/nofp/libc_nano.a
LOAD /Applications/STM32CubeIDE.app/Contents/Eclipse/plugins/com.st.stm32cube.ide.mcu.externaltools.gnu-tools-for-stm32.9-2020-q2-update.macos64_2.0.0.202105311346/tools/bin/../lib/gcc/arm-none-eabi/9.3.1/../../../../arm-none-eabi/lib/thumb/v7-m/nofp/libnosys.a
END GROUP
LOAD /Applications/STM32CubeIDE.app/Contents/Eclipse/plugins/com.st.stm32cube.ide.mcu.externaltools.gnu-tools-for-stm32.9-2020-q2-update.macos64_2.0.0.202105311346/tools/bin/../lib/gcc/arm-none-eabi/9.3.1/thumb/v7-m/nofp/crtend.o
LOAD /Applications/STM32CubeIDE.app/Contents/Eclipse/plugins/com.st.stm32cube.ide.mcu.externaltools.gnu-tools-for-stm32.9-2020-q2-update.macos64_2.0.0.202105311346/tools/bin/../lib/gcc/arm-none-eabi/9.3.1/thumb/v7-m/nofp/crtn.o
                0x0000000020005000                _estack = (ORIGIN (RAM) + LENGTH (RAM))
                0x0000000000000200                _Min_Heap_Size = 0x200
                0x0000000000000400                _Min_Stack_Size = 0x400

.isr_vector     0x0000000008000000      0x10c
                0x0000000008000000                . = ALIGN (0x4)
 *(.isr_vector)
 .isr_vector    0x0000000008000000      0x10c ./Core/Startup/startup_stm32f103c8tx.o
                0x0000000008000000                g_pfnVectors
                0x000000000800010c                . = ALIGN (0x4)

.text           0x000000000800010c     0x678c
                0x000000000800010c                . = ALIGN (0x4)
 *(.text)
 .text          0x000000000800010c       0x40 /Applications/STM32CubeIDE.app/Contents/Eclipse/plugins/com.st.stm32cube.ide.mcu.externaltools.gnu-tools-for-stm32.9-2020-q2-update.macos64_2.0.0.202105311346/tools/bin/../lib/gcc/arm-none-eabi/9.3.1/thumb/v7-m/nofp/crtbegin.o
 .text          0x000000000800014c       0x10 /Applications/STM32CubeIDE.app/Contents/Eclipse/plugins/com.st.stm32cube.ide.mcu.externaltools.gnu-tools-for-stm32.9-2020-q2-update.macos64_2.0.0.202105311346/tools/bin/../lib/gcc/arm-none-eabi/9.3.1/../../../../arm-none-eabi/lib/thumb/v7-m/nofp/libc_nano.a(lib_a-strlen.o)
                0x000000000800014c                strlen
 *(.text*)
 .text.MX_GPIO_Init
                0x000000000800015c      0x1d4 ./Core/Src/gpio.o
                0x000000000800015c                MX_GPIO_Init
 .text.MX_IWDG_Init
                0x0000000008000330       0x34 ./Core/Src/iwdg.o
                0x0000000008000330                MX_IWDG_Init
 .text.main     0x0000000008000364      0x158 ./Core/Src/main.o
                0x0000000008000364                main
 .text.SystemClock_Config
                0x00000000080004bc       0xba ./Core/Src/main.o
                0x00000000080004bc                SystemClock_Config
 *fill*         0x0000000008000576        0x2 
 .text.read_settings_from_eeprom
                0x0000000008000578      0x26c ./Core/Src/main.o
                0x0000000008000578                read_settings_from_eeprom
 .text.reset_all_output
                0x00000000080007e4       0x54 ./Core/Src/main.o
                0x00000000080007e4                reset_all_output
 .text.set_output_to
                0x0000000008000838       0x88 ./Core/Src/main.o
                0x0000000008000838                set_output_to
 .text.segment_display_int
                0x00000000080008c0       0x54 ./Core/Src/main.o
                0x00000000080008c0                segment_display_int
 .text.segment_display_function_settings
                0x0000000008000914       0x4c ./Core/Src/main.o
                0x0000000008000914                segment_display_function_settings
 .text.segment_display_standby
                0x0000000008000960      0x1a4 ./Core/Src/main.o
                0x0000000008000960                segment_display_standby
 .text.iot_send_inserted_credit
                0x0000000008000b04       0x78 ./Core/Src/main.o
                0x0000000008000b04                iot_send_inserted_credit
 .text.iot_send_mode
                0x0000000008000b7c       0x78 ./Core/Src/main.o
                0x0000000008000b7c                iot_send_mode
 .text.iot_send_status
                0x0000000008000bf4       0x64 ./Core/Src/main.o
                0x0000000008000bf4                iot_send_status
 .text.HAL_TIM_PeriodElapsedCallback
                0x0000000008000c58      0x3f8 ./Core/Src/main.o
                0x0000000008000c58                HAL_TIM_PeriodElapsedCallback
 .text.disable_all_exti_it
                0x0000000008001050       0x20 ./Core/Src/main.o
                0x0000000008001050                disable_all_exti_it
 .text.enable_all_exti_it
                0x0000000008001070       0x38 ./Core/Src/main.o
                0x0000000008001070                enable_all_exti_it
 .text.decodeSwithPin
                0x00000000080010a8       0x4e ./Core/Src/main.o
                0x00000000080010a8                decodeSwithPin
 *fill*         0x00000000080010f6        0x2 
 .text.HAL_GPIO_EXTI_Callback
                0x00000000080010f8      0x488 ./Core/Src/main.o
                0x00000000080010f8                HAL_GPIO_EXTI_Callback
 .text.isButtonBusy
                0x0000000008001580       0x30 ./Core/Src/main.o
                0x0000000008001580                isButtonBusy
 .text.eeprom_write
                0x00000000080015b0       0x98 ./Core/Src/main.o
                0x00000000080015b0                eeprom_write
 .text.set_add_duration_of_function
                0x0000000008001648      0x130 ./Core/Src/main.o
                0x0000000008001648                set_add_duration_of_function
 .text.set_substract_duration_of_function
                0x0000000008001778      0x130 ./Core/Src/main.o
                0x0000000008001778                set_substract_duration_of_function
 .text.add_coin_credit
                0x00000000080018a8      0x11c ./Core/Src/main.o
                0x00000000080018a8                add_coin_credit
 .text.add_bank_note_credit
                0x00000000080019c4      0x14c ./Core/Src/main.o
                0x00000000080019c4                add_bank_note_credit
 .text.logic_runner
                0x0000000008001b10      0x158 ./Core/Src/main.o
                0x0000000008001b10                logic_runner
 .text.serial_display_credit
                0x0000000008001c68       0x40 ./Core/Src/main.o
                0x0000000008001c68                serial_display_credit
 .text.stop_and_clear_tim1
                0x0000000008001ca8       0x24 ./Core/Src/main.o
                0x0000000008001ca8                stop_and_clear_tim1
 .text.HAL_TIM_IC_CaptureCallback
                0x0000000008001ccc      0x328 ./Core/Src/main.o
                0x0000000008001ccc                HAL_TIM_IC_CaptureCallback
 .text.Error_Handler
                0x0000000008001ff4        0xc ./Core/Src/main.o
                0x0000000008001ff4                Error_Handler
 .text.max7219_Init
                0x0000000008002000       0x32 ./Core/Src/max7219.o
                0x0000000008002000                max7219_Init
 .text.max7219_SetIntensivity
                0x0000000008002032       0x24 ./Core/Src/max7219.o
                0x0000000008002032                max7219_SetIntensivity
 .text.max7219_DisableDisplayTest
                0x0000000008002056       0x10 ./Core/Src/max7219.o
                0x0000000008002056                max7219_DisableDisplayTest
 *fill*         0x0000000008002066        0x2 
 .text.max7219_Clean
                0x0000000008002068       0x48 ./Core/Src/max7219.o
                0x0000000008002068                max7219_Clean
 .text.max7219_SendData
                0x00000000080020b0       0x54 ./Core/Src/max7219.o
                0x00000000080020b0                max7219_SendData
 .text.max7219_Turn_On
                0x0000000008002104       0x14 ./Core/Src/max7219.o
                0x0000000008002104                max7219_Turn_On
 .text.max7219_Turn_Off
                0x0000000008002118       0x14 ./Core/Src/max7219.o
                0x0000000008002118                max7219_Turn_Off
 .text.max7219_Decode_On
                0x000000000800212c       0x20 ./Core/Src/max7219.o
                0x000000000800212c                max7219_Decode_On
 .text.max7219_PrintDigit
                0x000000000800214c       0xb4 ./Core/Src/max7219.o
                0x000000000800214c                max7219_PrintDigit
 .text.max7219_PrintItos
                0x0000000008002200       0xf4 ./Core/Src/max7219.o
                0x0000000008002200                max7219_PrintItos
 .text.getSymbol
                0x00000000080022f4       0x20 ./Core/Src/max7219.o
 .text.MX_RTC_Init
                0x0000000008002314       0x94 ./Core/Src/rtc.o
                0x0000000008002314                MX_RTC_Init
 .text.HAL_RTC_MspInit
                0x00000000080023a8       0x48 ./Core/Src/rtc.o
                0x00000000080023a8                HAL_RTC_MspInit
 .text.MX_SPI2_Init
                0x00000000080023f0       0x6c ./Core/Src/spi.o
                0x00000000080023f0                MX_SPI2_Init
 .text.HAL_SPI_MspInit
                0x000000000800245c       0x80 ./Core/Src/spi.o
                0x000000000800245c                HAL_SPI_MspInit
 .text.HAL_MspInit
                0x00000000080024dc       0xac ./Core/Src/stm32f1xx_hal_msp.o
                0x00000000080024dc                HAL_MspInit
 .text.NMI_Handler
                0x0000000008002588        0xc ./Core/Src/stm32f1xx_it.o
                0x0000000008002588                NMI_Handler
 .text.HardFault_Handler
                0x0000000008002594        0x6 ./Core/Src/stm32f1xx_it.o
                0x0000000008002594                HardFault_Handler
 .text.MemManage_Handler
                0x000000000800259a        0x6 ./Core/Src/stm32f1xx_it.o
                0x000000000800259a                MemManage_Handler
 .text.BusFault_Handler
                0x00000000080025a0        0x6 ./Core/Src/stm32f1xx_it.o
                0x00000000080025a0                BusFault_Handler
 .text.UsageFault_Handler
                0x00000000080025a6        0x6 ./Core/Src/stm32f1xx_it.o
                0x00000000080025a6                UsageFault_Handler
 .text.SVC_Handler
                0x00000000080025ac        0xc ./Core/Src/stm32f1xx_it.o
                0x00000000080025ac                SVC_Handler
 .text.DebugMon_Handler
                0x00000000080025b8        0xc ./Core/Src/stm32f1xx_it.o
                0x00000000080025b8                DebugMon_Handler
 .text.PendSV_Handler
                0x00000000080025c4        0xc ./Core/Src/stm32f1xx_it.o
                0x00000000080025c4                PendSV_Handler
 .text.SysTick_Handler
                0x00000000080025d0        0xc ./Core/Src/stm32f1xx_it.o
                0x00000000080025d0                SysTick_Handler
 .text.EXTI2_IRQHandler
                0x00000000080025dc        0xe ./Core/Src/stm32f1xx_it.o
                0x00000000080025dc                EXTI2_IRQHandler
 .text.EXTI3_IRQHandler
                0x00000000080025ea        0xe ./Core/Src/stm32f1xx_it.o
                0x00000000080025ea                EXTI3_IRQHandler
 .text.EXTI4_IRQHandler
                0x00000000080025f8        0xe ./Core/Src/stm32f1xx_it.o
                0x00000000080025f8                EXTI4_IRQHandler
 .text.EXTI9_5_IRQHandler
                0x0000000008002606       0x1a ./Core/Src/stm32f1xx_it.o
                0x0000000008002606                EXTI9_5_IRQHandler
 .text.TIM1_UP_IRQHandler
                0x0000000008002620       0x14 ./Core/Src/stm32f1xx_it.o
                0x0000000008002620                TIM1_UP_IRQHandler
 .text.TIM2_IRQHandler
                0x0000000008002634       0x14 ./Core/Src/stm32f1xx_it.o
                0x0000000008002634                TIM2_IRQHandler
 .text.TIM3_IRQHandler
                0x0000000008002648       0x14 ./Core/Src/stm32f1xx_it.o
                0x0000000008002648                TIM3_IRQHandler
 .text.TIM4_IRQHandler
                0x000000000800265c       0x14 ./Core/Src/stm32f1xx_it.o
                0x000000000800265c                TIM4_IRQHandler
 .text._sbrk    0x0000000008002670       0x6c ./Core/Src/sysmem.o
                0x0000000008002670                _sbrk
 .text.SystemInit
                0x00000000080026dc        0xc ./Core/Src/system_stm32f1xx.o
                0x00000000080026dc                SystemInit
 .text.MX_TIM1_Init
                0x00000000080026e8       0xa4 ./Core/Src/tim.o
                0x00000000080026e8                MX_TIM1_Init
 .text.MX_TIM2_Init
                0x000000000800278c       0x98 ./Core/Src/tim.o
                0x000000000800278c                MX_TIM2_Init
 .text.MX_TIM3_Init
                0x0000000008002824       0xf8 ./Core/Src/tim.o
                0x0000000008002824                MX_TIM3_Init
 .text.MX_TIM4_Init
                0x000000000800291c       0x9c ./Core/Src/tim.o
                0x000000000800291c                MX_TIM4_Init
 .text.HAL_TIM_Base_MspInit
                0x00000000080029b8      0x158 ./Core/Src/tim.o
                0x00000000080029b8                HAL_TIM_Base_MspInit
 .text.MX_USART1_UART_Init
                0x0000000008002b10       0x54 ./Core/Src/usart.o
                0x0000000008002b10                MX_USART1_UART_Init
 .text.MX_USART3_UART_Init
                0x0000000008002b64       0x54 ./Core/Src/usart.o
                0x0000000008002b64                MX_USART3_UART_Init
 .text.HAL_UART_MspInit
                0x0000000008002bb8      0x110 ./Core/Src/usart.o
                0x0000000008002bb8                HAL_UART_MspInit
 .text.Reset_Handler
                0x0000000008002cc8       0x48 ./Core/Startup/startup_stm32f103c8tx.o
                0x0000000008002cc8                Reset_Handler
 .text.Default_Handler
                0x0000000008002d10        0x2 ./Core/Startup/startup_stm32f103c8tx.o
                0x0000000008002d10                USBWakeUp_IRQHandler
                0x0000000008002d10                TIM1_CC_IRQHandler
                0x0000000008002d10                PVD_IRQHandler
                0x0000000008002d10                EXTI0_IRQHandler
                0x0000000008002d10                I2C2_EV_IRQHandler
                0x0000000008002d10                ADC1_2_IRQHandler
                0x0000000008002d10                SPI1_IRQHandler
                0x0000000008002d10                TAMPER_IRQHandler
                0x0000000008002d10                DMA1_Channel4_IRQHandler
                0x0000000008002d10                USART3_IRQHandler
                0x0000000008002d10                RTC_IRQHandler
                0x0000000008002d10                DMA1_Channel7_IRQHandler
                0x0000000008002d10                CAN1_RX1_IRQHandler
                0x0000000008002d10                I2C1_EV_IRQHandler
                0x0000000008002d10                DMA1_Channel6_IRQHandler
                0x0000000008002d10                RCC_IRQHandler
                0x0000000008002d10                TIM1_TRG_COM_IRQHandler
                0x0000000008002d10                DMA1_Channel1_IRQHandler
                0x0000000008002d10                Default_Handler
                0x0000000008002d10                EXTI15_10_IRQHandler
                0x0000000008002d10                SPI2_IRQHandler
                0x0000000008002d10                DMA1_Channel5_IRQHandler
                0x0000000008002d10                USB_LP_CAN1_RX0_IRQHandler
                0x0000000008002d10                USB_HP_CAN1_TX_IRQHandler
                0x0000000008002d10                DMA1_Channel3_IRQHandler
                0x0000000008002d10                WWDG_IRQHandler
                0x0000000008002d10                TIM1_BRK_IRQHandler
                0x0000000008002d10                EXTI1_IRQHandler
                0x0000000008002d10                USART2_IRQHandler
                0x0000000008002d10                I2C2_ER_IRQHandler
                0x0000000008002d10                DMA1_Channel2_IRQHandler
                0x0000000008002d10                CAN1_SCE_IRQHandler
                0x0000000008002d10                FLASH_IRQHandler
                0x0000000008002d10                USART1_IRQHandler
                0x0000000008002d10                I2C1_ER_IRQHandler
                0x0000000008002d10                RTC_Alarm_IRQHandler
 *fill*         0x0000000008002d12        0x2 
 .text.HAL_Init
                0x0000000008002d14       0x2c ./Drivers/STM32F1xx_HAL_Driver/stm32f1xx_hal.o
                0x0000000008002d14                HAL_Init
 .text.HAL_InitTick
                0x0000000008002d40       0x60 ./Drivers/STM32F1xx_HAL_Driver/stm32f1xx_hal.o
                0x0000000008002d40                HAL_InitTick
 .text.HAL_IncTick
                0x0000000008002da0       0x24 ./Drivers/STM32F1xx_HAL_Driver/stm32f1xx_hal.o
                0x0000000008002da0                HAL_IncTick
 .text.HAL_GetTick
                0x0000000008002dc4       0x14 ./Drivers/STM32F1xx_HAL_Driver/stm32f1xx_hal.o
                0x0000000008002dc4                HAL_GetTick
 .text.HAL_Delay
                0x0000000008002dd8       0x48 ./Drivers/STM32F1xx_HAL_Driver/stm32f1xx_hal.o
                0x0000000008002dd8                HAL_Delay
 .text.HAL_GetREVID
                0x0000000008002e20       0x18 ./Drivers/STM32F1xx_HAL_Driver/stm32f1xx_hal.o
                0x0000000008002e20                HAL_GetREVID
 .text.HAL_GetDEVID
                0x0000000008002e38       0x18 ./Drivers/STM32F1xx_HAL_Driver/stm32f1xx_hal.o
                0x0000000008002e38                HAL_GetDEVID
 .text.__NVIC_SetPriorityGrouping
                0x0000000008002e50       0x48 ./Drivers/STM32F1xx_HAL_Driver/stm32f1xx_hal_cortex.o
 .text.__NVIC_GetPriorityGrouping
                0x0000000008002e98       0x1c ./Drivers/STM32F1xx_HAL_Driver/stm32f1xx_hal_cortex.o
 .text.__NVIC_EnableIRQ
                0x0000000008002eb4       0x38 ./Drivers/STM32F1xx_HAL_Driver/stm32f1xx_hal_cortex.o
 .text.__NVIC_DisableIRQ
                0x0000000008002eec       0x48 ./Drivers/STM32F1xx_HAL_Driver/stm32f1xx_hal_cortex.o
 .text.__NVIC_ClearPendingIRQ
                0x0000000008002f34       0x3c ./Drivers/STM32F1xx_HAL_Driver/stm32f1xx_hal_cortex.o
 .text.__NVIC_SetPriority
                0x0000000008002f70       0x54 ./Drivers/STM32F1xx_HAL_Driver/stm32f1xx_hal_cortex.o
 .text.NVIC_EncodePriority
                0x0000000008002fc4       0x64 ./Drivers/STM32F1xx_HAL_Driver/stm32f1xx_hal_cortex.o
 .text.SysTick_Config
                0x0000000008003028       0x44 ./Drivers/STM32F1xx_HAL_Driver/stm32f1xx_hal_cortex.o
 .text.HAL_NVIC_SetPriorityGrouping
                0x000000000800306c       0x16 ./Drivers/STM32F1xx_HAL_Driver/stm32f1xx_hal_cortex.o
                0x000000000800306c                HAL_NVIC_SetPriorityGrouping
 .text.HAL_NVIC_SetPriority
                0x0000000008003082       0x38 ./Drivers/STM32F1xx_HAL_Driver/stm32f1xx_hal_cortex.o
                0x0000000008003082                HAL_NVIC_SetPriority
 .text.HAL_NVIC_EnableIRQ
                0x00000000080030ba       0x1c ./Drivers/STM32F1xx_HAL_Driver/stm32f1xx_hal_cortex.o
                0x00000000080030ba                HAL_NVIC_EnableIRQ
 .text.HAL_NVIC_DisableIRQ
                0x00000000080030d6       0x1c ./Drivers/STM32F1xx_HAL_Driver/stm32f1xx_hal_cortex.o
                0x00000000080030d6                HAL_NVIC_DisableIRQ
 .text.HAL_SYSTICK_Config
                0x00000000080030f2       0x18 ./Drivers/STM32F1xx_HAL_Driver/stm32f1xx_hal_cortex.o
                0x00000000080030f2                HAL_SYSTICK_Config
 .text.HAL_NVIC_ClearPendingIRQ
                0x000000000800310a       0x1c ./Drivers/STM32F1xx_HAL_Driver/stm32f1xx_hal_cortex.o
                0x000000000800310a                HAL_NVIC_ClearPendingIRQ
 *fill*         0x0000000008003126        0x2 
 .text.HAL_GPIO_Init
                0x0000000008003128      0x308 ./Drivers/STM32F1xx_HAL_Driver/stm32f1xx_hal_gpio.o
                0x0000000008003128                HAL_GPIO_Init
 .text.HAL_GPIO_ReadPin
                0x0000000008003430       0x2e ./Drivers/STM32F1xx_HAL_Driver/stm32f1xx_hal_gpio.o
                0x0000000008003430                HAL_GPIO_ReadPin
 .text.HAL_GPIO_WritePin
                0x000000000800345e       0x30 ./Drivers/STM32F1xx_HAL_Driver/stm32f1xx_hal_gpio.o
                0x000000000800345e                HAL_GPIO_WritePin
 .text.HAL_GPIO_TogglePin
                0x000000000800348e       0x32 ./Drivers/STM32F1xx_HAL_Driver/stm32f1xx_hal_gpio.o
                0x000000000800348e                HAL_GPIO_TogglePin
 .text.HAL_GPIO_EXTI_IRQHandler
                0x00000000080034c0       0x30 ./Drivers/STM32F1xx_HAL_Driver/stm32f1xx_hal_gpio.o
                0x00000000080034c0                HAL_GPIO_EXTI_IRQHandler
 .text.HAL_IWDG_Init
                0x00000000080034f0       0x84 ./Drivers/STM32F1xx_HAL_Driver/stm32f1xx_hal_iwdg.o
                0x00000000080034f0                HAL_IWDG_Init
 .text.HAL_IWDG_Refresh
                0x0000000008003574       0x1e ./Drivers/STM32F1xx_HAL_Driver/stm32f1xx_hal_iwdg.o
                0x0000000008003574                HAL_IWDG_Refresh
 *fill*         0x0000000008003592        0x2 
 .text.HAL_PWR_EnableBkUpAccess
                0x0000000008003594       0x18 ./Drivers/STM32F1xx_HAL_Driver/stm32f1xx_hal_pwr.o
                0x0000000008003594                HAL_PWR_EnableBkUpAccess
 .text.HAL_RCC_OscConfig
                0x00000000080035ac      0x500 ./Drivers/STM32F1xx_HAL_Driver/stm32f1xx_hal_rcc.o
                0x00000000080035ac                HAL_RCC_OscConfig
 .text.HAL_RCC_ClockConfig
                0x0000000008003aac      0x1d4 ./Drivers/STM32F1xx_HAL_Driver/stm32f1xx_hal_rcc.o
                0x0000000008003aac                HAL_RCC_ClockConfig
 .text.HAL_RCC_GetSysClockFreq
                0x0000000008003c80       0xc0 ./Drivers/STM32F1xx_HAL_Driver/stm32f1xx_hal_rcc.o
                0x0000000008003c80                HAL_RCC_GetSysClockFreq
 .text.HAL_RCC_GetHCLKFreq
                0x0000000008003d40       0x14 ./Drivers/STM32F1xx_HAL_Driver/stm32f1xx_hal_rcc.o
                0x0000000008003d40                HAL_RCC_GetHCLKFreq
 .text.HAL_RCC_GetPCLK1Freq
                0x0000000008003d54       0x28 ./Drivers/STM32F1xx_HAL_Driver/stm32f1xx_hal_rcc.o
                0x0000000008003d54                HAL_RCC_GetPCLK1Freq
 .text.HAL_RCC_GetPCLK2Freq
                0x0000000008003d7c       0x28 ./Drivers/STM32F1xx_HAL_Driver/stm32f1xx_hal_rcc.o
                0x0000000008003d7c                HAL_RCC_GetPCLK2Freq
 .text.RCC_Delay
                0x0000000008003da4       0x3c ./Drivers/STM32F1xx_HAL_Driver/stm32f1xx_hal_rcc.o
 .text.HAL_RCCEx_PeriphCLKConfig
                0x0000000008003de0      0x16c ./Drivers/STM32F1xx_HAL_Driver/stm32f1xx_hal_rcc_ex.o
                0x0000000008003de0                HAL_RCCEx_PeriphCLKConfig
 .text.HAL_RCCEx_GetPeriphCLKFreq
                0x0000000008003f4c      0x188 ./Drivers/STM32F1xx_HAL_Driver/stm32f1xx_hal_rcc_ex.o
                0x0000000008003f4c                HAL_RCCEx_GetPeriphCLKFreq
 .text.HAL_RTC_Init
                0x00000000080040d4      0x12c ./Drivers/STM32F1xx_HAL_Driver/stm32f1xx_hal_rtc.o
                0x00000000080040d4                HAL_RTC_Init
 .text.HAL_RTC_SetTime
                0x0000000008004200      0x12e ./Drivers/STM32F1xx_HAL_Driver/stm32f1xx_hal_rtc.o
                0x0000000008004200                HAL_RTC_SetTime
 *fill*         0x000000000800432e        0x2 
 .text.HAL_RTC_SetDate
                0x0000000008004330      0x16c ./Drivers/STM32F1xx_HAL_Driver/stm32f1xx_hal_rtc.o
                0x0000000008004330                HAL_RTC_SetDate
 .text.HAL_RTC_WaitForSynchro
                0x000000000800449c       0x5a ./Drivers/STM32F1xx_HAL_Driver/stm32f1xx_hal_rtc.o
                0x000000000800449c                HAL_RTC_WaitForSynchro
 .text.RTC_ReadTimeCounter
                0x00000000080044f6       0x60 ./Drivers/STM32F1xx_HAL_Driver/stm32f1xx_hal_rtc.o
 .text.RTC_WriteTimeCounter
                0x0000000008004556       0x4e ./Drivers/STM32F1xx_HAL_Driver/stm32f1xx_hal_rtc.o
 .text.RTC_ReadAlarmCounter
                0x00000000080045a4       0x32 ./Drivers/STM32F1xx_HAL_Driver/stm32f1xx_hal_rtc.o
 .text.RTC_WriteAlarmCounter
                0x00000000080045d6       0x4e ./Drivers/STM32F1xx_HAL_Driver/stm32f1xx_hal_rtc.o
 .text.RTC_EnterInitMode
                0x0000000008004624       0x50 ./Drivers/STM32F1xx_HAL_Driver/stm32f1xx_hal_rtc.o
 .text.RTC_ExitInitMode
                0x0000000008004674       0x50 ./Drivers/STM32F1xx_HAL_Driver/stm32f1xx_hal_rtc.o
 .text.RTC_Bcd2ToByte
                0x00000000080046c4       0x3a ./Drivers/STM32F1xx_HAL_Driver/stm32f1xx_hal_rtc.o
 *fill*         0x00000000080046fe        0x2 
 .text.RTC_WeekDayNum
                0x0000000008004700       0xf0 ./Drivers/STM32F1xx_HAL_Driver/stm32f1xx_hal_rtc.o
 .text.HAL_RTCEx_BKUPWrite
                0x00000000080047f0       0x34 ./Drivers/STM32F1xx_HAL_Driver/stm32f1xx_hal_rtc_ex.o
                0x00000000080047f0                HAL_RTCEx_BKUPWrite
 .text.HAL_RTCEx_BKUPRead
                0x0000000008004824       0x38 ./Drivers/STM32F1xx_HAL_Driver/stm32f1xx_hal_rtc_ex.o
                0x0000000008004824                HAL_RTCEx_BKUPRead
 .text.HAL_SPI_Init
                0x000000000800485c      0x108 ./Drivers/STM32F1xx_HAL_Driver/stm32f1xx_hal_spi.o
                0x000000000800485c                HAL_SPI_Init
 .text.HAL_SPI_Transmit
                0x0000000008004964      0x278 ./Drivers/STM32F1xx_HAL_Driver/stm32f1xx_hal_spi.o
                0x0000000008004964                HAL_SPI_Transmit
 .text.SPI_WaitFlagStateUntilTimeout
                0x0000000008004bdc      0x110 ./Drivers/STM32F1xx_HAL_Driver/stm32f1xx_hal_spi.o
 .text.SPI_EndRxTxTransaction
                0x0000000008004cec       0x3c ./Drivers/STM32F1xx_HAL_Driver/stm32f1xx_hal_spi.o
 .text.HAL_TIM_Base_Init
                0x0000000008004d28       0x9e ./Drivers/STM32F1xx_HAL_Driver/stm32f1xx_hal_tim.o
                0x0000000008004d28                HAL_TIM_Base_Init
 *fill*         0x0000000008004dc6        0x2 
 .text.HAL_TIM_Base_Start_IT
                0x0000000008004dc8       0xa4 ./Drivers/STM32F1xx_HAL_Driver/stm32f1xx_hal_tim.o
                0x0000000008004dc8                HAL_TIM_Base_Start_IT
 .text.HAL_TIM_Base_Stop_IT
                0x0000000008004e6c       0x5c ./Drivers/STM32F1xx_HAL_Driver/stm32f1xx_hal_tim.o
                0x0000000008004e6c                HAL_TIM_Base_Stop_IT
 .text.HAL_TIM_IC_Init
                0x0000000008004ec8       0x9e ./Drivers/STM32F1xx_HAL_Driver/stm32f1xx_hal_tim.o
                0x0000000008004ec8                HAL_TIM_IC_Init
 .text.HAL_TIM_IC_MspInit
                0x0000000008004f66       0x12 ./Drivers/STM32F1xx_HAL_Driver/stm32f1xx_hal_tim.o
                0x0000000008004f66                HAL_TIM_IC_MspInit
 .text.HAL_TIM_IC_Start_IT
                0x0000000008004f78      0x20c ./Drivers/STM32F1xx_HAL_Driver/stm32f1xx_hal_tim.o
                0x0000000008004f78                HAL_TIM_IC_Start_IT
 .text.HAL_TIM_IRQHandler
                0x0000000008005184      0x210 ./Drivers/STM32F1xx_HAL_Driver/stm32f1xx_hal_tim.o
                0x0000000008005184                HAL_TIM_IRQHandler
 .text.HAL_TIM_IC_ConfigChannel
                0x0000000008005394      0x128 ./Drivers/STM32F1xx_HAL_Driver/stm32f1xx_hal_tim.o
                0x0000000008005394                HAL_TIM_IC_ConfigChannel
 .text.HAL_TIM_ConfigClockSource
                0x00000000080054bc      0x188 ./Drivers/STM32F1xx_HAL_Driver/stm32f1xx_hal_tim.o
                0x00000000080054bc                HAL_TIM_ConfigClockSource
 .text.HAL_TIM_ReadCapturedValue
                0x0000000008005644       0x88 ./Drivers/STM32F1xx_HAL_Driver/stm32f1xx_hal_tim.o
                0x0000000008005644                HAL_TIM_ReadCapturedValue
 .text.HAL_TIM_OC_DelayElapsedCallback
                0x00000000080056cc       0x12 ./Drivers/STM32F1xx_HAL_Driver/stm32f1xx_hal_tim.o
                0x00000000080056cc                HAL_TIM_OC_DelayElapsedCallback
 .text.HAL_TIM_PWM_PulseFinishedCallback
                0x00000000080056de       0x12 ./Drivers/STM32F1xx_HAL_Driver/stm32f1xx_hal_tim.o
                0x00000000080056de                HAL_TIM_PWM_PulseFinishedCallback
 .text.HAL_TIM_TriggerCallback
                0x00000000080056f0       0x12 ./Drivers/STM32F1xx_HAL_Driver/stm32f1xx_hal_tim.o
                0x00000000080056f0                HAL_TIM_TriggerCallback
 *fill*         0x0000000008005702        0x2 
 .text.TIM_Base_SetConfig
                0x0000000008005704       0xc4 ./Drivers/STM32F1xx_HAL_Driver/stm32f1xx_hal_tim.o
                0x0000000008005704                TIM_Base_SetConfig
 .text.TIM_TI1_SetConfig
                0x00000000080057c8       0xb4 ./Drivers/STM32F1xx_HAL_Driver/stm32f1xx_hal_tim.o
                0x00000000080057c8                TIM_TI1_SetConfig
 .text.TIM_TI1_ConfigInputStage
                0x000000000800587c       0x5c ./Drivers/STM32F1xx_HAL_Driver/stm32f1xx_hal_tim.o
 .text.TIM_TI2_SetConfig
                0x00000000080058d8       0x78 ./Drivers/STM32F1xx_HAL_Driver/stm32f1xx_hal_tim.o
 .text.TIM_TI2_ConfigInputStage
                0x0000000008005950       0x5e ./Drivers/STM32F1xx_HAL_Driver/stm32f1xx_hal_tim.o
 .text.TIM_TI3_SetConfig
                0x00000000080059ae       0x76 ./Drivers/STM32F1xx_HAL_Driver/stm32f1xx_hal_tim.o
 .text.TIM_TI4_SetConfig
                0x0000000008005a24       0x78 ./Drivers/STM32F1xx_HAL_Driver/stm32f1xx_hal_tim.o
 .text.TIM_ITRx_SetConfig
                0x0000000008005a9c       0x34 ./Drivers/STM32F1xx_HAL_Driver/stm32f1xx_hal_tim.o
 .text.TIM_ETR_SetConfig
                0x0000000008005ad0       0x3e ./Drivers/STM32F1xx_HAL_Driver/stm32f1xx_hal_tim.o
                0x0000000008005ad0                TIM_ETR_SetConfig
 .text.TIM_CCxChannelCmd
                0x0000000008005b0e       0x48 ./Drivers/STM32F1xx_HAL_Driver/stm32f1xx_hal_tim.o
                0x0000000008005b0e                TIM_CCxChannelCmd
 *fill*         0x0000000008005b56        0x2 
 .text.HAL_TIMEx_MasterConfigSynchronization
                0x0000000008005b58       0xbc ./Drivers/STM32F1xx_HAL_Driver/stm32f1xx_hal_tim_ex.o
                0x0000000008005b58                HAL_TIMEx_MasterConfigSynchronization
 .text.HAL_TIMEx_CommutCallback
                0x0000000008005c14       0x12 ./Drivers/STM32F1xx_HAL_Driver/stm32f1xx_hal_tim_ex.o
                0x0000000008005c14                HAL_TIMEx_CommutCallback
 .text.HAL_TIMEx_BreakCallback
                0x0000000008005c26       0x12 ./Drivers/STM32F1xx_HAL_Driver/stm32f1xx_hal_tim_ex.o
                0x0000000008005c26                HAL_TIMEx_BreakCallback
 .text.HAL_UART_Init
                0x0000000008005c38       0x9a ./Drivers/STM32F1xx_HAL_Driver/stm32f1xx_hal_uart.o
                0x0000000008005c38                HAL_UART_Init
 .text.HAL_UART_Transmit
                0x0000000008005cd2      0x124 ./Drivers/STM32F1xx_HAL_Driver/stm32f1xx_hal_uart.o
                0x0000000008005cd2                HAL_UART_Transmit
 .text.UART_WaitOnFlagUntilTimeout
                0x0000000008005df6       0x94 ./Drivers/STM32F1xx_HAL_Driver/stm32f1xx_hal_uart.o
 *fill*         0x0000000008005e8a        0x2 
 .text.UART_SetConfig
                0x0000000008005e8c      0x11c ./Drivers/STM32F1xx_HAL_Driver/stm32f1xx_hal_uart.o
 .text.__errno  0x0000000008005fa8        0xc /Applications/STM32CubeIDE.app/Contents/Eclipse/plugins/com.st.stm32cube.ide.mcu.externaltools.gnu-tools-for-stm32.9-2020-q2-update.macos64_2.0.0.202105311346/tools/bin/../lib/gcc/arm-none-eabi/9.3.1/../../../../arm-none-eabi/lib/thumb/v7-m/nofp/libc_nano.a(lib_a-errno.o)
                0x0000000008005fa8                __errno
 .text.__libc_init_array
                0x0000000008005fb4       0x48 /Applications/STM32CubeIDE.app/Contents/Eclipse/plugins/com.st.stm32cube.ide.mcu.externaltools.gnu-tools-for-stm32.9-2020-q2-update.macos64_2.0.0.202105311346/tools/bin/../lib/gcc/arm-none-eabi/9.3.1/../../../../arm-none-eabi/lib/thumb/v7-m/nofp/libc_nano.a(lib_a-init.o)
                0x0000000008005fb4                __libc_init_array
 .text.memset   0x0000000008005ffc       0x10 /Applications/STM32CubeIDE.app/Contents/Eclipse/plugins/com.st.stm32cube.ide.mcu.externaltools.gnu-tools-for-stm32.9-2020-q2-update.macos64_2.0.0.202105311346/tools/bin/../lib/gcc/arm-none-eabi/9.3.1/../../../../arm-none-eabi/lib/thumb/v7-m/nofp/libc_nano.a(lib_a-memset.o)
                0x0000000008005ffc                memset
 .text.sprintf  0x000000000800600c       0x40 /Applications/STM32CubeIDE.app/Contents/Eclipse/plugins/com.st.stm32cube.ide.mcu.externaltools.gnu-tools-for-stm32.9-2020-q2-update.macos64_2.0.0.202105311346/tools/bin/../lib/gcc/arm-none-eabi/9.3.1/../../../../arm-none-eabi/lib/thumb/v7-m/nofp/libc_nano.a(lib_a-sprintf.o)
                0x000000000800600c                sprintf
                0x000000000800600c                siprintf
 .text.__ssputs_r
                0x000000000800604c       0xb6 /Applications/STM32CubeIDE.app/Contents/Eclipse/plugins/com.st.stm32cube.ide.mcu.externaltools.gnu-tools-for-stm32.9-2020-q2-update.macos64_2.0.0.202105311346/tools/bin/../lib/gcc/arm-none-eabi/9.3.1/../../../../arm-none-eabi/lib/thumb/v7-m/nofp/libc_nano.a(lib_a-nano-svfprintf.o)
                0x000000000800604c                __ssputs_r
 *fill*         0x0000000008006102        0x2 
 .text._svfprintf_r
                0x0000000008006104      0x200 /Applications/STM32CubeIDE.app/Contents/Eclipse/plugins/com.st.stm32cube.ide.mcu.externaltools.gnu-tools-for-stm32.9-2020-q2-update.macos64_2.0.0.202105311346/tools/bin/../lib/gcc/arm-none-eabi/9.3.1/../../../../arm-none-eabi/lib/thumb/v7-m/nofp/libc_nano.a(lib_a-nano-svfprintf.o)
                0x0000000008006104                _svfprintf_r
                0x0000000008006104                _svfiprintf_r
 .text._printf_common
                0x0000000008006304       0xde /Applications/STM32CubeIDE.app/Contents/Eclipse/plugins/com.st.stm32cube.ide.mcu.externaltools.gnu-tools-for-stm32.9-2020-q2-update.macos64_2.0.0.202105311346/tools/bin/../lib/gcc/arm-none-eabi/9.3.1/../../../../arm-none-eabi/lib/thumb/v7-m/nofp/libc_nano.a(lib_a-nano-vfprintf_i.o)
                0x0000000008006304                _printf_common
 *fill*         0x00000000080063e2        0x2 
 .text._printf_i
                0x00000000080063e4      0x24c /Applications/STM32CubeIDE.app/Contents/Eclipse/plugins/com.st.stm32cube.ide.mcu.externaltools.gnu-tools-for-stm32.9-2020-q2-update.macos64_2.0.0.202105311346/tools/bin/../lib/gcc/arm-none-eabi/9.3.1/../../../../arm-none-eabi/lib/thumb/v7-m/nofp/libc_nano.a(lib_a-nano-vfprintf_i.o)
                0x00000000080063e4                _printf_i
 .text.memchr   0x0000000008006630       0x1c /Applications/STM32CubeIDE.app/Contents/Eclipse/plugins/com.st.stm32cube.ide.mcu.externaltools.gnu-tools-for-stm32.9-2020-q2-update.macos64_2.0.0.202105311346/tools/bin/../lib/gcc/arm-none-eabi/9.3.1/../../../../arm-none-eabi/lib/thumb/v7-m/nofp/libc_nano.a(lib_a-memchr-stub.o)
                0x0000000008006630                memchr
 .text.memcpy   0x000000000800664c       0x1c /Applications/STM32CubeIDE.app/Contents/Eclipse/plugins/com.st.stm32cube.ide.mcu.externaltools.gnu-tools-for-stm32.9-2020-q2-update.macos64_2.0.0.202105311346/tools/bin/../lib/gcc/arm-none-eabi/9.3.1/../../../../arm-none-eabi/lib/thumb/v7-m/nofp/libc_nano.a(lib_a-memcpy-stub.o)
                0x000000000800664c                memcpy
 .text.memmove  0x0000000008006668       0x34 /Applications/STM32CubeIDE.app/Contents/Eclipse/plugins/com.st.stm32cube.ide.mcu.externaltools.gnu-tools-for-stm32.9-2020-q2-update.macos64_2.0.0.202105311346/tools/bin/../lib/gcc/arm-none-eabi/9.3.1/../../../../arm-none-eabi/lib/thumb/v7-m/nofp/libc_nano.a(lib_a-memmove.o)
                0x0000000008006668                memmove
 .text._free_r  0x000000000800669c       0x98 /Applications/STM32CubeIDE.app/Contents/Eclipse/plugins/com.st.stm32cube.ide.mcu.externaltools.gnu-tools-for-stm32.9-2020-q2-update.macos64_2.0.0.202105311346/tools/bin/../lib/gcc/arm-none-eabi/9.3.1/../../../../arm-none-eabi/lib/thumb/v7-m/nofp/libc_nano.a(lib_a-nano-freer.o)
                0x000000000800669c                _free_r
 .text._malloc_r
                0x0000000008006734       0xb4 /Applications/STM32CubeIDE.app/Contents/Eclipse/plugins/com.st.stm32cube.ide.mcu.externaltools.gnu-tools-for-stm32.9-2020-q2-update.macos64_2.0.0.202105311346/tools/bin/../lib/gcc/arm-none-eabi/9.3.1/../../../../arm-none-eabi/lib/thumb/v7-m/nofp/libc_nano.a(lib_a-nano-mallocr.o)
                0x0000000008006734                _malloc_r
 .text._realloc_r
                0x00000000080067e8       0x4c /Applications/STM32CubeIDE.app/Contents/Eclipse/plugins/com.st.stm32cube.ide.mcu.externaltools.gnu-tools-for-stm32.9-2020-q2-update.macos64_2.0.0.202105311346/tools/bin/../lib/gcc/arm-none-eabi/9.3.1/../../../../arm-none-eabi/lib/thumb/v7-m/nofp/libc_nano.a(lib_a-nano-reallocr.o)
                0x00000000080067e8                _realloc_r
 .text._sbrk_r  0x0000000008006834       0x20 /Applications/STM32CubeIDE.app/Contents/Eclipse/plugins/com.st.stm32cube.ide.mcu.externaltools.gnu-tools-for-stm32.9-2020-q2-update.macos64_2.0.0.202105311346/tools/bin/../lib/gcc/arm-none-eabi/9.3.1/../../../../arm-none-eabi/lib/thumb/v7-m/nofp/libc_nano.a(lib_a-sbrkr.o)
                0x0000000008006834                _sbrk_r
 .text.__malloc_lock
                0x0000000008006854        0xc /Applications/STM32CubeIDE.app/Contents/Eclipse/plugins/com.st.stm32cube.ide.mcu.externaltools.gnu-tools-for-stm32.9-2020-q2-update.macos64_2.0.0.202105311346/tools/bin/../lib/gcc/arm-none-eabi/9.3.1/../../../../arm-none-eabi/lib/thumb/v7-m/nofp/libc_nano.a(lib_a-mlock.o)
                0x0000000008006854                __malloc_lock
 .text.__malloc_unlock
                0x0000000008006860        0xc /Applications/STM32CubeIDE.app/Contents/Eclipse/plugins/com.st.stm32cube.ide.mcu.externaltools.gnu-tools-for-stm32.9-2020-q2-update.macos64_2.0.0.202105311346/tools/bin/../lib/gcc/arm-none-eabi/9.3.1/../../../../arm-none-eabi/lib/thumb/v7-m/nofp/libc_nano.a(lib_a-mlock.o)
                0x0000000008006860                __malloc_unlock
 .text._malloc_usable_size_r
                0x000000000800686c       0x10 /Applications/STM32CubeIDE.app/Contents/Eclipse/plugins/com.st.stm32cube.ide.mcu.externaltools.gnu-tools-for-stm32.9-2020-q2-update.macos64_2.0.0.202105311346/tools/bin/../lib/gcc/arm-none-eabi/9.3.1/../../../../arm-none-eabi/lib/thumb/v7-m/nofp/libc_nano.a(lib_a-nano-msizer.o)
                0x000000000800686c                _malloc_usable_size_r
 .text.__retarget_lock_acquire_recursive
                0x000000000800687c        0x2 /Applications/STM32CubeIDE.app/Contents/Eclipse/plugins/com.st.stm32cube.ide.mcu.externaltools.gnu-tools-for-stm32.9-2020-q2-update.macos64_2.0.0.202105311346/tools/bin/../lib/gcc/arm-none-eabi/9.3.1/../../../../arm-none-eabi/lib/thumb/v7-m/nofp/libc_nano.a(lib_a-lock.o)
                0x000000000800687c                __retarget_lock_acquire_recursive
 .text.__retarget_lock_release_recursive
                0x000000000800687e        0x2 /Applications/STM32CubeIDE.app/Contents/Eclipse/plugins/com.st.stm32cube.ide.mcu.externaltools.gnu-tools-for-stm32.9-2020-q2-update.macos64_2.0.0.202105311346/tools/bin/../lib/gcc/arm-none-eabi/9.3.1/../../../../arm-none-eabi/lib/thumb/v7-m/nofp/libc_nano.a(lib_a-lock.o)
                0x000000000800687e                __retarget_lock_release_recursive
 *(.glue_7)
 .glue_7        0x0000000008006880        0x0 linker stubs
 *(.glue_7t)
 .glue_7t       0x0000000008006880        0x0 linker stubs
 *(.eh_frame)
 .eh_frame      0x0000000008006880        0x0 /Applications/STM32CubeIDE.app/Contents/Eclipse/plugins/com.st.stm32cube.ide.mcu.externaltools.gnu-tools-for-stm32.9-2020-q2-update.macos64_2.0.0.202105311346/tools/bin/../lib/gcc/arm-none-eabi/9.3.1/thumb/v7-m/nofp/crtbegin.o
 *(.init)
 .init          0x0000000008006880        0x4 /Applications/STM32CubeIDE.app/Contents/Eclipse/plugins/com.st.stm32cube.ide.mcu.externaltools.gnu-tools-for-stm32.9-2020-q2-update.macos64_2.0.0.202105311346/tools/bin/../lib/gcc/arm-none-eabi/9.3.1/thumb/v7-m/nofp/crti.o
                0x0000000008006880                _init
 .init          0x0000000008006884        0x8 /Applications/STM32CubeIDE.app/Contents/Eclipse/plugins/com.st.stm32cube.ide.mcu.externaltools.gnu-tools-for-stm32.9-2020-q2-update.macos64_2.0.0.202105311346/tools/bin/../lib/gcc/arm-none-eabi/9.3.1/thumb/v7-m/nofp/crtn.o
 *(.fini)
 .fini          0x000000000800688c        0x4 /Applications/STM32CubeIDE.app/Contents/Eclipse/plugins/com.st.stm32cube.ide.mcu.externaltools.gnu-tools-for-stm32.9-2020-q2-update.macos64_2.0.0.202105311346/tools/bin/../lib/gcc/arm-none-eabi/9.3.1/thumb/v7-m/nofp/crti.o
                0x000000000800688c                _fini
 .fini          0x0000000008006890        0x8 /Applications/STM32CubeIDE.app/Contents/Eclipse/plugins/com.st.stm32cube.ide.mcu.externaltools.gnu-tools-for-stm32.9-2020-q2-update.macos64_2.0.0.202105311346/tools/bin/../lib/gcc/arm-none-eabi/9.3.1/thumb/v7-m/nofp/crtn.o
                0x0000000008006898                . = ALIGN (0x4)
                0x0000000008006898                _etext = .

.vfp11_veneer   0x0000000008006898        0x0
 .vfp11_veneer  0x0000000008006898        0x0 linker stubs

.v4_bx          0x0000000008006898        0x0
 .v4_bx         0x0000000008006898        0x0 linker stubs

.iplt           0x0000000008006898        0x0
 .iplt          0x0000000008006898        0x0 /Applications/STM32CubeIDE.app/Contents/Eclipse/plugins/com.st.stm32cube.ide.mcu.externaltools.gnu-tools-for-stm32.9-2020-q2-update.macos64_2.0.0.202105311346/tools/bin/../lib/gcc/arm-none-eabi/9.3.1/thumb/v7-m/nofp/crtbegin.o

.rodata         0x0000000008006898      0x3d8
                0x0000000008006898                . = ALIGN (0x4)
 *(.rodata)
 .rodata        0x0000000008006898      0x369 ./Core/Src/main.o
 *fill*         0x0000000008006c01        0x3 
 .rodata        0x0000000008006c04       0x10 ./Drivers/STM32F1xx_HAL_Driver/stm32f1xx_hal_rcc.o
 .rodata        0x0000000008006c14       0x10 ./Drivers/STM32F1xx_HAL_Driver/stm32f1xx_hal_rcc_ex.o
 *(.rodata*)
 .rodata.AHBPrescTable
                0x0000000008006c24       0x10 ./Core/Src/system_stm32f1xx.o
                0x0000000008006c24                AHBPrescTable
 .rodata.APBPrescTable
                0x0000000008006c34        0x8 ./Core/Src/system_stm32f1xx.o
                0x0000000008006c34                APBPrescTable
 .rodata._svfprintf_r.str1.1
                0x0000000008006c3c       0x11 /Applications/STM32CubeIDE.app/Contents/Eclipse/plugins/com.st.stm32cube.ide.mcu.externaltools.gnu-tools-for-stm32.9-2020-q2-update.macos64_2.0.0.202105311346/tools/bin/../lib/gcc/arm-none-eabi/9.3.1/../../../../arm-none-eabi/lib/thumb/v7-m/nofp/libc_nano.a(lib_a-nano-svfprintf.o)
 .rodata._printf_i.str1.1
                0x0000000008006c4d       0x22 /Applications/STM32CubeIDE.app/Contents/Eclipse/plugins/com.st.stm32cube.ide.mcu.externaltools.gnu-tools-for-stm32.9-2020-q2-update.macos64_2.0.0.202105311346/tools/bin/../lib/gcc/arm-none-eabi/9.3.1/../../../../arm-none-eabi/lib/thumb/v7-m/nofp/libc_nano.a(lib_a-nano-vfprintf_i.o)
                0x0000000008006c70                . = ALIGN (0x4)
 *fill*         0x0000000008006c6f        0x1 

.rel.dyn        0x0000000008006c70        0x0
 .rel.iplt      0x0000000008006c70        0x0 /Applications/STM32CubeIDE.app/Contents/Eclipse/plugins/com.st.stm32cube.ide.mcu.externaltools.gnu-tools-for-stm32.9-2020-q2-update.macos64_2.0.0.202105311346/tools/bin/../lib/gcc/arm-none-eabi/9.3.1/thumb/v7-m/nofp/crtbegin.o

.ARM.extab      0x0000000008006c70        0x0
                0x0000000008006c70                . = ALIGN (0x4)
 *(.ARM.extab* .gnu.linkonce.armextab.*)
                0x0000000008006c70                . = ALIGN (0x4)

.ARM            0x0000000008006c70        0x0
                0x0000000008006c70                . = ALIGN (0x4)
                0x0000000008006c70                __exidx_start = .
 *(.ARM.exidx*)
                0x0000000008006c70                __exidx_end = .
                0x0000000008006c70                . = ALIGN (0x4)

.preinit_array  0x0000000008006c70        0x0
                0x0000000008006c70                . = ALIGN (0x4)
                0x0000000008006c70                PROVIDE (__preinit_array_start = .)
 *(.preinit_array*)
                0x0000000008006c70                PROVIDE (__preinit_array_end = .)
                0x0000000008006c70                . = ALIGN (0x4)

.init_array     0x0000000008006c70        0x4
                0x0000000008006c70                . = ALIGN (0x4)
                0x0000000008006c70                PROVIDE (__init_array_start = .)
 *(SORT_BY_NAME(.init_array.*))
 *(.init_array*)
 .init_array    0x0000000008006c70        0x4 /Applications/STM32CubeIDE.app/Contents/Eclipse/plugins/com.st.stm32cube.ide.mcu.externaltools.gnu-tools-for-stm32.9-2020-q2-update.macos64_2.0.0.202105311346/tools/bin/../lib/gcc/arm-none-eabi/9.3.1/thumb/v7-m/nofp/crtbegin.o
                0x0000000008006c74                PROVIDE (__init_array_end = .)
                0x0000000008006c74                . = ALIGN (0x4)

.fini_array     0x0000000008006c74        0x4
                0x0000000008006c74                . = ALIGN (0x4)
                [!provide]                        PROVIDE (__fini_array_start = .)
 *(SORT_BY_NAME(.fini_array.*))
 *(.fini_array*)
 .fini_array    0x0000000008006c74        0x4 /Applications/STM32CubeIDE.app/Contents/Eclipse/plugins/com.st.stm32cube.ide.mcu.externaltools.gnu-tools-for-stm32.9-2020-q2-update.macos64_2.0.0.202105311346/tools/bin/../lib/gcc/arm-none-eabi/9.3.1/thumb/v7-m/nofp/crtbegin.o
                [!provide]                        PROVIDE (__fini_array_end = .)
                0x0000000008006c78                . = ALIGN (0x4)
                0x0000000008006c78                _sidata = LOADADDR (.data)

.data           0x0000000020000000       0xa0 load address 0x0000000008006c78
                0x0000000020000000                . = ALIGN (0x4)
                0x0000000020000000                _sdata = .
 *(.data)
 *(.data*)
 .data.default_credit_duration
                0x0000000020000000        0x1 ./Core/Src/main.o
                0x0000000020000000                default_credit_duration
 *fill*         0x0000000020000001        0x3 
 .data.minimum_credit_to_start
                0x0000000020000004        0x4 ./Core/Src/main.o
                0x0000000020000004                minimum_credit_to_start
 .data.duration_per_1credit
                0x0000000020000008        0x4 ./Core/Src/main.o
                0x0000000020000008                duration_per_1credit
 .data.displayEnable
                0x000000002000000c        0x1 ./Core/Src/main.o
                0x000000002000000c                displayEnable
 .data.displayToggle
                0x000000002000000d        0x1 ./Core/Src/main.o
                0x000000002000000d                displayToggle
 .data.bank_acceptor_pulse_width
                0x000000002000000e        0x1 ./Core/Src/main.o
                0x000000002000000e                bank_acceptor_pulse_width
 .data.coin_acceptor_pulse_width
                0x000000002000000f        0x1 ./Core/Src/main.o
                0x000000002000000f                coin_acceptor_pulse_width
 .data.creditPulseOffset
                0x0000000020000010        0x1 ./Core/Src/main.o
                0x0000000020000010                creditPulseOffset
 .data.bank_credit_per_pulse
                0x0000000020000011        0x1 ./Core/Src/main.o
                0x0000000020000011                bank_credit_per_pulse
 .data.coin_credit_per_pulse
                0x0000000020000012        0x1 ./Core/Src/main.o
                0x0000000020000012                coin_credit_per_pulse
 .data.F1_DURATION
                0x0000000020000013        0x1 ./Core/Src/main.o
                0x0000000020000013                F1_DURATION
 .data.F2_DURATION
                0x0000000020000014        0x1 ./Core/Src/main.o
                0x0000000020000014                F2_DURATION
 .data.F3_DURATION
                0x0000000020000015        0x1 ./Core/Src/main.o
                0x0000000020000015                F3_DURATION
 .data.F4_DURATION
                0x0000000020000016        0x1 ./Core/Src/main.o
                0x0000000020000016                F4_DURATION
 .data.F5_DURATION
                0x0000000020000017        0x1 ./Core/Src/main.o
                0x0000000020000017                F5_DURATION
 .data.SYMBOLS  0x0000000020000018       0x16 ./Core/Src/max7219.o
 *fill*         0x000000002000002e        0x2 
 .data.SystemCoreClock
                0x0000000020000030        0x4 ./Core/Src/system_stm32f1xx.o
                0x0000000020000030                SystemCoreClock
 .data.uwTickPrio
                0x0000000020000034        0x4 ./Drivers/STM32F1xx_HAL_Driver/stm32f1xx_hal.o
                0x0000000020000034                uwTickPrio
 .data.uwTickFreq
                0x0000000020000038        0x1 ./Drivers/STM32F1xx_HAL_Driver/stm32f1xx_hal.o
                0x0000000020000038                uwTickFreq
 *fill*         0x0000000020000039        0x3 
 .data._impure_ptr
                0x000000002000003c        0x4 /Applications/STM32CubeIDE.app/Contents/Eclipse/plugins/com.st.stm32cube.ide.mcu.externaltools.gnu-tools-for-stm32.9-2020-q2-update.macos64_2.0.0.202105311346/tools/bin/../lib/gcc/arm-none-eabi/9.3.1/../../../../arm-none-eabi/lib/thumb/v7-m/nofp/libc_nano.a(lib_a-impure.o)
                0x000000002000003c                _impure_ptr
 .data.impure_data
                0x0000000020000040       0x60 /Applications/STM32CubeIDE.app/Contents/Eclipse/plugins/com.st.stm32cube.ide.mcu.externaltools.gnu-tools-for-stm32.9-2020-q2-update.macos64_2.0.0.202105311346/tools/bin/../lib/gcc/arm-none-eabi/9.3.1/../../../../arm-none-eabi/lib/thumb/v7-m/nofp/libc_nano.a(lib_a-impure.o)
                0x00000000200000a0                . = ALIGN (0x4)
                0x00000000200000a0                _edata = .

.igot.plt       0x00000000200000a0        0x0 load address 0x0000000008006d18
 .igot.plt      0x00000000200000a0        0x0 /Applications/STM32CubeIDE.app/Contents/Eclipse/plugins/com.st.stm32cube.ide.mcu.externaltools.gnu-tools-for-stm32.9-2020-q2-update.macos64_2.0.0.202105311346/tools/bin/../lib/gcc/arm-none-eabi/9.3.1/thumb/v7-m/nofp/crtbegin.o
                0x00000000200000a0                . = ALIGN (0x4)

.bss            0x00000000200000a0      0x2e4 load address 0x0000000008006d18
                0x00000000200000a0                _sbss = .
                0x00000000200000a0                __bss_start__ = _sbss
 *(.bss)
 .bss           0x00000000200000a0       0x1c /Applications/STM32CubeIDE.app/Contents/Eclipse/plugins/com.st.stm32cube.ide.mcu.externaltools.gnu-tools-for-stm32.9-2020-q2-update.macos64_2.0.0.202105311346/tools/bin/../lib/gcc/arm-none-eabi/9.3.1/thumb/v7-m/nofp/crtbegin.o
 *(.bss*)
 .bss.DEV_ID    0x00000000200000bc        0x4 ./Core/Src/main.o
                0x00000000200000bc                DEV_ID
 .bss.REV_ID    0x00000000200000c0        0x4 ./Core/Src/main.o
                0x00000000200000c0                REV_ID
 .bss.IC_Val1   0x00000000200000c4        0x4 ./Core/Src/main.o
                0x00000000200000c4                IC_Val1
 .bss.IC_Val2   0x00000000200000c8        0x4 ./Core/Src/main.o
                0x00000000200000c8                IC_Val2
 .bss.Difference
                0x00000000200000cc        0x4 ./Core/Src/main.o
                0x00000000200000cc                Difference
 .bss.Is_First_Captured
                0x00000000200000d0        0x1 ./Core/Src/main.o
                0x00000000200000d0                Is_First_Captured
 *fill*         0x00000000200000d1        0x3 
 .bss.coin_IC_Val1
                0x00000000200000d4        0x4 ./Core/Src/main.o
                0x00000000200000d4                coin_IC_Val1
 .bss.coin_IC_Val2
                0x00000000200000d8        0x4 ./Core/Src/main.o
                0x00000000200000d8                coin_IC_Val2
 .bss.coin_Difference
                0x00000000200000dc        0x4 ./Core/Src/main.o
                0x00000000200000dc                coin_Difference
 .bss.coin_Is_First_Captured
                0x00000000200000e0        0x1 ./Core/Src/main.o
                0x00000000200000e0                coin_Is_First_Captured
 .bss.selected_menu
                0x00000000200000e1        0x1 ./Core/Src/main.o
                0x00000000200000e1                selected_menu
 *fill*         0x00000000200000e2        0x2 
 .bss.credit    0x00000000200000e4        0x4 ./Core/Src/main.o
                0x00000000200000e4                credit
 .bss.selected_button
                0x00000000200000e8        0x1 ./Core/Src/main.o
                0x00000000200000e8                selected_button
 *fill*         0x00000000200000e9        0x3 
 .bss.logic_runner_round_counter
                0x00000000200000ec        0x4 ./Core/Src/main.o
                0x00000000200000ec                logic_runner_round_counter
 .bss.system_function_start
                0x00000000200000f0        0x1 ./Core/Src/main.o
                0x00000000200000f0                system_function_start
 *fill*         0x00000000200000f1        0x3 
 .bss.lastTimePress
                0x00000000200000f4        0x4 ./Core/Src/main.o
                0x00000000200000f4                lastTimePress
 .bss.last_credit_insert
                0x00000000200000f8        0x2 ./Core/Src/main.o
                0x00000000200000f8                last_credit_insert
 .bss.last_credit_insert_bank
                0x00000000200000fa        0x2 ./Core/Src/main.o
                0x00000000200000fa                last_credit_insert_bank
 .bss.standby_counter
                0x00000000200000fc        0x1 ./Core/Src/main.o
                0x00000000200000fc                standby_counter
 .bss.clearButton
                0x00000000200000fd        0x1 ./Core/Src/main.o
                0x00000000200000fd                clearButton
 .bss.clearButtonCounter
                0x00000000200000fe        0x1 ./Core/Src/main.o
                0x00000000200000fe                clearButtonCounter
 .bss.tim2_round_counter
                0x00000000200000ff        0x1 ./Core/Src/main.o
                0x00000000200000ff                tim2_round_counter
 .bss.iot_round_counter
                0x0000000020000100        0x1 ./Core/Src/main.o
                0x0000000020000100                iot_round_counter
 .bss.ignoreButtonBusy
                0x0000000020000101        0x1 ./Core/Src/main.o
                0x0000000020000101                ignoreButtonBusy
 .bss.decodeMode
                0x0000000020000102        0x1 ./Core/Src/max7219.o
 *fill*         0x0000000020000103        0x1 
 .bss.__sbrk_heap_end
                0x0000000020000104        0x4 ./Core/Src/sysmem.o
 .bss.__malloc_free_list
                0x0000000020000108        0x4 /Applications/STM32CubeIDE.app/Contents/Eclipse/plugins/com.st.stm32cube.ide.mcu.externaltools.gnu-tools-for-stm32.9-2020-q2-update.macos64_2.0.0.202105311346/tools/bin/../lib/gcc/arm-none-eabi/9.3.1/../../../../arm-none-eabi/lib/thumb/v7-m/nofp/libc_nano.a(lib_a-nano-mallocr.o)
                0x0000000020000108                __malloc_free_list
 .bss.__malloc_sbrk_start
                0x000000002000010c        0x4 /Applications/STM32CubeIDE.app/Contents/Eclipse/plugins/com.st.stm32cube.ide.mcu.externaltools.gnu-tools-for-stm32.9-2020-q2-update.macos64_2.0.0.202105311346/tools/bin/../lib/gcc/arm-none-eabi/9.3.1/../../../../arm-none-eabi/lib/thumb/v7-m/nofp/libc_nano.a(lib_a-nano-mallocr.o)
                0x000000002000010c                __malloc_sbrk_start
 *(COMMON)
 COMMON         0x0000000020000110        0xc ./Core/Src/iwdg.o
                0x0000000020000110                hiwdg
 COMMON         0x000000002000011c       0x3e ./Core/Src/main.o
                0x000000002000011c                dev_id_buffer
                0x000000002000013c                data_to_read
                0x0000000020000150                buffer
 *fill*         0x000000002000015a        0x2 
 COMMON         0x000000002000015c       0x14 ./Core/Src/rtc.o
                0x000000002000015c                hrtc
 COMMON         0x0000000020000170       0x58 ./Core/Src/spi.o
                0x0000000020000170                hspi2
 COMMON         0x00000000200001c8      0x120 ./Core/Src/tim.o
                0x00000000200001c8                htim4
                0x0000000020000210                htim3
                0x0000000020000258                htim1
                0x00000000200002a0                htim2
 COMMON         0x00000000200002e8       0x88 ./Core/Src/usart.o
                0x00000000200002e8                huart3
                0x000000002000032c                huart1
 COMMON         0x0000000020000370        0x4 ./Drivers/STM32F1xx_HAL_Driver/stm32f1xx_hal.o
                0x0000000020000370                uwTick
 COMMON         0x0000000020000374        0x4 /Applications/STM32CubeIDE.app/Contents/Eclipse/plugins/com.st.stm32cube.ide.mcu.externaltools.gnu-tools-for-stm32.9-2020-q2-update.macos64_2.0.0.202105311346/tools/bin/../lib/gcc/arm-none-eabi/9.3.1/../../../../arm-none-eabi/lib/thumb/v7-m/nofp/libc_nano.a(lib_a-reent.o)
                0x0000000020000374                errno
 COMMON         0x0000000020000378        0x9 /Applications/STM32CubeIDE.app/Contents/Eclipse/plugins/com.st.stm32cube.ide.mcu.externaltools.gnu-tools-for-stm32.9-2020-q2-update.macos64_2.0.0.202105311346/tools/bin/../lib/gcc/arm-none-eabi/9.3.1/../../../../arm-none-eabi/lib/thumb/v7-m/nofp/libc_nano.a(lib_a-lock.o)
                0x0000000020000378                __lock___atexit_recursive_mutex
                0x0000000020000379                __lock___arc4random_mutex
                0x000000002000037a                __lock___env_recursive_mutex
                0x000000002000037b                __lock___sinit_recursive_mutex
                0x000000002000037c                __lock___malloc_recursive_mutex
                0x000000002000037d                __lock___at_quick_exit_mutex
                0x000000002000037e                __lock___dd_hash_mutex
                0x000000002000037f                __lock___tz_mutex
                0x0000000020000380                __lock___sfp_recursive_mutex
                0x0000000020000384                . = ALIGN (0x4)
 *fill*         0x0000000020000381        0x3 
                0x0000000020000384                _ebss = .
                0x0000000020000384                __bss_end__ = _ebss

._user_heap_stack
                0x0000000020000384      0x604 load address 0x0000000008006d18
                0x0000000020000388                . = ALIGN (0x8)
 *fill*         0x0000000020000384        0x4 
                [!provide]                        PROVIDE (end = .)
                0x0000000020000388                PROVIDE (_end = .)
                0x0000000020000588                . = (. + _Min_Heap_Size)
 *fill*         0x0000000020000388      0x200 
                0x0000000020000988                . = (. + _Min_Stack_Size)
 *fill*         0x0000000020000588      0x400 
                0x0000000020000988                . = ALIGN (0x8)

/DISCARD/
 libc.a(*)
 libm.a(*)
 libgcc.a(*)

.ARM.attributes
                0x0000000000000000       0x29
 *(.ARM.attributes)
 .ARM.attributes
                0x0000000000000000       0x1d /Applications/STM32CubeIDE.app/Contents/Eclipse/plugins/com.st.stm32cube.ide.mcu.externaltools.gnu-tools-for-stm32.9-2020-q2-update.macos64_2.0.0.202105311346/tools/bin/../lib/gcc/arm-none-eabi/9.3.1/thumb/v7-m/nofp/crti.o
 .ARM.attributes
                0x000000000000001d       0x2d /Applications/STM32CubeIDE.app/Contents/Eclipse/plugins/com.st.stm32cube.ide.mcu.externaltools.gnu-tools-for-stm32.9-2020-q2-update.macos64_2.0.0.202105311346/tools/bin/../lib/gcc/arm-none-eabi/9.3.1/thumb/v7-m/nofp/crtbegin.o
 .ARM.attributes
                0x000000000000004a       0x2d ./Core/Src/gpio.o
 .ARM.attributes
                0x0000000000000077       0x2d ./Core/Src/iwdg.o
 .ARM.attributes
                0x00000000000000a4       0x2d ./Core/Src/main.o
 .ARM.attributes
                0x00000000000000d1       0x2d ./Core/Src/max7219.o
 .ARM.attributes
                0x00000000000000fe       0x2d ./Core/Src/rtc.o
 .ARM.attributes
                0x000000000000012b       0x2d ./Core/Src/spi.o
 .ARM.attributes
                0x0000000000000158       0x2d ./Core/Src/stm32f1xx_hal_msp.o
 .ARM.attributes
                0x0000000000000185       0x2d ./Core/Src/stm32f1xx_it.o
 .ARM.attributes
                0x00000000000001b2       0x2d ./Core/Src/sysmem.o
 .ARM.attributes
                0x00000000000001df       0x2d ./Core/Src/system_stm32f1xx.o
 .ARM.attributes
                0x000000000000020c       0x2d ./Core/Src/tim.o
 .ARM.attributes
                0x0000000000000239       0x2d ./Core/Src/usart.o
 .ARM.attributes
                0x0000000000000266       0x21 ./Core/Startup/startup_stm32f103c8tx.o
 .ARM.attributes
                0x0000000000000287       0x2d ./Drivers/STM32F1xx_HAL_Driver/stm32f1xx_hal.o
 .ARM.attributes
                0x00000000000002b4       0x2d ./Drivers/STM32F1xx_HAL_Driver/stm32f1xx_hal_cortex.o
 .ARM.attributes
                0x00000000000002e1       0x2d ./Drivers/STM32F1xx_HAL_Driver/stm32f1xx_hal_gpio.o
 .ARM.attributes
                0x000000000000030e       0x2d ./Drivers/STM32F1xx_HAL_Driver/stm32f1xx_hal_iwdg.o
 .ARM.attributes
                0x000000000000033b       0x2d ./Drivers/STM32F1xx_HAL_Driver/stm32f1xx_hal_pwr.o
 .ARM.attributes
                0x0000000000000368       0x2d ./Drivers/STM32F1xx_HAL_Driver/stm32f1xx_hal_rcc.o
 .ARM.attributes
                0x0000000000000395       0x2d ./Drivers/STM32F1xx_HAL_Driver/stm32f1xx_hal_rcc_ex.o
 .ARM.attributes
                0x00000000000003c2       0x2d ./Drivers/STM32F1xx_HAL_Driver/stm32f1xx_hal_rtc.o
 .ARM.attributes
                0x00000000000003ef       0x2d ./Drivers/STM32F1xx_HAL_Driver/stm32f1xx_hal_rtc_ex.o
 .ARM.attributes
                0x000000000000041c       0x2d ./Drivers/STM32F1xx_HAL_Driver/stm32f1xx_hal_spi.o
 .ARM.attributes
                0x0000000000000449       0x2d ./Drivers/STM32F1xx_HAL_Driver/stm32f1xx_hal_tim.o
 .ARM.attributes
                0x0000000000000476       0x2d ./Drivers/STM32F1xx_HAL_Driver/stm32f1xx_hal_tim_ex.o
 .ARM.attributes
                0x00000000000004a3       0x2d ./Drivers/STM32F1xx_HAL_Driver/stm32f1xx_hal_uart.o
 .ARM.attributes
                0x00000000000004d0       0x2d /Applications/STM32CubeIDE.app/Contents/Eclipse/plugins/com.st.stm32cube.ide.mcu.externaltools.gnu-tools-for-stm32.9-2020-q2-update.macos64_2.0.0.202105311346/tools/bin/../lib/gcc/arm-none-eabi/9.3.1/../../../../arm-none-eabi/lib/thumb/v7-m/nofp/libc_nano.a(lib_a-errno.o)
 .ARM.attributes
                0x00000000000004fd       0x2d /Applications/STM32CubeIDE.app/Contents/Eclipse/plugins/com.st.stm32cube.ide.mcu.externaltools.gnu-tools-for-stm32.9-2020-q2-update.macos64_2.0.0.202105311346/tools/bin/../lib/gcc/arm-none-eabi/9.3.1/../../../../arm-none-eabi/lib/thumb/v7-m/nofp/libc_nano.a(lib_a-impure.o)
 .ARM.attributes
                0x000000000000052a       0x2d /Applications/STM32CubeIDE.app/Contents/Eclipse/plugins/com.st.stm32cube.ide.mcu.externaltools.gnu-tools-for-stm32.9-2020-q2-update.macos64_2.0.0.202105311346/tools/bin/../lib/gcc/arm-none-eabi/9.3.1/../../../../arm-none-eabi/lib/thumb/v7-m/nofp/libc_nano.a(lib_a-init.o)
 .ARM.attributes
                0x0000000000000557       0x2d /Applications/STM32CubeIDE.app/Contents/Eclipse/plugins/com.st.stm32cube.ide.mcu.externaltools.gnu-tools-for-stm32.9-2020-q2-update.macos64_2.0.0.202105311346/tools/bin/../lib/gcc/arm-none-eabi/9.3.1/../../../../arm-none-eabi/lib/thumb/v7-m/nofp/libc_nano.a(lib_a-memset.o)
 .ARM.attributes
                0x0000000000000584       0x2d /Applications/STM32CubeIDE.app/Contents/Eclipse/plugins/com.st.stm32cube.ide.mcu.externaltools.gnu-tools-for-stm32.9-2020-q2-update.macos64_2.0.0.202105311346/tools/bin/../lib/gcc/arm-none-eabi/9.3.1/../../../../arm-none-eabi/lib/thumb/v7-m/nofp/libc_nano.a(lib_a-sprintf.o)
 .ARM.attributes
                0x00000000000005b1       0x17 /Applications/STM32CubeIDE.app/Contents/Eclipse/plugins/com.st.stm32cube.ide.mcu.externaltools.gnu-tools-for-stm32.9-2020-q2-update.macos64_2.0.0.202105311346/tools/bin/../lib/gcc/arm-none-eabi/9.3.1/../../../../arm-none-eabi/lib/thumb/v7-m/nofp/libc_nano.a(lib_a-strlen.o)
 .ARM.attributes
                0x00000000000005c8       0x2d /Applications/STM32CubeIDE.app/Contents/Eclipse/plugins/com.st.stm32cube.ide.mcu.externaltools.gnu-tools-for-stm32.9-2020-q2-update.macos64_2.0.0.202105311346/tools/bin/../lib/gcc/arm-none-eabi/9.3.1/../../../../arm-none-eabi/lib/thumb/v7-m/nofp/libc_nano.a(lib_a-nano-svfprintf.o)
 .ARM.attributes
                0x00000000000005f5       0x2d /Applications/STM32CubeIDE.app/Contents/Eclipse/plugins/com.st.stm32cube.ide.mcu.externaltools.gnu-tools-for-stm32.9-2020-q2-update.macos64_2.0.0.202105311346/tools/bin/../lib/gcc/arm-none-eabi/9.3.1/../../../../arm-none-eabi/lib/thumb/v7-m/nofp/libc_nano.a(lib_a-nano-vfprintf_i.o)
 .ARM.attributes
                0x0000000000000622       0x2d /Applications/STM32CubeIDE.app/Contents/Eclipse/plugins/com.st.stm32cube.ide.mcu.externaltools.gnu-tools-for-stm32.9-2020-q2-update.macos64_2.0.0.202105311346/tools/bin/../lib/gcc/arm-none-eabi/9.3.1/../../../../arm-none-eabi/lib/thumb/v7-m/nofp/libc_nano.a(lib_a-memchr-stub.o)
 .ARM.attributes
                0x000000000000064f       0x2d /Applications/STM32CubeIDE.app/Contents/Eclipse/plugins/com.st.stm32cube.ide.mcu.externaltools.gnu-tools-for-stm32.9-2020-q2-update.macos64_2.0.0.202105311346/tools/bin/../lib/gcc/arm-none-eabi/9.3.1/../../../../arm-none-eabi/lib/thumb/v7-m/nofp/libc_nano.a(lib_a-memcpy-stub.o)
 .ARM.attributes
                0x000000000000067c       0x2d /Applications/STM32CubeIDE.app/Contents/Eclipse/plugins/com.st.stm32cube.ide.mcu.externaltools.gnu-tools-for-stm32.9-2020-q2-update.macos64_2.0.0.202105311346/tools/bin/../lib/gcc/arm-none-eabi/9.3.1/../../../../arm-none-eabi/lib/thumb/v7-m/nofp/libc_nano.a(lib_a-memmove.o)
 .ARM.attributes
                0x00000000000006a9       0x2d /Applications/STM32CubeIDE.app/Contents/Eclipse/plugins/com.st.stm32cube.ide.mcu.externaltools.gnu-tools-for-stm32.9-2020-q2-update.macos64_2.0.0.202105311346/tools/bin/../lib/gcc/arm-none-eabi/9.3.1/../../../../arm-none-eabi/lib/thumb/v7-m/nofp/libc_nano.a(lib_a-nano-freer.o)
 .ARM.attributes
                0x00000000000006d6       0x2d /Applications/STM32CubeIDE.app/Contents/Eclipse/plugins/com.st.stm32cube.ide.mcu.externaltools.gnu-tools-for-stm32.9-2020-q2-update.macos64_2.0.0.202105311346/tools/bin/../lib/gcc/arm-none-eabi/9.3.1/../../../../arm-none-eabi/lib/thumb/v7-m/nofp/libc_nano.a(lib_a-nano-mallocr.o)
 .ARM.attributes
                0x0000000000000703       0x2d /Applications/STM32CubeIDE.app/Contents/Eclipse/plugins/com.st.stm32cube.ide.mcu.externaltools.gnu-tools-for-stm32.9-2020-q2-update.macos64_2.0.0.202105311346/tools/bin/../lib/gcc/arm-none-eabi/9.3.1/../../../../arm-none-eabi/lib/thumb/v7-m/nofp/libc_nano.a(lib_a-nano-reallocr.o)
 .ARM.attributes
                0x0000000000000730       0x2d /Applications/STM32CubeIDE.app/Contents/Eclipse/plugins/com.st.stm32cube.ide.mcu.externaltools.gnu-tools-for-stm32.9-2020-q2-update.macos64_2.0.0.202105311346/tools/bin/../lib/gcc/arm-none-eabi/9.3.1/../../../../arm-none-eabi/lib/thumb/v7-m/nofp/libc_nano.a(lib_a-sbrkr.o)
 .ARM.attributes
                0x000000000000075d       0x2d /Applications/STM32CubeIDE.app/Contents/Eclipse/plugins/com.st.stm32cube.ide.mcu.externaltools.gnu-tools-for-stm32.9-2020-q2-update.macos64_2.0.0.202105311346/tools/bin/../lib/gcc/arm-none-eabi/9.3.1/../../../../arm-none-eabi/lib/thumb/v7-m/nofp/libc_nano.a(lib_a-mlock.o)
 .ARM.attributes
                0x000000000000078a       0x2d /Applications/STM32CubeIDE.app/Contents/Eclipse/plugins/com.st.stm32cube.ide.mcu.externaltools.gnu-tools-for-stm32.9-2020-q2-update.macos64_2.0.0.202105311346/tools/bin/../lib/gcc/arm-none-eabi/9.3.1/../../../../arm-none-eabi/lib/thumb/v7-m/nofp/libc_nano.a(lib_a-nano-msizer.o)
 .ARM.attributes
                0x00000000000007b7       0x2d /Applications/STM32CubeIDE.app/Contents/Eclipse/plugins/com.st.stm32cube.ide.mcu.externaltools.gnu-tools-for-stm32.9-2020-q2-update.macos64_2.0.0.202105311346/tools/bin/../lib/gcc/arm-none-eabi/9.3.1/../../../../arm-none-eabi/lib/thumb/v7-m/nofp/libc_nano.a(lib_a-reent.o)
 .ARM.attributes
                0x00000000000007e4       0x2d /Applications/STM32CubeIDE.app/Contents/Eclipse/plugins/com.st.stm32cube.ide.mcu.externaltools.gnu-tools-for-stm32.9-2020-q2-update.macos64_2.0.0.202105311346/tools/bin/../lib/gcc/arm-none-eabi/9.3.1/../../../../arm-none-eabi/lib/thumb/v7-m/nofp/libc_nano.a(lib_a-lock.o)
 .ARM.attributes
                0x0000000000000811       0x1d /Applications/STM32CubeIDE.app/Contents/Eclipse/plugins/com.st.stm32cube.ide.mcu.externaltools.gnu-tools-for-stm32.9-2020-q2-update.macos64_2.0.0.202105311346/tools/bin/../lib/gcc/arm-none-eabi/9.3.1/thumb/v7-m/nofp/crtn.o
OUTPUT(i2c_test_c8t6.elf elf32-littlearm)
LOAD linker stubs
LOAD /Applications/STM32CubeIDE.app/Contents/Eclipse/plugins/com.st.stm32cube.ide.mcu.externaltools.gnu-tools-for-stm32.9-2020-q2-update.macos64_2.0.0.202105311346/tools/bin/../lib/gcc/arm-none-eabi/9.3.1/../../../../arm-none-eabi/lib/thumb/v7-m/nofp/libc.a
LOAD /Applications/STM32CubeIDE.app/Contents/Eclipse/plugins/com.st.stm32cube.ide.mcu.externaltools.gnu-tools-for-stm32.9-2020-q2-update.macos64_2.0.0.202105311346/tools/bin/../lib/gcc/arm-none-eabi/9.3.1/../../../../arm-none-eabi/lib/thumb/v7-m/nofp/libm.a
LOAD /Applications/STM32CubeIDE.app/Contents/Eclipse/plugins/com.st.stm32cube.ide.mcu.externaltools.gnu-tools-for-stm32.9-2020-q2-update.macos64_2.0.0.202105311346/tools/bin/../lib/gcc/arm-none-eabi/9.3.1/thumb/v7-m/nofp/libgcc.a

.debug_info     0x0000000000000000    0x12914
 .debug_info    0x0000000000000000      0x4f3 ./Core/Src/gpio.o
 .debug_info    0x00000000000004f3      0x286 ./Core/Src/iwdg.o
 .debug_info    0x0000000000000779     0x25e0 ./Core/Src/main.o
 .debug_info    0x0000000000002d59      0xafb ./Core/Src/max7219.o
 .debug_info    0x0000000000003854      0x538 ./Core/Src/rtc.o
 .debug_info    0x0000000000003d8c      0x899 ./Core/Src/spi.o
 .debug_info    0x0000000000004625      0x443 ./Core/Src/stm32f1xx_hal_msp.o
 .debug_info    0x0000000000004a68      0x872 ./Core/Src/stm32f1xx_it.o
 .debug_info    0x00000000000052da      0xa25 ./Core/Src/sysmem.o
 .debug_info    0x0000000000005cff      0x2be ./Core/Src/system_stm32f1xx.o
 .debug_info    0x0000000000005fbd      0xd6e ./Core/Src/tim.o
 .debug_info    0x0000000000006d2b      0x8b7 ./Core/Src/usart.o
 .debug_info    0x00000000000075e2       0x22 ./Core/Startup/startup_stm32f103c8tx.o
 .debug_info    0x0000000000007604      0x76a ./Drivers/STM32F1xx_HAL_Driver/stm32f1xx_hal.o
 .debug_info    0x0000000000007d6e      0xbdc ./Drivers/STM32F1xx_HAL_Driver/stm32f1xx_hal_cortex.o
 .debug_info    0x000000000000894a      0x701 ./Drivers/STM32F1xx_HAL_Driver/stm32f1xx_hal_gpio.o
 .debug_info    0x000000000000904b      0x2cb ./Drivers/STM32F1xx_HAL_Driver/stm32f1xx_hal_iwdg.o
 .debug_info    0x0000000000009316      0x730 ./Drivers/STM32F1xx_HAL_Driver/stm32f1xx_hal_pwr.o
 .debug_info    0x0000000000009a46      0x88e ./Drivers/STM32F1xx_HAL_Driver/stm32f1xx_hal_rcc.o
 .debug_info    0x000000000000a2d4      0x480 ./Drivers/STM32F1xx_HAL_Driver/stm32f1xx_hal_rcc_ex.o
 .debug_info    0x000000000000a754      0xdf9 ./Drivers/STM32F1xx_HAL_Driver/stm32f1xx_hal_rtc.o
 .debug_info    0x000000000000b54d      0x7d4 ./Drivers/STM32F1xx_HAL_Driver/stm32f1xx_hal_rtc_ex.o
 .debug_info    0x000000000000bd21     0x16bf ./Drivers/STM32F1xx_HAL_Driver/stm32f1xx_hal_spi.o
 .debug_info    0x000000000000d3e0     0x2a45 ./Drivers/STM32F1xx_HAL_Driver/stm32f1xx_hal_tim.o
 .debug_info    0x000000000000fe25     0x14d5 ./Drivers/STM32F1xx_HAL_Driver/stm32f1xx_hal_tim_ex.o
 .debug_info    0x00000000000112fa     0x161a ./Drivers/STM32F1xx_HAL_Driver/stm32f1xx_hal_uart.o

.debug_abbrev   0x0000000000000000     0x3177
 .debug_abbrev  0x0000000000000000      0x157 ./Core/Src/gpio.o
 .debug_abbrev  0x0000000000000157      0x11f ./Core/Src/iwdg.o
 .debug_abbrev  0x0000000000000276      0x333 ./Core/Src/main.o
 .debug_abbrev  0x00000000000005a9      0x24a ./Core/Src/max7219.o
 .debug_abbrev  0x00000000000007f3      0x193 ./Core/Src/rtc.o
 .debug_abbrev  0x0000000000000986      0x1bb ./Core/Src/spi.o
 .debug_abbrev  0x0000000000000b41      0x126 ./Core/Src/stm32f1xx_hal_msp.o
 .debug_abbrev  0x0000000000000c67      0x190 ./Core/Src/stm32f1xx_it.o
 .debug_abbrev  0x0000000000000df7      0x1bf ./Core/Src/sysmem.o
 .debug_abbrev  0x0000000000000fb6      0x14e ./Core/Src/system_stm32f1xx.o
 .debug_abbrev  0x0000000000001104      0x215 ./Core/Src/tim.o
 .debug_abbrev  0x0000000000001319      0x1bb ./Core/Src/usart.o
 .debug_abbrev  0x00000000000014d4       0x12 ./Core/Startup/startup_stm32f103c8tx.o
 .debug_abbrev  0x00000000000014e6      0x1ed ./Drivers/STM32F1xx_HAL_Driver/stm32f1xx_hal.o
 .debug_abbrev  0x00000000000016d3      0x313 ./Drivers/STM32F1xx_HAL_Driver/stm32f1xx_hal_cortex.o
 .debug_abbrev  0x00000000000019e6      0x1e8 ./Drivers/STM32F1xx_HAL_Driver/stm32f1xx_hal_gpio.o
 .debug_abbrev  0x0000000000001bce      0x152 ./Drivers/STM32F1xx_HAL_Driver/stm32f1xx_hal_iwdg.o
 .debug_abbrev  0x0000000000001d20      0x213 ./Drivers/STM32F1xx_HAL_Driver/stm32f1xx_hal_pwr.o
 .debug_abbrev  0x0000000000001f33      0x273 ./Drivers/STM32F1xx_HAL_Driver/stm32f1xx_hal_rcc.o
 .debug_abbrev  0x00000000000021a6      0x193 ./Drivers/STM32F1xx_HAL_Driver/stm32f1xx_hal_rcc_ex.o
 .debug_abbrev  0x0000000000002339      0x236 ./Drivers/STM32F1xx_HAL_Driver/stm32f1xx_hal_rtc.o
 .debug_abbrev  0x000000000000256f      0x24b ./Drivers/STM32F1xx_HAL_Driver/stm32f1xx_hal_rtc_ex.o
 .debug_abbrev  0x00000000000027ba      0x26e ./Drivers/STM32F1xx_HAL_Driver/stm32f1xx_hal_spi.o
 .debug_abbrev  0x0000000000002a28      0x25e ./Drivers/STM32F1xx_HAL_Driver/stm32f1xx_hal_tim.o
 .debug_abbrev  0x0000000000002c86      0x266 ./Drivers/STM32F1xx_HAL_Driver/stm32f1xx_hal_tim_ex.o
 .debug_abbrev  0x0000000000002eec      0x28b ./Drivers/STM32F1xx_HAL_Driver/stm32f1xx_hal_uart.o

.debug_aranges  0x0000000000000000     0x1228
 .debug_aranges
                0x0000000000000000       0x20 ./Core/Src/gpio.o
 .debug_aranges
                0x0000000000000020       0x20 ./Core/Src/iwdg.o
 .debug_aranges
                0x0000000000000040       0xf8 ./Core/Src/main.o
 .debug_aranges
                0x0000000000000138       0x90 ./Core/Src/max7219.o
 .debug_aranges
                0x00000000000001c8       0x30 ./Core/Src/rtc.o
 .debug_aranges
                0x00000000000001f8       0x30 ./Core/Src/spi.o
 .debug_aranges
                0x0000000000000228       0x20 ./Core/Src/stm32f1xx_hal_msp.o
 .debug_aranges
                0x0000000000000248       0xa0 ./Core/Src/stm32f1xx_it.o
 .debug_aranges
                0x00000000000002e8       0x20 ./Core/Src/sysmem.o
 .debug_aranges
                0x0000000000000308       0x28 ./Core/Src/system_stm32f1xx.o
 .debug_aranges
                0x0000000000000330       0x48 ./Core/Src/tim.o
 .debug_aranges
                0x0000000000000378       0x38 ./Core/Src/usart.o
 .debug_aranges
                0x00000000000003b0       0x28 ./Core/Startup/startup_stm32f103c8tx.o
 .debug_aranges
                0x00000000000003d8       0xe0 ./Drivers/STM32F1xx_HAL_Driver/stm32f1xx_hal.o
 .debug_aranges
                0x00000000000004b8      0x100 ./Drivers/STM32F1xx_HAL_Driver/stm32f1xx_hal_cortex.o
 .debug_aranges
                0x00000000000005b8       0x58 ./Drivers/STM32F1xx_HAL_Driver/stm32f1xx_hal_gpio.o
 .debug_aranges
                0x0000000000000610       0x28 ./Drivers/STM32F1xx_HAL_Driver/stm32f1xx_hal_iwdg.o
 .debug_aranges
                0x0000000000000638       0xa8 ./Drivers/STM32F1xx_HAL_Driver/stm32f1xx_hal_pwr.o
 .debug_aranges
                0x00000000000006e0       0x90 ./Drivers/STM32F1xx_HAL_Driver/stm32f1xx_hal_rcc.o
 .debug_aranges
                0x0000000000000770       0x30 ./Drivers/STM32F1xx_HAL_Driver/stm32f1xx_hal_rcc_ex.o
 .debug_aranges
                0x00000000000007a0       0xf8 ./Drivers/STM32F1xx_HAL_Driver/stm32f1xx_hal_rtc.o
 .debug_aranges
                0x0000000000000898       0x88 ./Drivers/STM32F1xx_HAL_Driver/stm32f1xx_hal_rtc_ex.o
 .debug_aranges
                0x0000000000000920      0x1d0 ./Drivers/STM32F1xx_HAL_Driver/stm32f1xx_hal_spi.o
 .debug_aranges
                0x0000000000000af0      0x3d0 ./Drivers/STM32F1xx_HAL_Driver/stm32f1xx_hal_tim.o
 .debug_aranges
                0x0000000000000ec0      0x168 ./Drivers/STM32F1xx_HAL_Driver/stm32f1xx_hal_tim_ex.o
 .debug_aranges
                0x0000000000001028      0x200 ./Drivers/STM32F1xx_HAL_Driver/stm32f1xx_hal_uart.o

.debug_ranges   0x0000000000000000     0x10c0
 .debug_ranges  0x0000000000000000       0x10 ./Core/Src/gpio.o
 .debug_ranges  0x0000000000000010       0x10 ./Core/Src/iwdg.o
 .debug_ranges  0x0000000000000020       0xe8 ./Core/Src/main.o
 .debug_ranges  0x0000000000000108       0x80 ./Core/Src/max7219.o
 .debug_ranges  0x0000000000000188       0x20 ./Core/Src/rtc.o
 .debug_ranges  0x00000000000001a8       0x20 ./Core/Src/spi.o
 .debug_ranges  0x00000000000001c8       0x10 ./Core/Src/stm32f1xx_hal_msp.o
 .debug_ranges  0x00000000000001d8       0x90 ./Core/Src/stm32f1xx_it.o
 .debug_ranges  0x0000000000000268       0x10 ./Core/Src/sysmem.o
 .debug_ranges  0x0000000000000278       0x18 ./Core/Src/system_stm32f1xx.o
 .debug_ranges  0x0000000000000290       0x38 ./Core/Src/tim.o
 .debug_ranges  0x00000000000002c8       0x28 ./Core/Src/usart.o
 .debug_ranges  0x00000000000002f0       0x20 ./Core/Startup/startup_stm32f103c8tx.o
 .debug_ranges  0x0000000000000310       0xd0 ./Drivers/STM32F1xx_HAL_Driver/stm32f1xx_hal.o
 .debug_ranges  0x00000000000003e0       0xf0 ./Drivers/STM32F1xx_HAL_Driver/stm32f1xx_hal_cortex.o
 .debug_ranges  0x00000000000004d0       0x48 ./Drivers/STM32F1xx_HAL_Driver/stm32f1xx_hal_gpio.o
 .debug_ranges  0x0000000000000518       0x18 ./Drivers/STM32F1xx_HAL_Driver/stm32f1xx_hal_iwdg.o
 .debug_ranges  0x0000000000000530       0x98 ./Drivers/STM32F1xx_HAL_Driver/stm32f1xx_hal_pwr.o
 .debug_ranges  0x00000000000005c8       0x80 ./Drivers/STM32F1xx_HAL_Driver/stm32f1xx_hal_rcc.o
 .debug_ranges  0x0000000000000648       0x20 ./Drivers/STM32F1xx_HAL_Driver/stm32f1xx_hal_rcc_ex.o
 .debug_ranges  0x0000000000000668       0xe8 ./Drivers/STM32F1xx_HAL_Driver/stm32f1xx_hal_rtc.o
 .debug_ranges  0x0000000000000750       0x78 ./Drivers/STM32F1xx_HAL_Driver/stm32f1xx_hal_rtc_ex.o
 .debug_ranges  0x00000000000007c8      0x1c0 ./Drivers/STM32F1xx_HAL_Driver/stm32f1xx_hal_spi.o
 .debug_ranges  0x0000000000000988      0x3c0 ./Drivers/STM32F1xx_HAL_Driver/stm32f1xx_hal_tim.o
 .debug_ranges  0x0000000000000d48      0x158 ./Drivers/STM32F1xx_HAL_Driver/stm32f1xx_hal_tim_ex.o
 .debug_ranges  0x0000000000000ea0      0x220 ./Drivers/STM32F1xx_HAL_Driver/stm32f1xx_hal_uart.o

.debug_macro    0x0000000000000000    0x19cee
 .debug_macro   0x0000000000000000      0x1e4 ./Core/Src/gpio.o
 .debug_macro   0x00000000000001e4      0xa9c ./Core/Src/gpio.o
 .debug_macro   0x0000000000000c80      0x22d ./Core/Src/gpio.o
 .debug_macro   0x0000000000000ead       0x2e ./Core/Src/gpio.o
 .debug_macro   0x0000000000000edb       0x22 ./Core/Src/gpio.o
 .debug_macro   0x0000000000000efd       0x22 ./Core/Src/gpio.o
 .debug_macro   0x0000000000000f1f       0x8e ./Core/Src/gpio.o
 .debug_macro   0x0000000000000fad       0x51 ./Core/Src/gpio.o
 .debug_macro   0x0000000000000ffe      0x103 ./Core/Src/gpio.o
 .debug_macro   0x0000000000001101       0x6a ./Core/Src/gpio.o
 .debug_macro   0x000000000000116b      0x1df ./Core/Src/gpio.o
 .debug_macro   0x000000000000134a       0x1c ./Core/Src/gpio.o
 .debug_macro   0x0000000000001366       0x22 ./Core/Src/gpio.o
 .debug_macro   0x0000000000001388       0xc3 ./Core/Src/gpio.o
 .debug_macro   0x000000000000144b      0xd23 ./Core/Src/gpio.o
 .debug_macro   0x000000000000216e     0xe09e ./Core/Src/gpio.o
 .debug_macro   0x000000000001020c       0x6d ./Core/Src/gpio.o
 .debug_macro   0x0000000000010279     0x3468 ./Core/Src/gpio.o
 .debug_macro   0x00000000000136e1      0x174 ./Core/Src/gpio.o
 .debug_macro   0x0000000000013855       0x5c ./Core/Src/gpio.o
 .debug_macro   0x00000000000138b1      0x5be ./Core/Src/gpio.o
 .debug_macro   0x0000000000013e6f      0x289 ./Core/Src/gpio.o
 .debug_macro   0x00000000000140f8      0x1cb ./Core/Src/gpio.o
 .debug_macro   0x00000000000142c3      0x114 ./Core/Src/gpio.o
 .debug_macro   0x00000000000143d7      0x1b2 ./Core/Src/gpio.o
 .debug_macro   0x0000000000014589       0x27 ./Core/Src/gpio.o
 .debug_macro   0x00000000000145b0      0x136 ./Core/Src/gpio.o
 .debug_macro   0x00000000000146e6      0x1bc ./Core/Src/gpio.o
 .debug_macro   0x00000000000148a2       0x34 ./Core/Src/gpio.o
 .debug_macro   0x00000000000148d6       0x3c ./Core/Src/gpio.o
 .debug_macro   0x0000000000014912       0x57 ./Core/Src/gpio.o
 .debug_macro   0x0000000000014969       0x88 ./Core/Src/gpio.o
 .debug_macro   0x00000000000149f1      0x241 ./Core/Src/gpio.o
 .debug_macro   0x0000000000014c32       0x78 ./Core/Src/gpio.o
 .debug_macro   0x0000000000014caa      0x141 ./Core/Src/gpio.o
 .debug_macro   0x0000000000014deb      0x1ef ./Core/Src/gpio.o
 .debug_macro   0x0000000000014fda       0xec ./Core/Src/gpio.o
 .debug_macro   0x00000000000150c6      0x217 ./Core/Src/gpio.o
 .debug_macro   0x00000000000152dd      0x8d1 ./Core/Src/gpio.o
 .debug_macro   0x0000000000015bae      0x279 ./Core/Src/gpio.o
 .debug_macro   0x0000000000015e27       0x83 ./Core/Src/gpio.o
 .debug_macro   0x0000000000015eaa      0x100 ./Core/Src/gpio.o
 .debug_macro   0x0000000000015faa      0x1e4 ./Core/Src/iwdg.o
 .debug_macro   0x000000000001618e      0x3da ./Core/Src/main.o
 .debug_macro   0x0000000000016568       0x52 ./Core/Src/main.o
 .debug_macro   0x00000000000165ba       0x18 ./Core/Src/main.o
 .debug_macro   0x00000000000165d2       0x3c ./Core/Src/main.o
 .debug_macro   0x000000000001660e       0x34 ./Core/Src/main.o
 .debug_macro   0x0000000000016642       0x16 ./Core/Src/main.o
 .debug_macro   0x0000000000016658       0x35 ./Core/Src/main.o
 .debug_macro   0x000000000001668d      0x333 ./Core/Src/main.o
 .debug_macro   0x00000000000169c0       0x10 ./Core/Src/main.o
 .debug_macro   0x00000000000169d0       0x16 ./Core/Src/main.o
 .debug_macro   0x00000000000169e6       0x43 ./Core/Src/main.o
 .debug_macro   0x0000000000016a29       0x34 ./Core/Src/main.o
 .debug_macro   0x0000000000016a5d       0x10 ./Core/Src/main.o
 .debug_macro   0x0000000000016a6d       0x58 ./Core/Src/main.o
 .debug_macro   0x0000000000016ac5       0x71 ./Core/Src/main.o
 .debug_macro   0x0000000000016b36       0x1c ./Core/Src/main.o
 .debug_macro   0x0000000000016b52      0x12a ./Core/Src/main.o
 .debug_macro   0x0000000000016c7c       0x10 ./Core/Src/main.o
 .debug_macro   0x0000000000016c8c       0x1c ./Core/Src/main.o
 .debug_macro   0x0000000000016ca8       0x52 ./Core/Src/main.o
 .debug_macro   0x0000000000016cfa       0x22 ./Core/Src/main.o
 .debug_macro   0x0000000000016d1c       0x10 ./Core/Src/main.o
 .debug_macro   0x0000000000016d2c       0x40 ./Core/Src/main.o
 .debug_macro   0x0000000000016d6c       0xd5 ./Core/Src/main.o
 .debug_macro   0x0000000000016e41       0x1c ./Core/Src/main.o
 .debug_macro   0x0000000000016e5d       0x3d ./Core/Src/main.o
 .debug_macro   0x0000000000016e9a       0x16 ./Core/Src/main.o
 .debug_macro   0x0000000000016eb0      0x145 ./Core/Src/main.o
 .debug_macro   0x0000000000016ff5       0x16 ./Core/Src/main.o
 .debug_macro   0x000000000001700b       0x20 ./Core/Src/main.o
 .debug_macro   0x000000000001702b       0x22 ./Core/Src/main.o
 .debug_macro   0x000000000001704d      0x1a9 ./Core/Src/main.o
 .debug_macro   0x00000000000171f6       0x16 ./Core/Src/main.o
 .debug_macro   0x000000000001720c      0x20a ./Core/Src/max7219.o
 .debug_macro   0x0000000000017416       0x10 ./Core/Src/max7219.o
 .debug_macro   0x0000000000017426      0x1e4 ./Core/Src/rtc.o
 .debug_macro   0x000000000001760a      0x1e4 ./Core/Src/spi.o
 .debug_macro   0x00000000000177ee      0x1da ./Core/Src/stm32f1xx_hal_msp.o
 .debug_macro   0x00000000000179c8      0x1e4 ./Core/Src/stm32f1xx_it.o
 .debug_macro   0x0000000000017bac       0xff ./Core/Src/sysmem.o
 .debug_macro   0x0000000000017cab      0x23b ./Core/Src/sysmem.o
 .debug_macro   0x0000000000017ee6      0x1cb ./Core/Src/system_stm32f1xx.o
 .debug_macro   0x00000000000180b1      0x1e4 ./Core/Src/tim.o
 .debug_macro   0x0000000000018295      0x1e4 ./Core/Src/usart.o
 .debug_macro   0x0000000000018479      0x1ef ./Drivers/STM32F1xx_HAL_Driver/stm32f1xx_hal.o
 .debug_macro   0x0000000000018668      0x1cb ./Drivers/STM32F1xx_HAL_Driver/stm32f1xx_hal_cortex.o
 .debug_macro   0x0000000000018833      0x236 ./Drivers/STM32F1xx_HAL_Driver/stm32f1xx_hal_gpio.o
 .debug_macro   0x0000000000018a69      0x1d7 ./Drivers/STM32F1xx_HAL_Driver/stm32f1xx_hal_iwdg.o
 .debug_macro   0x0000000000018c40      0x22b ./Drivers/STM32F1xx_HAL_Driver/stm32f1xx_hal_pwr.o
 .debug_macro   0x0000000000018e6b      0x1dd ./Drivers/STM32F1xx_HAL_Driver/stm32f1xx_hal_rcc.o
 .debug_macro   0x0000000000019048      0x1cb ./Drivers/STM32F1xx_HAL_Driver/stm32f1xx_hal_rcc_ex.o
 .debug_macro   0x0000000000019213      0x1da ./Drivers/STM32F1xx_HAL_Driver/stm32f1xx_hal_rtc.o
 .debug_macro   0x00000000000193ed      0x1cb ./Drivers/STM32F1xx_HAL_Driver/stm32f1xx_hal_rtc_ex.o
 .debug_macro   0x00000000000195b8      0x1d3 ./Drivers/STM32F1xx_HAL_Driver/stm32f1xx_hal_spi.o
 .debug_macro   0x000000000001978b      0x1cc ./Drivers/STM32F1xx_HAL_Driver/stm32f1xx_hal_tim.o
 .debug_macro   0x0000000000019957      0x1cb ./Drivers/STM32F1xx_HAL_Driver/stm32f1xx_hal_tim_ex.o
 .debug_macro   0x0000000000019b22      0x1cc ./Drivers/STM32F1xx_HAL_Driver/stm32f1xx_hal_uart.o

.debug_line     0x0000000000000000    0x16734
 .debug_line    0x0000000000000000      0x864 ./Core/Src/gpio.o
 .debug_line    0x0000000000000864      0x805 ./Core/Src/iwdg.o
 .debug_line    0x0000000000001069     0x145a ./Core/Src/main.o
 .debug_line    0x00000000000024c3      0xa8a ./Core/Src/max7219.o
 .debug_line    0x0000000000002f4d      0x864 ./Core/Src/rtc.o
 .debug_line    0x00000000000037b1      0x866 ./Core/Src/spi.o
 .debug_line    0x0000000000004017      0x800 ./Core/Src/stm32f1xx_hal_msp.o
 .debug_line    0x0000000000004817      0x977 ./Core/Src/stm32f1xx_it.o
 .debug_line    0x000000000000518e      0x534 ./Core/Src/sysmem.o
 .debug_line    0x00000000000056c2      0x877 ./Core/Src/system_stm32f1xx.o
 .debug_line    0x0000000000005f39      0x9fa ./Core/Src/tim.o
 .debug_line    0x0000000000006933      0x8d8 ./Core/Src/usart.o
 .debug_line    0x000000000000720b       0x84 ./Core/Startup/startup_stm32f103c8tx.o
 .debug_line    0x000000000000728f      0xadf ./Drivers/STM32F1xx_HAL_Driver/stm32f1xx_hal.o
 .debug_line    0x0000000000007d6e      0xcc7 ./Drivers/STM32F1xx_HAL_Driver/stm32f1xx_hal_cortex.o
 .debug_line    0x0000000000008a35      0xb76 ./Drivers/STM32F1xx_HAL_Driver/stm32f1xx_hal_gpio.o
 .debug_line    0x00000000000095ab      0x8aa ./Drivers/STM32F1xx_HAL_Driver/stm32f1xx_hal_iwdg.o
 .debug_line    0x0000000000009e55      0xa61 ./Drivers/STM32F1xx_HAL_Driver/stm32f1xx_hal_pwr.o
 .debug_line    0x000000000000a8b6      0xeed ./Drivers/STM32F1xx_HAL_Driver/stm32f1xx_hal_rcc.o
 .debug_line    0x000000000000b7a3      0xa2b ./Drivers/STM32F1xx_HAL_Driver/stm32f1xx_hal_rcc_ex.o
 .debug_line    0x000000000000c1ce     0x1251 ./Drivers/STM32F1xx_HAL_Driver/stm32f1xx_hal_rtc.o
 .debug_line    0x000000000000d41f      0xb68 ./Drivers/STM32F1xx_HAL_Driver/stm32f1xx_hal_rtc_ex.o
 .debug_line    0x000000000000df87     0x1d64 ./Drivers/STM32F1xx_HAL_Driver/stm32f1xx_hal_spi.o
 .debug_line    0x000000000000fceb     0x3488 ./Drivers/STM32F1xx_HAL_Driver/stm32f1xx_hal_tim.o
 .debug_line    0x0000000000013173     0x1a07 ./Drivers/STM32F1xx_HAL_Driver/stm32f1xx_hal_tim_ex.o
 .debug_line    0x0000000000014b7a     0x1bba ./Drivers/STM32F1xx_HAL_Driver/stm32f1xx_hal_uart.o

.debug_str      0x0000000000000000    0x90a0c
 .debug_str     0x0000000000000000    0x86b32 ./Core/Src/gpio.o
                                      0x86f23 (size before relaxing)
 .debug_str     0x0000000000086b32       0x92 ./Core/Src/iwdg.o
                                      0x86c0c (size before relaxing)
 .debug_str     0x0000000000086bc4     0x5a2b ./Core/Src/main.o
                                      0x8cbb3 (size before relaxing)
 .debug_str     0x000000000008c5ef      0x2c6 ./Core/Src/max7219.o
                                      0x87370 (size before relaxing)
 .debug_str     0x000000000008c8b5       0x76 ./Core/Src/rtc.o
                                      0x86dbe (size before relaxing)
 .debug_str     0x000000000008c92b       0x4b ./Core/Src/spi.o
                                      0x87030 (size before relaxing)
 .debug_str     0x000000000008c976       0x5a ./Core/Src/stm32f1xx_hal_msp.o
                                      0x86ed9 (size before relaxing)
 .debug_str     0x000000000008c9d0      0x133 ./Core/Src/stm32f1xx_it.o
                                      0x8718a (size before relaxing)