main.c:154:5:main	8	static
main.c:238:6:SystemClock_Config	88	static
main.c:281:6:read_settings_from_eeprom	48	static
main.c:322:6:reset_all_output	8	static
main.c:330:6:set_output_to	16	static
main.c:355:6:segment_display_int	16	static
main.c:369:6:segment_display_function_settings	16	static
main.c:379:6:segment_display_standby	8	static
main.c:443:6:segment_display_off	8	static
main.c:452:6:iot_send_inserted_credit	64	static
main.c:462:6:iot_send_mode	64	static
main.c:472:6:iot_send_status	56	static
main.c:482:6:HAL_TIM_PeriodElapsedCallback	104	static
main.c:611:6:disable_all_exti_it	8	static
main.c:617:6:enable_all_exti_it	8	static
main.c:627:9:decodeSwithPin	16	static
main.c:649:6:HAL_GPIO_EXTI_Callback	208	static
main.c:792:6:isButtonBusy	4	static
main.c:802:6:eeprom_write	16	static
main.c:843:6:set_add_duration_of_function	16	static
main.c:880:6:set_substract_duration_of_function	16	static
main.c:916:6:add_coin_credit	88	static
main.c:944:6:add_bank_note_credit	128	static
main.c:976:6:logic_runner	8	static
main.c:1026:6:serial_display_credit	48	static
main.c:1031:6:stop_and_clear_tim1	8	static
main.c:1036:6:HAL_TIM_IC_CaptureCallback	56	static
main.c:1124:6:Error_Handler	4	static
