main.c:151:5:main	8	static
main.c:232:6:SystemClock_Config	88	static
main.c:275:6:read_settings_from_eeprom	48	static
main.c:309:6:reset_all_output	8	static
main.c:317:6:set_output_to	16	static
main.c:342:6:segment_display_int	16	static
main.c:353:6:segment_display_function_settings	16	static
main.c:363:6:segment_display_standby	8	static
main.c:427:6:segment_display_off	8	static
main.c:435:6:iot_send_credit	48	static
main.c:444:6:iot_send_current_credit	48	static
main.c:453:6:iot_send_mode	48	static
main.c:462:6:HAL_TIM_PeriodElapsedCallback	104	static
main.c:585:6:disable_all_exti_it	8	static
main.c:591:6:enable_all_exti_it	8	static
main.c:601:6:HAL_GPIO_EXTI_Callback	208	static
main.c:726:6:eeprom_write	16	static
main.c:767:6:set_add_duration_of_function	16	static
main.c:804:6:set_substract_duration_of_function	16	static
main.c:840:6:add_coin_credit	88	static
main.c:866:6:add_bank_note_credit	128	static
main.c:896:6:logic_runner	8	static
main.c:948:6:serial_display_credit	48	static
main.c:953:6:stop_and_clear_tim1	8	static
main.c:958:6:HAL_TIM_IC_CaptureCallback	56	static
main.c:1064:6:Error_Handler	4	static
