main.c:150:5:main	8	static
main.c:226:6:SystemClock_Config	88	static
main.c:269:6:read_settings_from_eeprom	48	static
main.c:309:6:reset_all_output	8	static
main.c:317:6:set_output_to	16	static
main.c:342:6:segment_display_int	16	static
main.c:353:6:segment_display_function_settings	16	static
main.c:363:6:segment_display_standby	8	static
main.c:427:6:segment_display_off	8	static
main.c:436:6:iot_send_inserted_credit	64	static
main.c:446:6:iot_send_mode	64	static
main.c:456:6:iot_send_status	56	static
main.c:466:6:HAL_TIM_PeriodElapsedCallback	104	static
main.c:595:6:disable_all_exti_it	8	static
main.c:601:6:enable_all_exti_it	8	static
main.c:611:6:HAL_GPIO_EXTI_Callback	208	static
main.c:737:6:eeprom_write	16	static
main.c:778:6:set_add_duration_of_function	16	static
main.c:815:6:set_substract_duration_of_function	16	static
main.c:851:6:add_coin_credit	88	static
main.c:878:6:add_bank_note_credit	128	static
main.c:909:6:logic_runner	8	static
main.c:963:6:serial_display_credit	48	static
main.c:968:6:stop_and_clear_tim1	8	static
main.c:973:6:HAL_TIM_IC_CaptureCallback	56	static
main.c:1063:6:Error_Handler	4	static
