main.c:152:5:main	8	static
main.c:233:6:SystemClock_Config	88	static
main.c:276:6:read_settings_from_eeprom	48	static
main.c:315:6:reset_all_output	8	static
main.c:323:6:set_output_to	16	static
main.c:348:6:segment_display_int	16	static
main.c:359:6:segment_display_function_settings	16	static
main.c:369:6:segment_display_standby	8	static
main.c:433:6:segment_display_off	8	static
main.c:442:6:iot_send_inserted_credit	64	static
main.c:452:6:iot_send_mode	64	static
main.c:462:6:iot_send_status	56	static
main.c:472:6:HAL_TIM_PeriodElapsedCallback	104	static
main.c:601:6:disable_all_exti_it	8	static
main.c:607:6:enable_all_exti_it	8	static
main.c:617:6:HAL_GPIO_EXTI_Callback	208	static
main.c:742:6:eeprom_write	16	static
main.c:783:6:set_add_duration_of_function	16	static
main.c:820:6:set_substract_duration_of_function	16	static
main.c:856:6:add_coin_credit	88	static
main.c:882:6:add_bank_note_credit	128	static
main.c:912:6:logic_runner	8	static
main.c:965:6:serial_display_credit	48	static
main.c:970:6:stop_and_clear_tim1	8	static
main.c:975:6:HAL_TIM_IC_CaptureCallback	56	static
main.c:1081:6:Error_Handler	4	static
