max7219.c:45:6:max7219_Init	16	static
max7219.c:53:6:max7219_SetIntensivity	16	static
max7219.c:63:6:max7219_Clean	16	static
max7219.c:78:6:max7219_SendData	16	static
max7219.c:86:6:max7219_Turn_On	8	static
max7219.c:91:6:max7219_Turn_Off	8	static
max7219.c:96:6:max7219_Decode_On	8	static
max7219.c:102:6:max7219_Decode_Off	8	static
max7219.c:108:6:max7219_PrintDigit	16	static
max7219.c:139:16:max7219_PrintItos	24	static
max7219.c:186:16:max7219_PrintNtos	24	static
max7219.c:211:16:max7219_PrintFtos	24	static
max7219.c:245:17:getSymbol	16	static
max7219.c:250:17:lcdPow10	24	static
